
Discarded input sections

 .data          0x0000000000000000        0x0 arch/arm/cpu/armv8/start.o
 .bss           0x0000000000000000        0x0 arch/arm/cpu/armv8/start.o
 .text.sdelay   0x0000000000000000        0xc arch/arm/cpu/armv8/built-in.o
 .text.timer_read_counter
                0x0000000000000000        0xc arch/arm/cpu/armv8/built-in.o
 .text.usec2ticks
                0x0000000000000000       0x44 arch/arm/cpu/armv8/built-in.o
 .text.timer_get_boot_us
                0x0000000000000000       0x28 arch/arm/cpu/armv8/built-in.o
 .text.count_required_pts
                0x0000000000000000       0xf8 arch/arm/cpu/armv8/built-in.o
 .text.get_page_table_size
                0x0000000000000000       0x48 arch/arm/cpu/armv8/built-in.o
 .text.arch_get_page_table
                0x0000000000000000       0x20 arch/arm/cpu/armv8/built-in.o
 .text.mmu_change_region_attr
                0x0000000000000000       0xe8 arch/arm/cpu/armv8/built-in.o
 .text.icache_status
                0x0000000000000000       0x34 arch/arm/cpu/armv8/built-in.o
 .text.psci_system_reset
                0x0000000000000000       0x20 arch/arm/cpu/armv8/built-in.o
 .text.psci_system_off
                0x0000000000000000       0x20 arch/arm/cpu/armv8/built-in.o
 .rodata.arch_get_page_table.str1.1
                0x0000000000000000       0x1e arch/arm/cpu/armv8/built-in.o
 .eh_frame      0x0000000000000000       0x3c arch/arm/cpu/armv8/built-in.o
 .data          0x0000000000000000        0x0 arch/arm/cpu/armv8/built-in.o
 .bss           0x0000000000000000        0x0 arch/arm/cpu/armv8/built-in.o
 .text.setup_board_tags
                0x0000000000000000        0x4 arch/arm/lib/built-in.o
 .text.armv7_boot_nonsec_default
                0x0000000000000000        0x8 arch/arm/lib/built-in.o
 .text.reset_misc
                0x0000000000000000        0x4 arch/arm/lib/built-in.o
 .text.enable_caches
                0x0000000000000000        0xc arch/arm/lib/built-in.o
 .text.invalidate_dcache_range
                0x0000000000000000        0x4 arch/arm/lib/built-in.o
 .text.flush_dcache_range
                0x0000000000000000        0x4 arch/arm/lib/built-in.o
 .text.flush_dcache_all
                0x0000000000000000        0xc arch/arm/lib/built-in.o
 .text.check_cache_range
                0x0000000000000000       0x40 arch/arm/lib/built-in.o
 .text.fdt_psci
                0x0000000000000000        0x8 arch/arm/lib/built-in.o
 .rodata.check_cache_range.str1.1
                0x0000000000000000       0x35 arch/arm/lib/built-in.o
 .rodata.enable_caches.str1.1
                0x0000000000000000       0x1d arch/arm/lib/built-in.o
 .data          0x0000000000000000        0x0 arch/arm/lib/built-in.o
 .__efi_runtime_rel_start
                0x0000000000000000        0x0 arch/arm/lib/built-in.o
 .__efi_runtime_rel_stop
                0x0000000000000000        0x0 arch/arm/lib/built-in.o
 .__efi_runtime_start
                0x0000000000000000        0x0 arch/arm/lib/built-in.o
 .__efi_runtime_stop
                0x0000000000000000        0x0 arch/arm/lib/built-in.o
 .__end         0x0000000000000000        0x0 arch/arm/lib/built-in.o
 .__secure_end  0x0000000000000000        0x0 arch/arm/lib/built-in.o
 .__secure_stack_end
                0x0000000000000000        0x0 arch/arm/lib/built-in.o
 .__secure_stack_start
                0x0000000000000000        0x0 arch/arm/lib/built-in.o
 .__secure_start
                0x0000000000000000        0x0 arch/arm/lib/built-in.o
 .bss           0x0000000000000000        0x0 arch/arm/lib/built-in.o
 .text          0x0000000000000000        0x0 arch/arm/mach-zynqmp/built-in.o
 .text.zynqmp_get_system_timer_freq
                0x0000000000000000       0x2c arch/arm/mach-zynqmp/built-in.o
 .text.zynqmp_get_silicon_version
                0x0000000000000000       0x64 arch/arm/mach-zynqmp/built-in.o
 .data          0x0000000000000000        0x0 arch/arm/mach-zynqmp/built-in.o
 .bss           0x0000000000000000        0x0 arch/arm/mach-zynqmp/built-in.o
 .text          0x0000000000000000        0x0 board/xilinx/zynqmp/built-in.o
 .text.board_early_init_r
                0x0000000000000000       0x78 board/xilinx/zynqmp/built-in.o
 .data          0x0000000000000000        0x0 board/xilinx/zynqmp/built-in.o
 .bss           0x0000000000000000        0x0 board/xilinx/zynqmp/built-in.o
 .text          0x0000000000000000        0x0 cmd/built-in.o
 .text.do_go_exec
                0x0000000000000000       0x10 cmd/built-in.o
 .text.soc_clk_dump
                0x0000000000000000       0xdc cmd/built-in.o
 .text.name_to_gpio
                0x0000000000000000       0x1c cmd/built-in.o
 .text.i2c_init_board
                0x0000000000000000        0x4 cmd/built-in.o
 .rodata.soc_clk_dump.str1.1
                0x0000000000000000       0x24 cmd/built-in.o
 .data          0x0000000000000000        0x0 cmd/built-in.o
 .bss           0x0000000000000000        0x0 cmd/built-in.o
[...]
Memory Configuration

Name             Origin             Length             Attributes
*default*        0x0000000000000000 0xffffffffffffffff

Linker script and memory map

Address of section .text set to 0x8000000
                0x0000000000000000                . = 0x0
                0x0000000000000000                . = ALIGN (0x8)

.text           0x0000000008000000      0x150
 *(.__image_copy_start)
 .__image_copy_start
                0x0000000008000000        0x0 arch/arm/lib/built-in.o
                0x0000000008000000                __image_copy_start
 arch/arm/cpu/armv8/start.o(.text*)
 .text          0x0000000008000000      0x150 arch/arm/cpu/armv8/start.o
                0x0000000008000000                _start
                0x0000000008000008                _TEXT_BASE
                0x0000000008000010                _end_ofs
                0x0000000008000018                _bss_start_ofs
                0x0000000008000020                _bss_end_ofs
                0x000000000800002c                save_boot_params_ret
                0x0000000008000094                apply_core_errata
                0x00000000080000d0                lowlevel_init
                0x00000000080000f0                smp_kick_all_cpus
                0x00000000080000fc                c_runtime_cpu_setup
                0x0000000008000134                save_boot_params

.efi_runtime    0x0000000008000150      0x9e8
                0x0000000008000150                __efi_runtime_start = .
 *(.text.efi_runtime*)
 .text.efi_runtime
                0x0000000008000150       0x58 arch/arm/cpu/armv8/built-in.o
                0x0000000008000150                __arm_smccc_smc
                0x000000000800017c                __arm_smccc_hvc
 .text.efi_runtime
                0x00000000080001a8       0xd4 drivers/built-in.o
                0x00000000080001a8                invoke_psci_fn
                0x0000000008000224                efi_reset_system
 .text.efi_runtime
                0x000000000800027c      0x16c lib/built-in.o
                0x0000000008000280                efi_get_time
                0x00000000080002a4                efi_update_capsule
                0x00000000080002ac                efi_query_capsule_caps
                0x00000000080002b4                efi_query_variable_info
                0x00000000080002bc                efi_update_table_header_crc32
                0x00000000080002f0                crc32_no_comp
                0x00000000080003cc                crc32
 .text.efi_runtime_relocate
                0x00000000080003e8      0x12c lib/built-in.o
                0x00000000080003e8                efi_runtime_relocate
 *(.rodata.efi_runtime*)
 *fill*         0x0000000008000514        0x4 
 .rodata.efi_runtime_detach_list
                0x0000000008000518       0xa0 lib/built-in.o
 .rodata.efi_runtime_relocate.str1.1
                0x00000000080005b8       0x4e lib/built-in.o
 *(.data.efi_runtime*)
 *fill*         0x0000000008000606        0x2 
 .data.efi_runtime
                0x0000000008000608        0x4 drivers/built-in.o
                0x0000000008000608                psci_method
 *fill*         0x000000000800060c        0x4 
 .data.efi_runtime
                0x0000000008000610      0x518 lib/built-in.o
                0x0000000008000610                systab
                0x00000000080006a0                efi_runtime_services
 .data.efi_runtime_mmio
                0x0000000008000b28       0x10 lib/built-in.o
                0x0000000008000b28                efi_runtime_mmio
                0x0000000008000b38                __efi_runtime_stop = .

.text_rest      0x0000000008001000    0x7358c
 *(.text*)
 .text          0x0000000008001000      0x390 arch/arm/cpu/armv8/built-in.o
                0x0000000008001000                vectors
 .text.cleanup_before_linux
                0x0000000008001390       0x28 arch/arm/cpu/armv8/built-in.o
                0x0000000008001390                cleanup_before_linux
 .text.get_tbclk
                0x00000000080013b8        0x8 arch/arm/cpu/armv8/built-in.o
                0x00000000080013b8                get_tbclk
 .text.get_ticks
                0x00000000080013c0       0x10 arch/arm/cpu/armv8/built-in.o
                0x00000000080013c0                get_ticks
 .text.create_table
                0x00000000080013d0       0x70 arch/arm/cpu/armv8/built-in.o
 .text.split_block
                0x0000000008001440       0x9c arch/arm/cpu/armv8/built-in.o
 .text.get_tcr  0x00000000080014dc       0xe4 arch/arm/cpu/armv8/built-in.o
                0x00000000080014dc                get_tcr
 .text.find_pte
                0x00000000080015c0       0x9c arch/arm/cpu/armv8/built-in.o
 .text.set_one_region
                0x000000000800165c       0xd8 arch/arm/cpu/armv8/built-in.o
 .text.setup_pgtables
                0x0000000008001734      0x178 arch/arm/cpu/armv8/built-in.o
                0x0000000008001734                setup_pgtables
 .text.mmu_setup
                0x00000000080018ac      0x13c arch/arm/cpu/armv8/built-in.o
                0x00000000080018ac                mmu_setup
 .text.invalidate_dcache_all
                0x00000000080019e8       0x14 arch/arm/cpu/armv8/built-in.o
                0x00000000080019e8                invalidate_dcache_all
 .text.flush_dcache_all
                0x00000000080019fc       0x14 arch/arm/cpu/armv8/built-in.o
                0x00000000080019fc                flush_dcache_all
 .text.invalidate_dcache_range
                0x0000000008001a10        0x4 arch/arm/cpu/armv8/built-in.o
                0x0000000008001a10                invalidate_dcache_range
 .text.flush_dcache_range
                0x0000000008001a14        0x4 arch/arm/cpu/armv8/built-in.o
                0x0000000008001a14                flush_dcache_range
 .text.dcache_enable
                0x0000000008001a18      0x110 arch/arm/cpu/armv8/built-in.o
                0x0000000008001a18                dcache_enable
 .text.dcache_disable
                0x0000000008001b28       0x84 arch/arm/cpu/armv8/built-in.o
                0x0000000008001b28                dcache_disable
 .text.dcache_status
                0x0000000008001bac       0x34 arch/arm/cpu/armv8/built-in.o
                0x0000000008001bac                dcache_status
 .text.mmu_set_region_dcache_behaviour
                0x0000000008001be0       0xa8 arch/arm/cpu/armv8/built-in.o
                0x0000000008001be0                mmu_set_region_dcache_behaviour
 .text.icache_disable
                0x0000000008001c88       0x64 arch/arm/cpu/armv8/built-in.o
                0x0000000008001c88                icache_disable
 .text.invalidate_icache_all
                0x0000000008001cec       0x14 arch/arm/cpu/armv8/built-in.o
                0x0000000008001cec                invalidate_icache_all
 .text.icache_enable
                0x0000000008001d00       0x74 arch/arm/cpu/armv8/built-in.o
                0x0000000008001d00                icache_enable
 .text.enable_caches
                0x0000000008001d74       0x14 arch/arm/cpu/armv8/built-in.o
                0x0000000008001d74                enable_caches
 .text.__asm_dcache_level
                0x0000000008001d88       0x64 arch/arm/cpu/armv8/built-in.o
                0x0000000008001d88                __asm_dcache_level
 .text.__asm_dcache_all
                0x0000000008001dec       0x60 arch/arm/cpu/armv8/built-in.o
                0x0000000008001dec                __asm_dcache_all
 .text.__asm_flush_dcache_all
                0x0000000008001e4c        0x8 arch/arm/cpu/armv8/built-in.o
                0x0000000008001e4c                __asm_flush_dcache_all
 .text.__asm_invalidate_dcache_all
                0x0000000008001e54        0x8 arch/arm/cpu/armv8/built-in.o
                0x0000000008001e54                __asm_invalidate_dcache_all
 .text.__asm_flush_dcache_range
                0x0000000008001e5c       0x34 arch/arm/cpu/armv8/built-in.o
                0x0000000008001e5c                __asm_flush_dcache_range
 .text.__asm_invalidate_dcache_range
                0x0000000008001e90       0x30 arch/arm/cpu/armv8/built-in.o
                0x0000000008001e90                __asm_invalidate_dcache_range
 .text.__asm_invalidate_icache_all
                0x0000000008001ec0        0xc arch/arm/cpu/armv8/built-in.o
                0x0000000008001ec0                __asm_invalidate_icache_all
 .text.__asm_invalidate_l3_dcache
                0x0000000008001ecc        0x8 arch/arm/cpu/armv8/built-in.o
                0x0000000008001ecc                __asm_invalidate_l3_dcache
 .text.__asm_flush_l3_dcache
                0x0000000008001ed4        0x8 arch/arm/cpu/armv8/built-in.o
                0x0000000008001ed4                __asm_flush_l3_dcache
 .text.__asm_invalidate_l3_icache
                0x0000000008001edc        0x8 arch/arm/cpu/armv8/built-in.o
                0x0000000008001edc                __asm_invalidate_l3_icache
 .text.__asm_switch_ttbr
                0x0000000008001ee4       0xe0 arch/arm/cpu/armv8/built-in.o
                0x0000000008001ee4                __asm_switch_ttbr
 .text.__asm_invalidate_tlb_all
                0x0000000008001fc4       0x4c arch/arm/cpu/armv8/built-in.o
                0x0000000008001fc4                __asm_invalidate_tlb_all
 .text.armv8_switch_to_el2
                0x0000000008002010       0xb8 arch/arm/cpu/armv8/built-in.o
                0x0000000008002010                armv8_switch_to_el2
 .text.armv8_switch_to_el1
                0x00000000080020c8       0xd0 arch/arm/cpu/armv8/built-in.o
                0x00000000080020c8                armv8_switch_to_el1
 .text.armv8_el2_to_aarch32
                0x0000000008002198        0x4 arch/arm/cpu/armv8/built-in.o
                0x0000000008002198                armv8_el2_to_aarch32
 .text.smc_call
                0x000000000800219c       0x44 arch/arm/cpu/armv8/built-in.o
                0x000000000800219c                smc_call
 .text          0x00000000080021e0      0x1d8 arch/arm/lib/built-in.o
                0x00000000080021e0                _main
                0x0000000008002260                relocate_code
                0x0000000008002320                gic_init_secure
                0x0000000008002364                gic_init_secure_percpu
                0x0000000008002388                gic_kick_secondary_cpus
                0x0000000008002398                gic_wait_for_interrupt
 .text.setjmp   0x00000000080023b8       0x28 arch/arm/lib/built-in.o
                0x00000000080023b8                setjmp
 .text.longjmp  0x00000000080023e0       0x2c arch/arm/lib/built-in.o
                0x00000000080023e0                longjmp
 .text.arch_fixup_fdt
                0x000000000800240c       0x4c arch/arm/lib/built-in.o
                0x000000000800240c                arch_fixup_fdt
 .text.boot_prep_linux
                0x0000000008002458       0x58 arch/arm/lib/built-in.o
 .text.arch_lmb_reserve
                0x00000000080024b0       0x6c arch/arm/lib/built-in.o
                0x00000000080024b0                arch_lmb_reserve
 .text.board_quiesce_devices
                0x000000000800251c        0x4 arch/arm/lib/built-in.o
                0x000000000800251c                board_quiesce_devices
 .text.update_os_arch_secondary_cores
                0x0000000008002520        0x4 arch/arm/lib/built-in.o
                0x0000000008002520                update_os_arch_secondary_cores
 .text.boot_jump_linux
                0x0000000008002524       0xc0 arch/arm/lib/built-in.o
 .text.do_bootm_linux
                0x00000000080025e4       0x74 arch/arm/lib/built-in.o
                0x00000000080025e4                do_bootm_linux
 .text.boot_prep_vxworks
                0x0000000008002658       0x54 arch/arm/lib/built-in.o
                0x0000000008002658                boot_prep_vxworks
 .text.boot_jump_vxworks
                0x00000000080026ac        0xc arch/arm/lib/built-in.o
                0x00000000080026ac                boot_jump_vxworks
 .text.booti_setup
                0x00000000080026b8       0xb8 arch/arm/lib/built-in.o
                0x00000000080026b8                booti_setup
 .text.arch_reserve_stacks
                0x0000000008002770       0x10 arch/arm/lib/built-in.o
                0x0000000008002770                arch_reserve_stacks
 .text.interrupt_init
                0x0000000008002780        0x8 arch/arm/lib/built-in.o
                0x0000000008002780                interrupt_init
 .text.enable_interrupts
                0x0000000008002788        0x4 arch/arm/lib/built-in.o
                0x0000000008002788                enable_interrupts
 .text.disable_interrupts
                0x000000000800278c        0x8 arch/arm/lib/built-in.o
                0x000000000800278c                disable_interrupts
 .text.show_regs
                0x0000000008002794       0x9c arch/arm/lib/built-in.o
                0x0000000008002794                show_regs
 .text.do_bad_sync
                0x0000000008002830       0x3c arch/arm/lib/built-in.o
                0x0000000008002830                do_bad_sync
 .text.do_bad_irq
                0x000000000800286c       0x3c arch/arm/lib/built-in.o
                0x000000000800286c                do_bad_irq
 .text.do_bad_fiq
                0x00000000080028a8       0x3c arch/arm/lib/built-in.o
                0x00000000080028a8                do_bad_fiq
 .text.do_bad_error
                0x00000000080028e4       0x3c arch/arm/lib/built-in.o
                0x00000000080028e4                do_bad_error
 .text.do_sync  0x0000000008002920       0x3c arch/arm/lib/built-in.o
                0x0000000008002920                do_sync
 .text.do_irq   0x000000000800295c       0x3c arch/arm/lib/built-in.o
                0x000000000800295c                do_irq
 .text.do_fiq   0x0000000008002998       0x3c arch/arm/lib/built-in.o
                0x0000000008002998                do_fiq
 .text.do_error
                0x00000000080029d4       0x3c arch/arm/lib/built-in.o
                0x00000000080029d4                do_error
 .text.do_reset
                0x0000000008002a10       0x38 arch/arm/lib/built-in.o
                0x0000000008002a10                do_reset
 .text.flush_cache
                0x0000000008002a48        0x8 arch/arm/lib/built-in.o
                0x0000000008002a48                flush_cache
 .text.set_cpu_clk_info
                0x0000000008002a50       0x48 arch/arm/mach-zynqmp/built-in.o
                0x0000000008002a50                set_cpu_clk_info
 .text.mem_map_fill
                0x0000000008002a98       0x90 arch/arm/mach-zynqmp/built-in.o
                0x0000000008002a98                mem_map_fill
 .text.get_page_table_size
                0x0000000008002b28        0xc arch/arm/mach-zynqmp/built-in.o
                0x0000000008002b28                get_page_table_size
 .text.tcm_init
                0x0000000008002b34       0x40 arch/arm/mach-zynqmp/built-in.o
                0x0000000008002b34                tcm_init
 .text.invoke_smc
                0x0000000008002b74       0x68 arch/arm/mach-zynqmp/built-in.o
                0x0000000008002b74                invoke_smc
 .text.zynqmp_pmufw_version
                0x0000000008002bdc       0x68 arch/arm/mach-zynqmp/built-in.o
                0x0000000008002bdc                zynqmp_pmufw_version
 .text.zynqmp_mmio_read
                0x0000000008002c44       0x78 arch/arm/mach-zynqmp/built-in.o
                0x0000000008002c44                zynqmp_mmio_read
 .text.zynqmp_mmio_write
                0x0000000008002cbc       0x88 arch/arm/mach-zynqmp/built-in.o
                0x0000000008002cbc                zynqmp_mmio_write
 .text.set_r5_tcm_mode
                0x0000000008002d44       0x3c arch/arm/mach-zynqmp/built-in.o
 .text.release_r5_reset
                0x0000000008002d80       0x34 arch/arm/mach-zynqmp/built-in.o
 .text.set_r5_start
                0x0000000008002db4       0x50 arch/arm/mach-zynqmp/built-in.o
 .text.enable_clock_r5
                0x0000000008002e04       0x24 arch/arm/mach-zynqmp/built-in.o
 .text.set_r5_halt_mode
                0x0000000008002e28       0x5c arch/arm/mach-zynqmp/built-in.o
 .text.write_tcm_boot_trampoline
                0x0000000008002e84       0x6c arch/arm/mach-zynqmp/built-in.o
 .text.is_core_valid
                0x0000000008002ef0        0xc arch/arm/mach-zynqmp/built-in.o
                0x0000000008002ef0                is_core_valid
 .text.cpu_reset
                0x0000000008002efc       0x20 arch/arm/mach-zynqmp/built-in.o
                0x0000000008002efc                cpu_reset
 .text.cpu_disable
                0x0000000008002f1c       0x54 arch/arm/mach-zynqmp/built-in.o
                0x0000000008002f1c                cpu_disable
 .text.cpu_status
                0x0000000008002f70       0xc0 arch/arm/mach-zynqmp/built-in.o
                0x0000000008002f70                cpu_status
 .text.initialize_tcm
                0x0000000008003030       0x50 arch/arm/mach-zynqmp/built-in.o
                0x0000000008003030                initialize_tcm
 .text.cpu_release
                0x0000000008003080      0x224 arch/arm/mach-zynqmp/built-in.o
                0x0000000008003080                cpu_release
 .text.chip_id  0x00000000080032a4       0xd0 board/xilinx/zynqmp/built-in.o
                0x00000000080032a4                chip_id
 .text.board_early_init_f
                0x0000000008003374       0x58 board/xilinx/zynqmp/built-in.o
                0x0000000008003374                board_early_init_f
 .text.board_init
                0x00000000080033cc      0x1d4 board/xilinx/zynqmp/built-in.o
                0x00000000080033cc                board_init
 .text.do_go_exec
                0x00000000080035a0       0x64 board/xilinx/zynqmp/built-in.o
                0x00000000080035a0                do_go_exec
 .text.dram_init_banksize
                0x0000000008003604       0x2c board/xilinx/zynqmp/built-in.o
                0x0000000008003604                dram_init_banksize
 .text.dram_init
                0x0000000008003630       0x20 board/xilinx/zynqmp/built-in.o
                0x0000000008003630                dram_init
 .text.reset_cpu
                0x0000000008003650        0x4 board/xilinx/zynqmp/built-in.o
                0x0000000008003650                reset_cpu
 .text.board_late_init
                0x0000000008003654      0x4f8 board/xilinx/zynqmp/built-in.o
                0x0000000008003654                board_late_init
 .text.checkboard
                0x0000000008003b4c       0x20 board/xilinx/zynqmp/built-in.o
                0x0000000008003b4c                checkboard
 .text.zynq_board_read_rom_ethaddr
                0x0000000008003b6c       0x60 board/xilinx/zynqmp/built-in.o
                0x0000000008003b6c                zynq_board_read_rom_ethaddr
 .text.zynqmp_dll_reset
                0x0000000008003bcc       0x60 board/xilinx/zynqmp/built-in.o
                0x0000000008003bcc                zynqmp_dll_reset
 .text.arasan_zynqmp_set_tapdelay
                0x0000000008003c2c      0x144 board/xilinx/zynqmp/built-in.o
                0x0000000008003c2c                arasan_zynqmp_set_tapdelay
 .text.do_zynqmp
                0x0000000008003d70       0x78 board/xilinx/zynqmp/built-in.o
 .text.do_zynqmp_tcm_init
                0x0000000008003de8       0x70 board/xilinx/zynqmp/built-in.o
 .text.do_zynqmp_aes
                0x0000000008003e58      0x1d0 board/xilinx/zynqmp/built-in.o
 .text.do_zynqmp_mmio_write
                0x0000000008004028       0x98 board/xilinx/zynqmp/built-in.o
 .text.do_zynqmp_mmio_read
                0x00000000080040c0       0x78 board/xilinx/zynqmp/built-in.o
 .text.do_zynqmp_verify_secure
                0x0000000008004138      0x150 board/xilinx/zynqmp/built-in.o
 .text.do_zynqmp_sha3
                0x0000000008004288      0x190 board/xilinx/zynqmp/built-in.o
 .text.do_zynqmp_rsa
                0x0000000008004418      0x1a0 board/xilinx/zynqmp/built-in.o
 .text.do_go    0x00000000080045b8       0x88 cmd/built-in.o
 .text.do_bootm
                0x0000000008004640      0x108 cmd/built-in.o
                0x0000000008004640                do_bootm
 .text.do_bootd
                0x0000000008004748       0x2c cmd/built-in.o
                0x0000000008004748                do_bootd
 .text.image_info
                0x0000000008004774      0x148 cmd/built-in.o
 .text.do_iminfo
                0x00000000080048bc       0x74 cmd/built-in.o
 .text.bootm_maybe_autostart
                0x0000000008004930       0x74 cmd/built-in.o
                0x0000000008004930                bootm_maybe_autostart
 .text.do_help  0x00000000080049a4       0x3c cmd/built-in.o
 .text.do_version
                0x00000000080049e0       0x40 cmd/built-in.o
 .text.blk_common_cmd
                0x0000000008004a20      0x32c cmd/built-in.o
                0x0000000008004a20                blk_common_cmd
 .text.source   0x0000000008004d4c      0x204 cmd/built-in.o
                0x0000000008004d4c                source
 .text.do_source
                0x0000000008004f50       0x78 cmd/built-in.o
 .text.print_num
                0x0000000008004fc8       0x18 cmd/built-in.o
 .text.do_bdinfo
                0x0000000008004fe0      0x170 cmd/built-in.o
 .text.do_blkcache
                0x0000000008005150       0x80 cmd/built-in.o
 .text.blkc_configure
                0x00000000080051d0       0x78 cmd/built-in.o
 .text.blkc_show
                0x0000000008005248       0x34 cmd/built-in.o
 .text.efi_do_enter
                0x000000000800527c       0x5c cmd/built-in.o
 .text.efi_install_fdt
                0x00000000080052d8      0x230 cmd/built-in.o
 .text.efi_run_in_el2
                0x0000000008005508       0x3c cmd/built-in.o
 .text.do_bootefi_exec
                0x0000000008005544      0x2a4 cmd/built-in.o
 .text.efi_init_obj_list
                0x00000000080057e8       0x78 cmd/built-in.o
                0x00000000080057e8                efi_init_obj_list
 .text.allow_unaligned
                0x0000000008005860        0x4 cmd/built-in.o
                0x0000000008005860                allow_unaligned
 .text.do_bootefi
                0x0000000008005864      0x160 cmd/built-in.o
 .text.efi_set_bootdev
                0x00000000080059c4       0x84 cmd/built-in.o
                0x00000000080059c4                efi_set_bootdev
 .text.do_booti
                0x0000000008005a48      0x110 cmd/built-in.o
                0x0000000008005a48                do_booti
 .text.do_clk   0x0000000008005b58       0x80 cmd/built-in.o
 .text.do_clk_dump
                0x0000000008005bd8       0x2c cmd/built-in.o
 .text.do_coninfo
                0x0000000008005c04       0xdc cmd/built-in.o
 .text.do_dm_dump_devres
                0x0000000008005ce0        0x8 cmd/built-in.o
 .text.do_dm    0x0000000008005ce8       0x94 cmd/built-in.o
 .text.do_dm_dump_uclass
                0x0000000008005d7c       0x18 cmd/built-in.o
 .text.do_dm_dump_all
                0x0000000008005d94       0x18 cmd/built-in.o
 .text.do_echo  0x0000000008005dac       0xd8 cmd/built-in.o
 .text.load_elf_image_phdr
                0x0000000008005e84      0x120 cmd/built-in.o
 .text.valid_elf_image
                0x0000000008005fa4       0x58 cmd/built-in.o
                0x0000000008005fa4                valid_elf_image
 .text.do_bootelf
                0x0000000008005ffc      0x290 cmd/built-in.o
                0x0000000008005ffc                do_bootelf
 .text.do_bootvx
                0x000000000800628c      0x334 cmd/built-in.o
                0x000000000800628c                do_bootvx
 .text.do_exit  0x00000000080065c0       0x40 cmd/built-in.o
 .text.do_ext4_size
                0x0000000008006600        0x8 cmd/built-in.o
                0x0000000008006600                do_ext4_size
 .text.do_ext4_load
                0x0000000008006608        0x8 cmd/built-in.o
                0x0000000008006608                do_ext4_load
 .text.do_ext4_ls
                0x0000000008006610        0x8 cmd/built-in.o
                0x0000000008006610                do_ext4_ls
 .text.do_ext4_write
                0x0000000008006618        0x8 cmd/built-in.o
                0x0000000008006618                do_ext4_write
 .text.do_ext2load
                0x0000000008006620        0x8 cmd/built-in.o
                0x0000000008006620                do_ext2load
 .text.do_ext2ls
                0x0000000008006628        0x8 cmd/built-in.o
 .text.do_fat_size
                0x0000000008006630        0x8 cmd/built-in.o
                0x0000000008006630                do_fat_size
 .text.do_fat_fsload
                0x0000000008006638        0x8 cmd/built-in.o
                0x0000000008006638                do_fat_fsload
 .text.do_fat_ls
                0x0000000008006640        0x8 cmd/built-in.o
 .text.do_fat_fswrite
                0x0000000008006648      0x148 cmd/built-in.o
 .text.do_fat_rm
                0x0000000008006790        0x8 cmd/built-in.o
 .text.do_fat_mkdir
                0x0000000008006798        0x8 cmd/built-in.o
 .text.do_fat_fsinfo
                0x00000000080067a0       0x94 cmd/built-in.o
 .text.fdt_valid
                0x0000000008006834       0xcc cmd/built-in.o
 .text.is_printable_string
                0x0000000008006900       0x80 cmd/built-in.o
 .text.print_data
                0x0000000008006980      0x1b8 cmd/built-in.o
 .text.set_working_fdt_addr
                0x0000000008006b38       0x18 cmd/built-in.o
                0x0000000008006b38                set_working_fdt_addr
 .text.do_fdt   0x0000000008006b50      0xf7c cmd/built-in.o
 .text.do_fpga_wrapper
                0x0000000008007acc       0x94 cmd/built-in.o
 .text.do_fpga_get_device
                0x0000000008007b60       0x64 cmd/built-in.o
 .text.do_fpga_info
                0x0000000008007bc4       0x18 cmd/built-in.o
 .text.do_fpga_check_params.isra.1
                0x0000000008007bdc       0x88 cmd/built-in.o
 .text.do_fpga_loads
                0x0000000008007c64       0xf4 cmd/built-in.o
                0x0000000008007c64                do_fpga_loads
 .text.do_fpga_loadbp
                0x0000000008007d58       0x48 cmd/built-in.o
 .text.do_fpga_loadb
                0x0000000008007da0       0x48 cmd/built-in.o
 .text.do_fpga_loadp
                0x0000000008007de8       0x48 cmd/built-in.o
 .text.do_fpga_load
                0x0000000008007e30       0x48 cmd/built-in.o
 .text.do_fpga_dump
                0x0000000008007e78       0x44 cmd/built-in.o
 .text.do_size_wrapper
                0x0000000008007ebc        0x8 cmd/built-in.o
 .text.do_load_wrapper
                0x0000000008007ec4       0x80 cmd/built-in.o
 .text.do_save_wrapper
                0x0000000008007f44        0x8 cmd/built-in.o
 .text.do_ls_wrapper
                0x0000000008007f4c        0x8 cmd/built-in.o
 .text.do_fstype_wrapper
                0x0000000008007f54        0x4 cmd/built-in.o
 .text.gpio_get_description
                0x0000000008007f58       0xc8 cmd/built-in.o
 .text.do_gpio  0x0000000008008020      0x35c cmd/built-in.o
 .text.do_i2c   0x000000000800837c       0x80 cmd/built-in.o
 .text.i2c_get_cur_bus
                0x00000000080083fc       0x38 cmd/built-in.o
 .text.do_i2c_bus_speed
                0x0000000008008434       0xb0 cmd/built-in.o
 .text.do_i2c_reset
                0x00000000080084e4       0x38 cmd/built-in.o
 .text.i2c_get_cur_bus_chip
                0x000000000800851c       0x40 cmd/built-in.o
 .text.do_i2c_olen
                0x000000000800855c       0xb8 cmd/built-in.o
 .text.do_i2c_flags
                0x0000000008008614       0xcc cmd/built-in.o
 .text.do_i2c_probe
                0x00000000080086e0       0xcc cmd/built-in.o
 .text.do_i2c_bus_num
                0x00000000080087ac       0xb4 cmd/built-in.o
 .text.show_bus
                0x0000000008008860       0x98 cmd/built-in.o
 .text.do_i2c_show_bus
                0x00000000080088f8       0xc0 cmd/built-in.o
 .text.get_alen.constprop.4
                0x00000000080089b8       0x38 cmd/built-in.o
 .text.do_i2c_crc
                0x00000000080089f0      0x180 cmd/built-in.o
 .text.mod_i2c_mem.isra.1
                0x0000000008008b70      0x24c cmd/built-in.o
 .text.do_i2c_nm
                0x0000000008008dbc        0x8 cmd/built-in.o
 .text.do_i2c_mm
                0x0000000008008dc4        0x8 cmd/built-in.o
 .text.do_i2c_md
                0x0000000008008dcc      0x234 cmd/built-in.o
 .text.do_i2c_read
                0x0000000008009000      0x104 cmd/built-in.o
 .text.do_i2c_mw
                0x0000000008009104      0x148 cmd/built-in.o
 .text.do_i2c_write
                0x000000000800924c      0x1c8 cmd/built-in.o
 .text.do_i2c_loop
                0x0000000008009414      0x150 cmd/built-in.o
 .text.evalexp  0x0000000008009564       0x94 cmd/built-in.o
 .text.evalstr  0x00000000080095f8       0x5c cmd/built-in.o
 .text.binary_test
                0x0000000008009654      0x1ac cmd/built-in.o
 .text.do_itest
                0x0000000008009800       0x90 cmd/built-in.o
 .text.show_led_state
                0x0000000008009890       0x50 cmd/built-in.o
 .text.get_led_cmd
                0x00000000080098e0       0x68 cmd/built-in.o
                0x00000000080098e0                get_led_cmd
 .text.do_led   0x0000000008009948      0x158 cmd/built-in.o
                0x0000000008009948                do_led
 .text.bin_data_init
                0x0000000008009aa0       0x1c cmd/built-in.o
 .text.k_data_save
                0x0000000008009abc       0x34 cmd/built-in.o
 .text.k_data_restore
                0x0000000008009af0       0x34 cmd/built-in.o
 .text.getcxmodem
                0x0000000008009b24       0x24 cmd/built-in.o
 .text.load_serial_ymodem
                0x0000000008009b48       0xf0 cmd/built-in.o
 .text.bin_data_char
                0x0000000008009c38       0x28 cmd/built-in.o
 .text.chk1.constprop.2
                0x0000000008009c60       0x34 cmd/built-in.o
 .text.s1_sendpacket.constprop.3
                0x0000000008009c94       0x60 cmd/built-in.o
 .text.load_serial
                0x0000000008009cf4      0x1ec cmd/built-in.o
 .text.do_load_serial
                0x0000000008009ee0       0xe4 cmd/built-in.o
 .text.do_load_serial_bin
                0x0000000008009fc4      0x7dc cmd/built-in.o
 .text.do_mem_loop
                0x000000000800a7a0      0x144 cmd/built-in.o
 .text.do_mem_md
                0x000000000800a8e4       0xf4 cmd/built-in.o
 .text.do_mem_cmp
                0x000000000800a9d8      0x1a8 cmd/built-in.o
 .text.do_mem_base
                0x000000000800ab80       0x4c cmd/built-in.o
 .text.do_mem_mw
                0x000000000800abcc      0x108 cmd/built-in.o
 .text.do_mem_cp
                0x000000000800acd4       0xc0 cmd/built-in.o
 .text.do_mem_crc
                0x000000000800ad94       0x30 cmd/built-in.o
 .text.do_mem_mtest
                0x000000000800adc4      0x224 cmd/built-in.o
 .text.mod_mem.isra.0
                0x000000000800afe8      0x1c8 cmd/built-in.o
 .text.do_mem_mm
                0x000000000800b1b0        0x8 cmd/built-in.o
 .text.do_mem_nm
                0x000000000800b1b8        0x8 cmd/built-in.o
 .text.extract_range
                0x000000000800b1c0       0xf8 cmd/built-in.o
 .text.do_mii   0x000000000800b2b8      0x8dc cmd/built-in.o
 .text.do_mdio  0x000000000800bb94      0x4a4 cmd/built-in.o
 .text.do_sleep
                0x000000000800c038       0xe8 cmd/built-in.o
 .text.do_timer
                0x000000000800c120       0xac cmd/built-in.o
 .text.do_mmcops
                0x000000000800c1cc       0xd0 cmd/built-in.o
 .text.init_mmc_device
                0x000000000800c29c       0x64 cmd/built-in.o
 .text.do_mmc_rescan
                0x000000000800c300       0x28 cmd/built-in.o
 .text.do_mmc_rst_func
                0x000000000800c328       0xa8 cmd/built-in.o
 .text.do_mmc_boot_resize
                0x000000000800c3d0       0xe0 cmd/built-in.o
 .text.do_mmc_bootbus
                0x000000000800c4b0       0xc8 cmd/built-in.o
 .text.do_mmc_hwpartition
                0x000000000800c578      0x4f0 cmd/built-in.o
 .text.do_mmc_list
                0x000000000800ca68       0x1c cmd/built-in.o
 .text.do_mmc_dev
                0x000000000800ca84      0x14c cmd/built-in.o
 .text.do_mmc_erase
                0x000000000800cbd0      0x104 cmd/built-in.o
 .text.do_mmc_write
                0x000000000800ccd4      0x124 cmd/built-in.o
 .text.do_mmc_read
                0x000000000800cdf8       0xfc cmd/built-in.o
 .text.do_mmcinfo
                0x000000000800cef4      0x3bc cmd/built-in.o
 .text.do_mmc_partconf
                0x000000000800d2b0      0x110 cmd/built-in.o
 .text.do_mmc_setdsr
                0x000000000800d3c0       0xbc cmd/built-in.o
 .text.do_mmc_part
                0x000000000800d47c       0x64 cmd/built-in.o
 .text.cpu_cmd  0x000000000800d4e0      0x16c cmd/built-in.o
 .text.netboot_common
                0x000000000800d64c      0x318 cmd/built-in.o
 .text.do_bootp
                0x000000000800d964        0xc cmd/built-in.o
 .text.do_tftpput
                0x000000000800d970        0xc cmd/built-in.o
 .text.do_dhcp  0x000000000800d97c        0xc cmd/built-in.o
 .text.do_nfs   0x000000000800d988        0xc cmd/built-in.o
 .text.do_tftpb
                0x000000000800d994       0x58 cmd/built-in.o
                0x000000000800d994                do_tftpb
 .text.do_ping  0x000000000800d9ec       0x7c cmd/built-in.o
 .text.do_part_list
                0x000000000800da68      0x188 cmd/built-in.o
 .text.do_part_info
                0x000000000800dbf0      0x108 cmd/built-in.o
 .text.do_part  0x000000000800dcf8      0x110 cmd/built-in.o
 .text.eol_or_eof
                0x000000000800de08       0x24 cmd/built-in.o
 .text.do_pxe   0x000000000800de2c       0x8c cmd/built-in.o
 .text.label_print
                0x000000000800deb8       0x1c cmd/built-in.o
 .text.do_get_tftp
                0x000000000800ded4       0x3c cmd/built-in.o
 .text.from_env
                0x000000000800df10       0x3c cmd/built-in.o
 .text.get_string
                0x000000000800df4c       0xe0 cmd/built-in.o
 .text.label_destroy
                0x000000000800e02c       0x74 cmd/built-in.o
 .text.destroy_pxe_menu
                0x000000000800e0a0       0x68 cmd/built-in.o
 .text.get_token
                0x000000000800e108      0x12c cmd/built-in.o
 .text.parse_sliteral
                0x000000000800e234       0x6c cmd/built-in.o
 .text.parse_integer
                0x000000000800e2a0       0x84 cmd/built-in.o
 .text.do_get_any
                0x000000000800e324       0x44 cmd/built-in.o
 .text.do_get_fat
                0x000000000800e368       0x40 cmd/built-in.o
 .text.do_get_ext2
                0x000000000800e3a8       0x40 cmd/built-in.o
 .text.format_mac_pxe.constprop.6
                0x000000000800e3e8       0x6c cmd/built-in.o
 .text.get_relfile
                0x000000000800e454      0x138 cmd/built-in.o
 .text.get_pxe_file
                0x000000000800e58c       0x60 cmd/built-in.o
 .text.handle_include
                0x000000000800e5ec       0xc4 cmd/built-in.o
 .text.parse_pxefile_top
                0x000000000800e6b0      0x444 cmd/built-in.o
 .text.parse_pxefile
                0x000000000800eaf4       0x7c cmd/built-in.o
 .text.get_pxelinux_path
                0x000000000800eb70       0x98 cmd/built-in.o
 .text.do_pxe_get
                0x000000000800ec08      0x16c cmd/built-in.o
 .text.get_relfile_envaddr
                0x000000000800ed74       0x5c cmd/built-in.o
 .text.label_boot
                0x000000000800edd0      0x5f4 cmd/built-in.o
 .text.handle_pxe_menu
                0x000000000800f3c4      0x17c cmd/built-in.o
 .text.do_pxe_boot
                0x000000000800f540       0xf0 cmd/built-in.o
 .text.do_sysboot
                0x000000000800f630      0x1fc cmd/built-in.o
 .text.bytes_per_second
                0x000000000800f82c       0x4c cmd/built-in.o
 .text.do_spi_flash
                0x000000000800f878      0x7d0 cmd/built-in.o
 .text.do_scsiboot
                0x0000000008010048        0xc cmd/built-in.o
 .text.do_scsi  0x0000000008010054       0x94 cmd/built-in.o
 .text.common_diskboot
                0x00000000080100e8      0x2a4 cmd/built-in.o
                0x00000000080100e8                common_diskboot
 .text.substitute
                0x000000000801038c      0x118 cmd/built-in.o
 .text.get_arg  0x00000000080104a4       0x68 cmd/built-in.o
 .text.regex_sub.part.1
                0x000000000801050c      0x2c8 cmd/built-in.o
 .text.do_setexpr
                0x00000000080107d4      0x1a8 cmd/built-in.o
 .text.do_time  0x000000000801097c       0xc4 cmd/built-in.o
 .text.do_false
                0x0000000008010a40        0x8 cmd/built-in.o
 .text.do_true  0x0000000008010a48        0x8 cmd/built-in.o
 .text.do_test  0x0000000008010a50      0x358 cmd/built-in.o
 .text.do_unzip
                0x0000000008010da8       0xbc cmd/built-in.o
 .text.do_gzwrite
                0x0000000008010e64      0x118 cmd/built-in.o
 .text.do_lzmadec
                0x0000000008010f7c       0xbc cmd/built-in.o
 .text.usb_get_class_desc
                0x0000000008011038       0xc0 cmd/built-in.o
 .text.usb_display_class_sub
                0x00000000080110f8      0x18c cmd/built-in.o
 .text.usb_display_desc
                0x0000000008011284      0x144 cmd/built-in.o
 .text.usb_show_tree_graph
                0x00000000080113c8      0x234 cmd/built-in.o
 .text.usb_show_subtree
                0x00000000080115fc       0x38 cmd/built-in.o
 .text.usb_for_each_root_dev
                0x0000000008011634       0x68 cmd/built-in.o
 .text.usb_display_string
                0x000000000801169c       0x4c cmd/built-in.o
 .text.usb_display_config
                0x00000000080116e8      0x268 cmd/built-in.o
 .text.usb_show_info
                0x0000000008011950       0x78 cmd/built-in.o
 .text.usb_find_device
                0x00000000080119c8       0xb0 cmd/built-in.o
 .text.do_usbboot
                0x0000000008011a78        0xc cmd/built-in.o
 .text.do_usb_start
                0x0000000008011a84       0x30 cmd/built-in.o
 .text.usb_show_tree
                0x0000000008011ab4        0xc cmd/built-in.o
                0x0000000008011ab4                usb_show_tree
 .text.do_usb   0x0000000008011ac0      0x404 cmd/built-in.o
 .text.do_fastboot
                0x0000000008011ec4      0x1e4 cmd/built-in.o
 .text.do_thor_down
                0x00000000080120a8       0xdc cmd/built-in.o
                0x00000000080120a8                do_thor_down
 .text.do_imgextract
                0x0000000008012184      0x3bc cmd/built-in.o
 .text.do_dfu   0x0000000008012540       0x94 cmd/built-in.o
 .text.extract_val
                0x00000000080125d4       0xac cmd/built-in.o
 .text.extract_env
                0x0000000008012680       0xf8 cmd/built-in.o
 .text.set_gpt_info.isra.0.constprop.1
                0x0000000008012778      0x45c cmd/built-in.o
 .text.do_gpt   0x0000000008012bd4      0x2e8 cmd/built-in.o
 .text.do_env_delete
                0x0000000008012ebc       0xc0 cmd/built-in.o
 .text.do_env_exists
                0x0000000008012f7c       0x60 cmd/built-in.o
 .text.do_env_save
                0x0000000008012fdc       0x1c cmd/built-in.o
 .text.do_env   0x0000000008012ff8       0x80 cmd/built-in.o
 .text.env_print
                0x0000000008013078       0xc0 cmd/built-in.o
 .text.do_env_print
                0x0000000008013138       0xe0 cmd/built-in.o
 .text.do_env_import
                0x0000000008013218      0x2b4 cmd/built-in.o
 .text.do_env_default
                0x00000000080134cc       0xa4 cmd/built-in.o
 .text._do_env_set.isra.0
                0x0000000008013570      0x1bc cmd/built-in.o
 .text.do_env_set
                0x000000000801372c       0x20 cmd/built-in.o
 .text.get_env_id
                0x000000000801374c        0xc cmd/built-in.o
                0x000000000801374c                get_env_id
 .text.env_set  0x0000000008013758       0x58 cmd/built-in.o
                0x0000000008013758                env_set
 .text.env_set_ulong
                0x00000000080137b0       0x2c cmd/built-in.o
                0x00000000080137b0                env_set_ulong
 .text.env_set_hex
                0x00000000080137dc       0x3c cmd/built-in.o
                0x00000000080137dc                env_set_hex
 .text.do_env_export
                0x0000000008013818      0x218 cmd/built-in.o
 .text.eth_parse_enetaddr
                0x0000000008013a30       0x70 cmd/built-in.o
                0x0000000008013a30                eth_parse_enetaddr
 .text.envmatch
                0x0000000008013aa0       0x7c cmd/built-in.o
                0x0000000008013aa0                envmatch
 .text.env_get_f
                0x0000000008013b1c      0x100 cmd/built-in.o
                0x0000000008013b1c                env_get_f
 .text.env_get  0x0000000008013c1c       0x78 cmd/built-in.o
                0x0000000008013c1c                env_get
 .text.env_get_hex
                0x0000000008013c94       0x48 cmd/built-in.o
                0x0000000008013c94                env_get_hex
 .text.eth_env_get_enetaddr
                0x0000000008013cdc       0x6c cmd/built-in.o
                0x0000000008013cdc                eth_env_get_enetaddr
 .text.eth_env_set_enetaddr
                0x0000000008013d48       0x54 cmd/built-in.o
                0x0000000008013d48                eth_env_set_enetaddr
 .text.env_get_ulong
                0x0000000008013d9c       0x40 cmd/built-in.o
                0x0000000008013d9c                env_get_ulong
 .text.do_env_edit.part.3
                0x0000000008013ddc       0xb4 cmd/built-in.o
 .text.do_env_edit
                0x0000000008013e90       0x28 cmd/built-in.o
 .text.board_init_f_alloc_reserve
                0x0000000008013eb8       0x10 common/built-in.o
                0x0000000008013eb8                board_init_f_alloc_reserve
 .text.board_init_f_init_reserve
                0x0000000008013ec8       0x30 common/built-in.o
                0x0000000008013ec8                board_init_f_init_reserve
 .text.show_boot_progress
                0x0000000008013ef8        0x8 common/built-in.o
                0x0000000008013ef8                show_boot_progress
 .text.main_loop
                0x0000000008013f00       0x50 common/built-in.o
                0x0000000008013f00                main_loop
 .text.mdelay   0x0000000008013f50        0xc common/built-in.o
 .text.dummy    0x0000000008013f5c        0x4 common/built-in.o
 .text.get_version
                0x0000000008013f60        0x8 common/built-in.o
                0x0000000008013f60                get_version
 .text.jumptable_init
                0x0000000008013f68      0x1e8 common/built-in.o
                0x0000000008013f68                jumptable_init
 .text.hash_finish_crc32
                0x0000000008014150       0x38 common/built-in.o
 .text.hash_finish_crc16_ccitt
                0x0000000008014188       0x38 common/built-in.o
 .text.hash_update_crc32
                0x00000000080141c0       0x34 common/built-in.o
 .text.hash_init_crc32
                0x00000000080141f4       0x30 common/built-in.o
 .text.hash_init_crc16_ccitt
                0x0000000008014224       0x30 common/built-in.o
 .text.hash_update_crc16_ccitt
                0x0000000008014254       0x34 common/built-in.o
 .text.hash_finish_sha256
                0x0000000008014288       0x48 common/built-in.o
 .text.hash_update_sha256
                0x00000000080142d0       0x24 common/built-in.o
 .text.hash_init_sha256
                0x00000000080142f4       0x34 common/built-in.o
 .text.hash_finish_sha1
                0x0000000008014328       0x48 common/built-in.o
 .text.hash_update_sha1
                0x0000000008014370       0x24 common/built-in.o
 .text.hash_init_sha1
                0x0000000008014394       0x34 common/built-in.o
 .text.hash_lookup_algo
                0x00000000080143c8       0x78 common/built-in.o
                0x00000000080143c8                hash_lookup_algo
 .text.hash_command
                0x0000000008014440      0x1e0 common/built-in.o
                0x0000000008014440                hash_command
 .text.b_reset  0x0000000008014620       0x18 common/built-in.o
 .text.static_get
                0x0000000008014638       0x1c common/built-in.o
 .text.static_peek
                0x0000000008014654        0xc common/built-in.o
 .text.mapset   0x0000000008014660       0x20 common/built-in.o
 .text.syntax_err
                0x0000000008014680        0xc common/built-in.o
 .text.free_pipe_list
                0x000000000801468c       0xf0 common/built-in.o
 .text.xmalloc  0x000000000801477c       0x28 common/built-in.o
 .text.new_pipe
                0x00000000080147a4       0x24 common/built-in.o
 .text.xrealloc
                0x00000000080147c8       0x28 common/built-in.o
 .text.done_command
                0x00000000080147f0       0x94 common/built-in.o
 .text.done_pipe
                0x0000000008014884       0x58 common/built-in.o
 .text.done_word
                0x00000000080148dc      0x2ac common/built-in.o
 .text.is_assignment
                0x0000000008014b88       0x4c common/built-in.o
 .text.file_get
                0x0000000008014bd4      0x1f8 common/built-in.o
 .text.do_showvar
                0x0000000008014dcc      0x108 common/built-in.o
 .text.b_addchr
                0x0000000008014ed4       0x94 common/built-in.o
 .text.b_addqchr
                0x0000000008014f68       0x58 common/built-in.o
 .text.file_peek
                0x0000000008014fc0        0xc common/built-in.o
 .text.get_local_var
                0x0000000008014fcc       0x9c common/built-in.o
                0x0000000008014fcc                get_local_var
 .text.set_local_var
                0x0000000008015068      0x1a4 common/built-in.o
                0x0000000008015068                set_local_var
 .text.insert_var_value_sub
                0x000000000801520c      0x2c0 common/built-in.o
 .text.parse_string_outer
                0x00000000080154cc       0xec common/built-in.o
                0x00000000080154cc                parse_string_outer
 .text.run_list_real
                0x00000000080155b8      0x724 common/built-in.o
 .text.parse_stream_outer
                0x0000000008015cdc      0x67c common/built-in.o
 .text.parse_file_outer
                0x0000000008016358       0x40 common/built-in.o
                0x0000000008016358                parse_file_outer
 .text.u_boot_hush_start
                0x0000000008016398       0x58 common/built-in.o
                0x0000000008016398                u_boot_hush_start
 .text.bootdelay_process
                0x00000000080163f0       0xd0 common/built-in.o
                0x00000000080163f0                bootdelay_process
 .text.autoboot_command
                0x00000000080164c0      0x114 common/built-in.o
                0x00000000080164c0                autoboot_command
 .text.log_init
                0x00000000080165d4       0x10 common/built-in.o
 .text.display_text_info
                0x00000000080165e4        0x8 common/built-in.o
 .text.setup_mon_len
                0x00000000080165ec       0x20 common/built-in.o
 .text.arch_cpu_init
                0x000000000801660c        0x8 common/built-in.o
                0x000000000801660c                arch_cpu_init
 .text.reserve_round_4k
                0x0000000008016614       0x14 common/built-in.o
 .text.reserve_uboot
                0x0000000008016628       0x38 common/built-in.o
 .text.reserve_malloc
                0x0000000008016660       0x1c common/built-in.o
 .text.reserve_global_data
                0x000000000801667c       0x1c common/built-in.o
 .text.reserve_fdt
                0x0000000008016698       0x48 common/built-in.o
 .text.reserve_mmu
                0x00000000080166e0       0x4c common/built-in.o
                0x00000000080166e0                reserve_mmu
 .text.setup_reloc
                0x000000000801672c       0x44 common/built-in.o
 .text.reloc_fdt
                0x0000000008016770       0x44 common/built-in.o
 .text.reserve_board
                0x00000000080167b4       0x48 common/built-in.o
 .text.announce_dram_init
                0x00000000080167fc       0x20 common/built-in.o
 .text.init_baud_rate
                0x000000000801681c       0x30 common/built-in.o
 .text.initf_dm
                0x000000000801684c        0x8 common/built-in.o
 .text.initf_bootstage
                0x0000000008016854       0x1c common/built-in.o
 .text.arch_cpu_init_dm
                0x0000000008016870        0x8 common/built-in.o
                0x0000000008016870                arch_cpu_init_dm
 .text.setup_spl_handoff
                0x0000000008016878        0x8 common/built-in.o
 .text.mach_cpu_init
                0x0000000008016880        0x8 common/built-in.o
                0x0000000008016880                mach_cpu_init
 .text.reserve_video
                0x0000000008016888        0x8 common/built-in.o
 .text.reserve_trace
                0x0000000008016890        0x8 common/built-in.o
 .text.setup_machine
                0x0000000008016898        0x8 common/built-in.o
 .text.reserve_bootstage
                0x00000000080168a0        0x8 common/built-in.o
 .text.reserve_bloblist
                0x00000000080168a8        0x8 common/built-in.o
 .text.display_new_sp
                0x00000000080168b0        0x8 common/built-in.o
 .text.reloc_bootstage
                0x00000000080168b8        0x8 common/built-in.o
 .text.reloc_bloblist
                0x00000000080168c0        0x8 common/built-in.o
 .text.initf_console_record
                0x00000000080168c8        0x8 common/built-in.o
 .text.reserve_arch
                0x00000000080168d0        0x8 common/built-in.o
                0x00000000080168d0                reserve_arch
 .text.board_add_ram_info
                0x00000000080168d8        0x4 common/built-in.o
                0x00000000080168d8                board_add_ram_info
 .text.show_dram_config
                0x00000000080168dc       0x58 common/built-in.o
 .text.board_get_usable_ram_top
                0x0000000008016934        0x8 common/built-in.o
                0x0000000008016934                board_get_usable_ram_top
 .text.setup_dest_addr
                0x000000000801693c       0x44 common/built-in.o
 .text.reserve_stacks
                0x0000000008016980       0x1c common/built-in.o
 .text.board_init_f
                0x000000000801699c       0x2c common/built-in.o
                0x000000000801699c                board_init_f
 .text.initr_trace
                0x00000000080169c8        0x8 common/built-in.o
 .text.initr_reloc
                0x00000000080169d0       0x18 common/built-in.o
 .text.run_main_loop
                0x00000000080169e8       0x10 common/built-in.o
 .text.initr_net
                0x00000000080169f8       0x24 common/built-in.o
 .text.initr_ethaddr
                0x0000000008016a1c       0x28 common/built-in.o
 .text.initr_enable_interrupts
                0x0000000008016a44       0x18 common/built-in.o
 .text.initr_jumptable
                0x0000000008016a5c       0x18 common/built-in.o
 .text.initr_env
                0x0000000008016a74       0x74 common/built-in.o
 .text.initr_mmc
                0x0000000008016ae8       0x28 common/built-in.o
 .text.initr_serial
                0x0000000008016b10       0x18 common/built-in.o
 .text.initr_dm
                0x0000000008016b28       0x14 common/built-in.o
 .text.initr_bootstage
                0x0000000008016b3c       0x1c common/built-in.o
 .text.initr_malloc
                0x0000000008016b58       0x2c common/built-in.o
 .text.initr_reloc_global_data
                0x0000000008016b84       0x4c common/built-in.o
 .text.initr_caches
                0x0000000008016bd0       0x18 common/built-in.o
 .text.bootstage_relocate
                0x0000000008016be8        0x8 common/built-in.o
 .text.initr_barrier
                0x0000000008016bf0        0x8 common/built-in.o
 .text.initr_console_record
                0x0000000008016bf8        0x8 common/built-in.o
 .text.power_init_board
                0x0000000008016c00        0x8 common/built-in.o
                0x0000000008016c00                power_init_board
 .text.initr_announce
                0x0000000008016c08        0x8 common/built-in.o
 .text.cpu_secondary_init_r
                0x0000000008016c10        0x4 common/built-in.o
                0x0000000008016c10                cpu_secondary_init_r
 .text.initr_secondary_cpu
                0x0000000008016c14       0x18 common/built-in.o
 .text.board_init_r
                0x0000000008016c2c       0x24 common/built-in.o
                0x0000000008016c2c                board_init_r
 .text.show_board_info
                0x0000000008016c50       0x3c common/built-in.o
                0x0000000008016c50                show_board_info
 .text.bootm_find_images
                0x0000000008016c8c       0xf8 common/built-in.o
                0x0000000008016c8c                bootm_find_images
 .text.bootm_decomp_image
                0x0000000008016d84      0x1a8 common/built-in.o
                0x0000000008016d84                bootm_decomp_image
 .text.bootm_disable_interrupts
                0x0000000008016f2c       0x28 common/built-in.o
                0x0000000008016f2c                bootm_disable_interrupts
 .text.do_bootm_states
                0x0000000008016f54      0x90c common/built-in.o
                0x0000000008016f54                do_bootm_states
 .text.copy_args
                0x0000000008017860       0x74 common/built-in.o
 .text.do_bootm_rtems
                0x00000000080178d4       0x7c common/built-in.o
 .text.do_bootm_vxworks
                0x0000000008017950      0x154 common/built-in.o
                0x0000000008017950                do_bootm_vxworks
 .text.do_bootm_plan9
                0x0000000008017aa4       0xe4 common/built-in.o
 .text.do_bootm_standalone
                0x0000000008017b88       0x74 common/built-in.o
 .text.do_bootm_qnxelf
                0x0000000008017bfc       0xa8 common/built-in.o
 .text.do_bootm_netbsd
                0x0000000008017ca4      0x154 common/built-in.o
 .text.arch_preboot_os
                0x0000000008017df8        0x4 common/built-in.o
                0x0000000008017df8                arch_preboot_os
 .text.board_preboot_os
                0x0000000008017dfc        0x4 common/built-in.o
                0x0000000008017dfc                board_preboot_os
 .text.boot_selected_os
                0x0000000008017e00       0x7c common/built-in.o
                0x0000000008017e00                boot_selected_os
 .text.bootm_os_get_boot_func
                0x0000000008017e7c       0x10 common/built-in.o
                0x0000000008017e7c                bootm_os_get_boot_func
 .text.of_bus_default_map
                0x0000000008017e8c       0xa8 common/built-in.o
 .text.of_bus_default_translate
                0x0000000008017f34       0xb8 common/built-in.o
 .text.fdt_support_default_count_cells
                0x0000000008017fec       0x70 common/built-in.o
                0x0000000008017fec                fdt_support_default_count_cells
 .text.fdt_getprop_u32_default_node
                0x000000000801805c       0x4c common/built-in.o
                0x000000000801805c                fdt_getprop_u32_default_node
 .text.fdt_find_and_setprop
                0x00000000080180a8       0x94 common/built-in.o
                0x00000000080180a8                fdt_find_and_setprop
 .text.fdt_find_or_add_subnode
                0x000000000801813c       0x74 common/built-in.o
                0x000000000801813c                fdt_find_or_add_subnode
 .text.fdt_root
                0x00000000080181b0       0x98 common/built-in.o
                0x00000000080181b0                fdt_root
 .text.fdt_initrd
                0x0000000008018248      0x1b8 common/built-in.o
                0x0000000008018248                fdt_initrd
 .text.fdt_chosen
                0x0000000008018400       0xbc common/built-in.o
                0x0000000008018400                fdt_chosen
 .text.do_fixup_by_path
                0x00000000080184bc       0x4c common/built-in.o
                0x00000000080184bc                do_fixup_by_path
 .text.fdt_fixup_memory_banks
                0x0000000008018508      0x23c common/built-in.o
                0x0000000008018508                fdt_fixup_memory_banks
 .text.fdt_fixup_memory
                0x0000000008018744       0x2c common/built-in.o
                0x0000000008018744                fdt_fixup_memory
 .text.fdt_fixup_ethernet
                0x0000000008018770      0x1a8 common/built-in.o
                0x0000000008018770                fdt_fixup_ethernet
 .text.fdt_shrink_to_minimum
                0x0000000008018918       0xc8 common/built-in.o
                0x0000000008018918                fdt_shrink_to_minimum
 .text.fdt_translate_address
                0x00000000080189e0      0x290 common/built-in.o
                0x00000000080189e0                fdt_translate_address
 .text.miiphy_get_dev_by_name
                0x0000000008018c70       0x68 common/built-in.o
                0x0000000008018c70                miiphy_get_dev_by_name
 .text.miiphy_init
                0x0000000008018cd8       0x1c common/built-in.o
                0x0000000008018cd8                miiphy_init
 .text.mdio_alloc
                0x0000000008018cf4       0x3c common/built-in.o
                0x0000000008018cf4                mdio_alloc
 .text.mdio_free
                0x0000000008018d30        0x4 common/built-in.o
                0x0000000008018d30                mdio_free
 .text.mdio_register
                0x0000000008018d34       0x8c common/built-in.o
                0x0000000008018d34                mdio_register
 .text.mdio_register_seq
                0x0000000008018dc0       0x48 common/built-in.o
                0x0000000008018dc0                mdio_register_seq
 .text.mdio_unregister
                0x0000000008018e08       0x30 common/built-in.o
                0x0000000008018e08                mdio_unregister
 .text.mdio_list_devices
                0x0000000008018e38       0xc8 common/built-in.o
                0x0000000008018e38                mdio_list_devices
 .text.miiphy_set_current_dev
                0x0000000008018f00       0x48 common/built-in.o
                0x0000000008018f00                miiphy_set_current_dev
 .text.miiphy_get_active_dev
                0x0000000008018f48       0x60 common/built-in.o
 .text.mdio_get_current_dev
                0x0000000008018fa8        0xc common/built-in.o
                0x0000000008018fa8                mdio_get_current_dev
 .text.mdio_phydev_for_ethname
                0x0000000008018fb4       0xa0 common/built-in.o
                0x0000000008018fb4                mdio_phydev_for_ethname
 .text.miiphy_get_current_dev
                0x0000000008019054       0x18 common/built-in.o
                0x0000000008019054                miiphy_get_current_dev
 .text.miiphy_read
                0x000000000801906c       0x5c common/built-in.o
                0x000000000801906c                miiphy_read
 .text.miiphy_write
                0x00000000080190c8       0x5c common/built-in.o
                0x00000000080190c8                miiphy_write
 .text.miiphy_listdev
                0x0000000008019124       0x90 common/built-in.o
                0x0000000008019124                miiphy_listdev
 .text.miiphy_info
                0x00000000080191b4       0xa0 common/built-in.o
                0x00000000080191b4                miiphy_info
 .text.miiphy_is_1000base_x
                0x0000000008019254       0x40 common/built-in.o
                0x0000000008019254                miiphy_is_1000base_x
 .text.miiphy_speed
                0x0000000008019294      0x11c common/built-in.o
                0x0000000008019294                miiphy_speed
 .text.miiphy_duplex
                0x00000000080193b0      0x140 common/built-in.o
                0x00000000080193b0                miiphy_duplex
 .text.usb_set_maxpacket_ep
                0x00000000080194f0       0x84 common/built-in.o
 .text.usb_control_msg
                0x0000000008019574       0xa0 common/built-in.o
                0x0000000008019574                usb_control_msg
 .text.usb_get_descriptor
                0x0000000008019614       0x5c common/built-in.o
 .text.get_descriptor_len
                0x0000000008019670       0xa4 common/built-in.o
 .text.usb_setup_descriptor
                0x0000000008019714       0xec common/built-in.o
 .text.usb_get_string
                0x0000000008019800       0xa4 common/built-in.o
 .text.usb_string_sub
                0x00000000080198a4      0x114 common/built-in.o
 .text.usb_bulk_msg
                0x00000000080199b8       0x80 common/built-in.o
                0x00000000080199b8                usb_bulk_msg
 .text.usb_maxpacket
                0x0000000008019a38       0x1c common/built-in.o
                0x0000000008019a38                usb_maxpacket
 .text.usb_clear_halt
                0x0000000008019a54       0xa0 common/built-in.o
                0x0000000008019a54                usb_clear_halt
 .text.usb_get_configuration_len
                0x0000000008019af4       0x78 common/built-in.o
                0x0000000008019af4                usb_get_configuration_len
 .text.usb_get_configuration_no
                0x0000000008019b6c       0x40 common/built-in.o
                0x0000000008019b6c                usb_get_configuration_no
 .text.usb_set_interface
                0x0000000008019bac       0xbc common/built-in.o
                0x0000000008019bac                usb_set_interface
 .text.usb_string
                0x0000000008019c68      0x110 common/built-in.o
                0x0000000008019c68                usb_string
 .text.usb_select_config
                0x0000000008019d78      0x4a4 common/built-in.o
                0x0000000008019d78                usb_select_config
 .text.usb_setup_device
                0x000000000801a21c      0x114 common/built-in.o
                0x000000000801a21c                usb_setup_device
 .text.usb_device_has_child_on_port
                0x000000000801a330        0x8 common/built-in.o
                0x000000000801a330                usb_device_has_child_on_port
 .text.usb_set_port_feature
                0x000000000801a338       0x4c common/built-in.o
 .text.usb_clear_port_feature
                0x000000000801a384       0x4c common/built-in.o
 .text.usb_get_hub_descriptor
                0x000000000801a3d0       0x64 common/built-in.o
 .text.usb_hub_reset_devices
                0x000000000801a434        0x4 common/built-in.o
                0x000000000801a434                usb_hub_reset_devices
 .text.usb_hub_is_root_hub
                0x000000000801a438       0x20 common/built-in.o
                0x000000000801a438                usb_hub_is_root_hub
 .text.usb_get_port_status
                0x000000000801a458       0xc8 common/built-in.o
                0x000000000801a458                usb_get_port_status
 .text.usb_hub_port_connect_change
                0x000000000801a520      0x180 common/built-in.o
                0x000000000801a520                usb_hub_port_connect_change
 .text.usb_hub_configure
                0x000000000801a6a0      0x5a0 common/built-in.o
 .text.usb_hub_scan
                0x000000000801ac40       0x14 common/built-in.o
                0x000000000801ac40                usb_hub_scan
 .text.usb_hub_post_probe
                0x000000000801ac54        0x4 common/built-in.o
 .text.usb_stor_irq
                0x000000000801ac58       0x18 common/built-in.o
 .text.usb_stor_BBB_reset
                0x000000000801ac70       0xec common/built-in.o
 .text.usb_stor_CB_reset
                0x000000000801ad5c       0xd4 common/built-in.o
 .text.usb_stor_BBB_clear_endpt_stall.isra.0
                0x000000000801ae30       0x4c common/built-in.o
 .text.usb_stor_BBB_transport
                0x000000000801ae7c      0x244 common/built-in.o
 .text.usb_stor_CB_comdat
                0x000000000801b0c0      0x1ec common/built-in.o
 .text.usb_stor_CBI_get_status.isra.2
                0x000000000801b2ac       0xd0 common/built-in.o
 .text.usb_stor_CB_transport
                0x000000000801b37c      0x1f4 common/built-in.o
 .text.usb_request_sense.constprop.11
                0x000000000801b570       0x8c common/built-in.o
 .text.usb_stor_read
                0x000000000801b5fc      0x180 common/built-in.o
 .text.usb_stor_write
                0x000000000801b77c      0x180 common/built-in.o
 .text.usb_stor_info
                0x000000000801b8fc       0x88 common/built-in.o
                0x000000000801b8fc                usb_stor_info
 .text.usb_stor_reset
                0x000000000801b984        0xc common/built-in.o
                0x000000000801b984                usb_stor_reset
 .text.usb_stor_scan
                0x000000000801b990       0x4c common/built-in.o
                0x000000000801b990                usb_stor_scan
 .text.usb_storage_probe
                0x000000000801b9dc      0x268 common/built-in.o
                0x000000000801b9dc                usb_storage_probe
 .text.usb_stor_get_info
                0x000000000801bc44      0x2f0 common/built-in.o
                0x000000000801bc44                usb_stor_get_info
 .text.usb_mass_storage_probe
                0x000000000801bf34      0x18c common/built-in.o
 .text.menu_display_statusline
                0x000000000801c0c0        0x4 common/built-in.o
                0x000000000801c0c0                menu_display_statusline
 .text.menu_default_set
                0x000000000801c0c4       0x94 common/built-in.o
                0x000000000801c0c4                menu_default_set
 .text.menu_get_choice
                0x000000000801c158      0x1e4 common/built-in.o
                0x000000000801c158                menu_get_choice
 .text.menu_item_add
                0x000000000801c33c       0xd8 common/built-in.o
                0x000000000801c33c                menu_item_add
 .text.menu_create
                0x000000000801c414       0xa4 common/built-in.o
                0x000000000801c414                menu_create
 .text.menu_destroy
                0x000000000801c4b8       0x80 common/built-in.o
                0x000000000801c4b8                menu_destroy
 .text.delete_char.part.0
                0x000000000801c538       0xfc common/built-in.o
 .text.cread_add_char
                0x000000000801c634      0x100 common/built-in.o
 .text.cli_readline_into_buffer
                0x000000000801c734      0x92c common/built-in.o
                0x000000000801c734                cli_readline_into_buffer
 .text.cli_readline
                0x000000000801d060       0x14 common/built-in.o
                0x000000000801d060                cli_readline
 .text.cli_simple_process_macros
                0x000000000801d074      0x228 common/built-in.o
                0x000000000801d074                cli_simple_process_macros
 .text.console_setfile
                0x000000000801d29c       0xbc common/built-in.o
 .text.fgetc.part.0
                0x000000000801d358       0x3c common/built-in.o
 .text.getc     0x000000000801d394       0x24 common/built-in.o
                0x000000000801d394                getc
 .text.ftstc    0x000000000801d3b8       0x24 common/built-in.o
                0x000000000801d3b8                ftstc
 .text.tstc     0x000000000801d3dc       0x24 common/built-in.o
                0x000000000801d3dc                tstc
 .text.fputc    0x000000000801d400       0x24 common/built-in.o
                0x000000000801d400                fputc
 .text.putc     0x000000000801d424       0x38 common/built-in.o
                0x000000000801d424                putc
 .text.fputs    0x000000000801d45c       0x20 common/built-in.o
                0x000000000801d45c                fputs
 .text.puts     0x000000000801d47c       0x6c common/built-in.o
                0x000000000801d47c                puts
 .text.ctrlc    0x000000000801d4e8       0x58 common/built-in.o
                0x000000000801d4e8                ctrlc
 .text.disable_ctrlc
                0x000000000801d540       0x14 common/built-in.o
                0x000000000801d540                disable_ctrlc
 .text.had_ctrlc
                0x000000000801d554        0xc common/built-in.o
                0x000000000801d554                had_ctrlc
 .text.clear_ctrlc
                0x000000000801d560        0xc common/built-in.o
                0x000000000801d560                clear_ctrlc
 .text.search_device
                0x000000000801d56c       0x34 common/built-in.o
                0x000000000801d56c                search_device
 .text.console_assign
                0x000000000801d5a0       0x68 common/built-in.o
                0x000000000801d5a0                console_assign
 .text.on_console
                0x000000000801d608       0xc0 common/built-in.o
 .text.console_init_f
                0x000000000801d6c8       0x10 common/built-in.o
                0x000000000801d6c8                console_init_f
 .text.stdio_print_current_devices
                0x000000000801d6d8       0xc0 common/built-in.o
                0x000000000801d6d8                stdio_print_current_devices
 .text.console_init_r
                0x000000000801d798       0xe0 common/built-in.o
                0x000000000801d798                console_init_r
 .text.sbrk     0x000000000801d878       0x74 common/built-in.o
                0x000000000801d878                sbrk
 .text.mem_malloc_init
                0x000000000801d8ec       0x28 common/built-in.o
                0x000000000801d8ec                mem_malloc_init
 .text.malloc_trim
                0x000000000801d914       0xd8 common/built-in.o
                0x000000000801d914                malloc_trim
 .text.free     0x000000000801d9ec      0x22c common/built-in.o
                0x000000000801d9ec                free
 .text.malloc   0x000000000801dc18      0x654 common/built-in.o
                0x000000000801dc18                malloc
 .text.calloc   0x000000000801e26c      0x10c common/built-in.o
                0x000000000801e26c                calloc
 .text.realloc  0x000000000801e378      0x468 common/built-in.o
                0x000000000801e378                realloc
 .text.memalign
                0x000000000801e7e0      0x1c0 common/built-in.o
                0x000000000801e7e0                memalign
 .text.initf_malloc
                0x000000000801e9a0       0x18 common/built-in.o
                0x000000000801e9a0                initf_malloc
 .text.alloc_simple
                0x000000000801e9b8       0x54 common/built-in.o
 .text.malloc_simple
                0x000000000801ea0c        0x8 common/built-in.o
                0x000000000801ea0c                malloc_simple
 .text.on_loadaddr
                0x000000000801ea14       0x40 common/built-in.o
 .text.image_check_hcrc
                0x000000000801ea54       0x50 common/built-in.o
                0x000000000801ea54                image_check_hcrc
 .text.image_check_dcrc
                0x000000000801eaa4       0x44 common/built-in.o
                0x000000000801eaa4                image_check_dcrc
 .text.image_multi_count
                0x000000000801eae8       0x20 common/built-in.o
                0x000000000801eae8                image_multi_count
 .text.image_multi_getimg
                0x000000000801eb08       0x88 common/built-in.o
                0x000000000801eb08                image_multi_getimg
 .text.env_get_bootm_low
                0x000000000801eb90       0x38 common/built-in.o
                0x000000000801eb90                env_get_bootm_low
 .text.env_get_bootm_size
                0x000000000801ebc8       0x78 common/built-in.o
                0x000000000801ebc8                env_get_bootm_size
 .text.env_get_bootm_mapsize
                0x000000000801ec40       0x30 common/built-in.o
                0x000000000801ec40                env_get_bootm_mapsize
 .text.memmove_wd
                0x000000000801ec70       0x10 common/built-in.o
                0x000000000801ec70                memmove_wd
 .text.genimg_print_size
                0x000000000801ec80       0x38 common/built-in.o
                0x000000000801ec80                genimg_print_size
 .text.get_table_entry
                0x000000000801ecb8       0x20 common/built-in.o
                0x000000000801ecb8                get_table_entry
 .text.get_table_entry_name
                0x000000000801ecd8       0x28 common/built-in.o
                0x000000000801ecd8                get_table_entry_name
 .text.genimg_get_os_name
                0x000000000801ed00       0x18 common/built-in.o
                0x000000000801ed00                genimg_get_os_name
 .text.genimg_get_arch_name
                0x000000000801ed18       0x18 common/built-in.o
                0x000000000801ed18                genimg_get_arch_name
 .text.genimg_get_type_name
                0x000000000801ed30       0x18 common/built-in.o
                0x000000000801ed30                genimg_get_type_name
 .text.genimg_get_comp_name
                0x000000000801ed48       0x18 common/built-in.o
                0x000000000801ed48                genimg_get_comp_name
 .text.image_print_contents
                0x000000000801ed60      0x1b8 common/built-in.o
                0x000000000801ed60                image_print_contents
 .text.get_table_entry_id
                0x000000000801ef18       0x50 common/built-in.o
                0x000000000801ef18                get_table_entry_id
 .text.genimg_get_os_id
                0x000000000801ef68       0x18 common/built-in.o
                0x000000000801ef68                genimg_get_os_id
 .text.genimg_get_arch_id
                0x000000000801ef80       0x18 common/built-in.o
                0x000000000801ef80                genimg_get_arch_id
 .text.genimg_get_type_id
                0x000000000801ef98       0x18 common/built-in.o
                0x000000000801ef98                genimg_get_type_id
 .text.genimg_get_comp_id
                0x000000000801efb0       0x18 common/built-in.o
                0x000000000801efb0                genimg_get_comp_id
 .text.genimg_get_kernel_addr_fit
                0x000000000801efc8       0x7c common/built-in.o
                0x000000000801efc8                genimg_get_kernel_addr_fit
 .text.genimg_get_kernel_addr
                0x000000000801f044       0x24 common/built-in.o
                0x000000000801f044                genimg_get_kernel_addr
 .text.genimg_get_format
                0x000000000801f068       0x5c common/built-in.o
                0x000000000801f068                genimg_get_format
 .text.genimg_has_config
                0x000000000801f0c4       0x10 common/built-in.o
                0x000000000801f0c4                genimg_has_config
 .text.boot_get_ramdisk
                0x000000000801f0d4      0x3ac common/built-in.o
                0x000000000801f0d4                boot_get_ramdisk
 .text.boot_ramdisk_high
                0x000000000801f480      0x148 common/built-in.o
                0x000000000801f480                boot_ramdisk_high
 .text.boot_get_setup
                0x000000000801f5c8        0x4 common/built-in.o
                0x000000000801f5c8                boot_get_setup
 .text.boot_get_fpga
                0x000000000801f5cc      0x160 common/built-in.o
                0x000000000801f5cc                boot_get_fpga
 .text.boot_get_loadable
                0x000000000801f72c      0x190 common/built-in.o
                0x000000000801f72c                boot_get_loadable
 .text.image_setup_linux
                0x000000000801f8bc       0x6c common/built-in.o
                0x000000000801f8bc                image_setup_linux
 .text.android_image_get_kernel
                0x000000000801f928      0x200 common/built-in.o
                0x000000000801f928                android_image_get_kernel
 .text.android_image_check_header
                0x000000000801fb28       0x14 common/built-in.o
                0x000000000801fb28                android_image_check_header
 .text.android_image_get_end
                0x000000000801fb3c       0xac common/built-in.o
                0x000000000801fb3c                android_image_get_end
 .text.android_image_get_kload
                0x000000000801fbe8       0x58 common/built-in.o
                0x000000000801fbe8                android_image_get_kload
 .text.android_image_get_ramdisk
                0x000000000801fc40      0x128 common/built-in.o
                0x000000000801fc40                android_image_get_ramdisk
 .text.android_print_contents
                0x000000000801fd68      0x210 common/built-in.o
                0x000000000801fd68                android_print_contents
 .text.fdt_error
                0x000000000801ff78       0x38 common/built-in.o
 .text.boot_fdt_add_mem_rsv_regions
                0x000000000801ffb0       0x94 common/built-in.o
                0x000000000801ffb0                boot_fdt_add_mem_rsv_regions
 .text.boot_relocate_fdt
                0x0000000008020044      0x1b8 common/built-in.o
                0x0000000008020044                boot_relocate_fdt
 .text.boot_get_fdt
                0x00000000080201fc      0x390 common/built-in.o
                0x00000000080201fc                boot_get_fdt
 .text.ft_verify_fdt
                0x000000000802058c        0x8 common/built-in.o
                0x000000000802058c                ft_verify_fdt
 .text.image_setup_libfdt
                0x0000000008020594      0x114 common/built-in.o
                0x0000000008020594                image_setup_libfdt
 .text.fit_image_get_address
                0x00000000080206a8       0x84 common/built-in.o
 .text.fit_parse_conf
                0x000000000802072c       0x78 common/built-in.o
                0x000000000802072c                fit_parse_conf
 .text.fit_parse_subimage
                0x00000000080207a4       0x78 common/built-in.o
                0x00000000080207a4                fit_parse_subimage
 .text.fit_get_desc
                0x000000000802081c       0x38 common/built-in.o
                0x000000000802081c                fit_get_desc
 .text.fit_image_get_node
                0x0000000008020854       0x48 common/built-in.o
                0x0000000008020854                fit_image_get_node
 .text.fit_image_get_os
                0x000000000802089c       0x4c common/built-in.o
                0x000000000802089c                fit_image_get_os
 .text.fit_image_get_arch
                0x00000000080208e8       0x4c common/built-in.o
                0x00000000080208e8                fit_image_get_arch
 .text.fit_image_get_type
                0x0000000008020934       0x4c common/built-in.o
                0x0000000008020934                fit_image_get_type
 .text.fit_image_get_comp
                0x0000000008020980       0x4c common/built-in.o
                0x0000000008020980                fit_image_get_comp
 .text.fit_image_get_load
                0x00000000080209cc       0x10 common/built-in.o
                0x00000000080209cc                fit_image_get_load
 .text.fit_image_get_entry
                0x00000000080209dc       0x10 common/built-in.o
                0x00000000080209dc                fit_image_get_entry
 .text.fit_image_get_data
                0x00000000080209ec       0x50 common/built-in.o
                0x00000000080209ec                fit_image_get_data
 .text.fit_image_get_data_offset
                0x0000000008020a3c       0x48 common/built-in.o
                0x0000000008020a3c                fit_image_get_data_offset
 .text.fit_image_get_data_position
                0x0000000008020a84       0x48 common/built-in.o
                0x0000000008020a84                fit_image_get_data_position
 .text.fit_image_get_data_size
                0x0000000008020acc       0x48 common/built-in.o
                0x0000000008020acc                fit_image_get_data_size
 .text.fit_image_get_data_and_size
                0x0000000008020b14       0xa8 common/built-in.o
                0x0000000008020b14                fit_image_get_data_and_size
 .text.fit_image_hash_get_algo
                0x0000000008020bbc       0x38 common/built-in.o
                0x0000000008020bbc                fit_image_hash_get_algo
 .text.fit_image_hash_get_value
                0x0000000008020bf4       0x50 common/built-in.o
                0x0000000008020bf4                fit_image_hash_get_value
 .text.fit_image_print_data
                0x0000000008020c44      0x18c common/built-in.o
 .text.fit_image_print_verification_data
                0x0000000008020dd0       0xbc common/built-in.o
 .text.fit_image_print
                0x0000000008020e8c      0x300 common/built-in.o
                0x0000000008020e8c                fit_image_print
 .text.fit_print_contents
                0x000000000802118c      0x474 common/built-in.o
                0x000000000802118c                fit_print_contents
 .text.fit_get_end
                0x0000000008021600       0x10 common/built-in.o
                0x0000000008021600                fit_get_end
 .text.calculate_hash
                0x0000000008021610      0x11c common/built-in.o
                0x0000000008021610                calculate_hash
 .text.fit_image_verify_with_data
                0x000000000802172c      0x1f4 common/built-in.o
                0x000000000802172c                fit_image_verify_with_data
 .text.fit_image_verify
                0x0000000008021920       0x90 common/built-in.o
                0x0000000008021920                fit_image_verify
 .text.fit_all_image_verify
                0x00000000080219b0      0x114 common/built-in.o
                0x00000000080219b0                fit_all_image_verify
 .text.fit_image_check_os
                0x0000000008021ac4       0x3c common/built-in.o
                0x0000000008021ac4                fit_image_check_os
 .text.fit_image_check_arch
                0x0000000008021b00       0x64 common/built-in.o
                0x0000000008021b00                fit_image_check_arch
 .text.fit_image_check_type
                0x0000000008021b64       0x3c common/built-in.o
                0x0000000008021b64                fit_image_check_type
 .text.fit_image_check_comp
                0x0000000008021ba0       0x3c common/built-in.o
                0x0000000008021ba0                fit_image_check_comp
 .text.fit_check_format
                0x0000000008021bdc       0x54 common/built-in.o
                0x0000000008021bdc                fit_check_format
 .text.fit_conf_get_node
                0x0000000008021c30       0xe0 common/built-in.o
                0x0000000008021c30                fit_conf_get_node
 .text.fit_conf_get_prop_node_index
                0x0000000008021d10       0x3c common/built-in.o
                0x0000000008021d10                fit_conf_get_prop_node_index
 .text.fit_conf_get_prop_node
                0x0000000008021d4c        0x8 common/built-in.o
                0x0000000008021d4c                fit_conf_get_prop_node
 .text.fit_get_node_from_config
                0x0000000008021d54       0x54 common/built-in.o
                0x0000000008021d54                fit_get_node_from_config
 .text.fit_image_load
                0x0000000008021da8      0x580 common/built-in.o
                0x0000000008021da8                fit_image_load
 .text.boot_get_setup_fit
                0x0000000008022328       0x78 common/built-in.o
                0x0000000008022328                boot_get_setup_fit
 .text.boot_get_fdt_fit
                0x00000000080223a0      0x180 common/built-in.o
                0x00000000080223a0                boot_get_fdt_fit
 .text.get_effective_memsize
                0x0000000008022520        0x8 common/built-in.o
                0x0000000008022520                get_effective_memsize
 .text.stdio_serial_tstc
                0x0000000008022528        0x4 common/built-in.o
 .text.stdio_serial_getc
                0x000000000802252c        0x4 common/built-in.o
 .text.stdio_serial_puts
                0x0000000008022530        0x8 common/built-in.o
 .text.stdio_serial_putc
                0x0000000008022538        0x8 common/built-in.o
 .text.stdio_get_list
                0x0000000008022540       0x10 common/built-in.o
                0x0000000008022540                stdio_get_list
 .text.stdio_get_by_name
                0x0000000008022550       0x6c common/built-in.o
                0x0000000008022550                stdio_get_by_name
 .text.stdio_clone
                0x00000000080225bc       0x4c common/built-in.o
                0x00000000080225bc                stdio_clone
 .text.stdio_register_dev
                0x0000000008022608       0x58 common/built-in.o
                0x0000000008022608                stdio_register_dev
 .text.stdio_register
                0x0000000008022660        0x8 common/built-in.o
                0x0000000008022660                stdio_register
 .text.stdio_init_tables
                0x0000000008022668       0x18 common/built-in.o
                0x0000000008022668                stdio_init_tables
 .text.stdio_add_devices
                0x0000000008022680       0x78 common/built-in.o
                0x0000000008022680                stdio_add_devices
 .text.run_command
                0x00000000080226f8       0x14 common/built-in.o
                0x00000000080226f8                run_command
 .text.run_command_list
                0x000000000802270c       0x90 common/built-in.o
                0x000000000802270c                run_command_list
 .text.do_run   0x000000000802279c       0x80 common/built-in.o
                0x000000000802279c                do_run
 .text.cli_process_fdt
                0x000000000802281c       0x50 common/built-in.o
                0x000000000802281c                cli_process_fdt
 .text.cli_secure_boot_cmd
                0x000000000802286c       0x74 common/built-in.o
                0x000000000802286c                cli_secure_boot_cmd
 .text.cli_loop
                0x00000000080228e0       0x10 common/built-in.o
                0x00000000080228e0                cli_loop
 .text.cli_init
                0x00000000080228f0        0x4 common/built-in.o
                0x00000000080228f0                cli_init
 .text.run_usb_dnl_gadget
                0x00000000080228f4      0x124 common/built-in.o
                0x00000000080228f4                run_usb_dnl_gadget
 .text.find_cmd_tbl
                0x0000000008022a18       0xc0 common/built-in.o
                0x0000000008022a18                find_cmd_tbl
 .text.find_cmd
                0x0000000008022ad8       0x28 common/built-in.o
                0x0000000008022ad8                find_cmd
 .text.cmd_usage
                0x0000000008022b00       0x68 common/built-in.o
                0x0000000008022b00                cmd_usage
 .text._do_help
                0x0000000008022b68      0x194 common/built-in.o
                0x0000000008022b68                _do_help
 .text.var_complete
                0x0000000008022cfc       0x78 common/built-in.o
                0x0000000008022cfc                var_complete
 .text.cmd_auto_complete
                0x0000000008022d74      0x4a8 common/built-in.o
                0x0000000008022d74                cmd_auto_complete
 .text.cmd_get_data_size
                0x000000000802321c       0x6c common/built-in.o
                0x000000000802321c                cmd_get_data_size
 .text.cmd_process
                0x0000000008023288      0x10c common/built-in.o
                0x0000000008023288                cmd_process
 .text.cmd_process_error
                0x0000000008023394       0x40 common/built-in.o
                0x0000000008023394                cmd_process_error
 .text.hex1_bin
                0x00000000080233d4       0x44 common/built-in.o
 .text.hex2_bin
                0x0000000008023418       0x40 common/built-in.o
 .text.srec_decode
                0x0000000008023458      0x228 common/built-in.o
                0x0000000008023458                srec_decode
 .text.CYGACC_COMM_IF_GETC_TIMEOUT.isra.0
                0x0000000008023680       0x54 common/built-in.o
 .text.xyzModem_flush
                0x00000000080236d4       0x1c common/built-in.o
 .text.xyzModem_get_hdr
                0x00000000080236f0      0x21c common/built-in.o
 .text.xyzModem_stream_open
                0x000000000802390c      0x260 common/built-in.o
                0x000000000802390c                xyzModem_stream_open
 .text.xyzModem_stream_read
                0x0000000008023b6c      0x270 common/built-in.o
                0x0000000008023b6c                xyzModem_stream_read
 .text.xyzModem_stream_close
                0x0000000008023ddc       0x3c common/built-in.o
                0x0000000008023ddc                xyzModem_stream_close
 .text.xyzModem_stream_terminate
                0x0000000008023e18       0xa4 common/built-in.o
                0x0000000008023e18                xyzModem_stream_terminate
 .text.xyzModem_error
                0x0000000008023ebc       0x28 common/built-in.o
                0x0000000008023ebc                xyzModem_error
 .text.part_driver_lookup_type
                0x0000000008023ee4       0xa8 disk/built-in.o
 .text.blk_get_dev
                0x0000000008023f8c       0x3c disk/built-in.o
                0x0000000008023f8c                blk_get_dev
 .text.dev_print
                0x0000000008023fc8      0x1f0 disk/built-in.o
                0x0000000008023fc8                dev_print
 .text.part_init
                0x00000000080241b8       0x88 disk/built-in.o
                0x00000000080241b8                part_init
 .text.part_print
                0x0000000008024240      0x138 disk/built-in.o
                0x0000000008024240                part_print
 .text.part_get_info
                0x0000000008024378       0x68 disk/built-in.o
                0x0000000008024378                part_get_info
 .text.part_get_info_whole_disk
                0x00000000080243e0       0x5c disk/built-in.o
                0x00000000080243e0                part_get_info_whole_disk
 .text.blk_get_device_by_str
                0x000000000802443c      0x144 disk/built-in.o
                0x000000000802443c                blk_get_device_by_str
 .text.blk_get_device_part_str
                0x0000000008024580      0x364 disk/built-in.o
                0x0000000008024580                blk_get_device_part_str
 .text.part_get_info_by_name_type
                0x00000000080248e4       0x8c disk/built-in.o
                0x00000000080248e4                part_get_info_by_name_type
 .text.part_get_info_by_name
                0x0000000008024970        0x8 disk/built-in.o
                0x0000000008024970                part_get_info_by_name
 .text.part_set_generic_name
                0x0000000008024978       0x48 disk/built-in.o
                0x0000000008024978                part_set_generic_name
 .text.test_block_type
                0x00000000080249c0       0x90 disk/built-in.o
 .text.print_partition_extended
                0x0000000008024a50      0x264 disk/built-in.o
 .text.part_print_dos
                0x0000000008024cb4       0x3c disk/built-in.o
                0x0000000008024cb4                part_print_dos
 .text.part_test_dos
                0x0000000008024cf0       0x78 disk/built-in.o
 .text.part_get_info_extended
                0x0000000008024d68      0x2c4 disk/built-in.o
 .text.part_get_info_dos
                0x000000000802502c       0x1c disk/built-in.o
                0x000000000802502c                part_get_info_dos
 .text.is_valid_dos_buf
                0x0000000008025048       0x1c disk/built-in.o
                0x0000000008025048                is_valid_dos_buf
 .text.write_mbr_partition
                0x0000000008025064       0x80 disk/built-in.o
                0x0000000008025064                write_mbr_partition
 .text.iso_dread
                0x00000000080250e4       0x48 disk/built-in.o
                0x00000000080250e4                iso_dread
 .text.part_get_info_iso_verb
                0x000000000802512c      0x37c disk/built-in.o
                0x000000000802512c                part_get_info_iso_verb
 .text.part_test_iso
                0x00000000080254a8       0x20 disk/built-in.o
 .text.part_print_iso
                0x00000000080254c8       0xa4 disk/built-in.o
 .text.part_get_info_iso
                0x000000000802556c        0x8 disk/built-in.o
 .text.print_efiname
                0x0000000008025574       0x5c disk/built-in.o
 .text.part_test_efi
                0x00000000080255d0       0xb4 disk/built-in.o
 .text.validate_gpt_entries
                0x0000000008025684       0xa8 disk/built-in.o
 .text.validate_gpt_header
                0x000000000802572c      0x230 disk/built-in.o
 .text.is_gpt_valid
                0x000000000802595c      0x28c disk/built-in.o
 .text.is_pte_valid
                0x0000000008025be8       0x64 disk/built-in.o
 .text.part_print_efi
                0x0000000008025c4c      0x278 disk/built-in.o
                0x0000000008025c4c                part_print_efi
 .text.part_get_info_efi
                0x0000000008025ec4      0x240 disk/built-in.o
                0x0000000008025ec4                part_get_info_efi
 .text.get_disk_guid
                0x0000000008026104       0xec disk/built-in.o
                0x0000000008026104                get_disk_guid
 .text.write_gpt_table
                0x00000000080261f0      0x4fc disk/built-in.o
                0x00000000080261f0                write_gpt_table
 .text.gpt_fill_pte
                0x00000000080266ec      0x3a4 disk/built-in.o
                0x00000000080266ec                gpt_fill_pte
 .text.gpt_fill_header
                0x0000000008026a90      0x250 disk/built-in.o
                0x0000000008026a90                gpt_fill_header
 .text.gpt_restore
                0x0000000008026ce0      0x150 disk/built-in.o
                0x0000000008026ce0                gpt_restore
 .text.gpt_verify_headers
                0x0000000008026e30       0x98 disk/built-in.o
                0x0000000008026e30                gpt_verify_headers
 .text.gpt_verify_partitions
                0x0000000008026ec8      0x1f4 disk/built-in.o
                0x0000000008026ec8                gpt_verify_partitions