fat.c:29:13:downcase	0	static
fat.c:453:13:mkcksum	0	static
fat.c:706:13:fat_itr_child	0	static
fat.c:44:12:disk_read	32	static
fat.c:246:1:get_cluster	80	dynamic
fat.c:471:1:read_bootsectandvi	48	static
fat.c:672:12:fat_itr_root	144	static
fat_write.c:966:12:split_filename	64	static
fat_write.c:30:12:disk_write	32	static
fat_write.c:105:12:flush_dirty_fat_buffer	48	static
fat.c:161:14:get_fatent	80	static
fat.c:780:19:next_dent	32	static
fat_write.c:264:12:set_fatent_value	80	static
fat_write.c:371:14:determine_fatent	48	static
fat_write.c:632:12:clear_fatent	64	static
fat_write.c:402:1:set_cluster	80	dynamic
fat_write.c:696:1:set_contents	176	static
fat_write.c:1012:12:normalize_longname	80	static
fat_write.c:53:13:set_name	320	static
fat.c:857:12:fat_itr_next	96	static
fat.c:930:12:fat_itr_resolve	80	static
fat_write.c:595:12:flush_dir_table	64	static
fat_write.c:219:1:fill_dir_slot	720	static
fat_write.c:938:19:find_directory_entry	48	static
fat.c:59:5:fat_set_blk_dev	48	dynamic
fat.c:88:5:fat_register_device	176	static
fat.c:1007:5:file_fat_detectfs	160	static
fat.c:1069:5:fat_exists	112	static
fat.c:1089:5:fat_size	112	static
fat.c:1125:5:file_fat_read_at	176	static
fat.c:1153:5:file_fat_read	32	static
fat.c:1165:5:fat_read_file	32	static
fat.c:1184:5:fat_opendir	64	static
fat.c:1212:5:fat_readdir	48	static
fat.c:1235:6:fat_closedir	32	static
fat.c:1242:6:fat_close	0	static
fat_write.c:1050:5:file_fat_write_at	416	static
fat_write.c:1188:5:file_fat_write	0	static
fat_write.c:1261:5:fat_unlink	192	static
fat_write.c:1332:5:fat_mkdir	432	static
