fs.c:28:19:fs_probe_unsupported	16	static
fs.c:35:19:fs_ls_unsupported	0	static
fs.c:69:19:fs_exists_unsupported	0	static
fs.c:74:19:fs_size_unsupported	0	static
fs.c:79:19:fs_read_unsupported	0	static
fs.c:93:20:fs_close_unsupported	0	static
fs.c:102:19:fs_opendir_unsupported	0	static
fs.c:280:28:fs_get_info	0	static
fs.c:376:13:fs_close	32	static
fs.c:86:19:fs_write_unsupported	0	static
fs.c:113:19:fs_mkdir_unsupported	0	static
fs.c:97:19:fs_uuid_unsupported	0	static
fs.c:108:19:fs_unlink_unsupported	0	static
fs.c:302:13:fs_get_type_name	16	static
fs.c:307:5:fs_set_blk_dev	80	static
fs.c:352:5:fs_set_blk_dev_with_part	64	static
fs.c:385:5:fs_uuid	16	static
fs.c:392:5:fs_ls	32	static
fs.c:406:5:fs_exists	32	static
fs.c:419:5:fs_size	32	static
fs.c:432:5:fs_read	32	static
fs.c:455:5:fs_write	48	static
fs.c:475:23:fs_opendir	48	static
fs.c:494:19:fs_readdir	48	static
fs.c:513:6:fs_closedir	32	static
fs.c:42:12:fs_ls_generic	64	static
fs.c:527:5:fs_unlink	32	static
fs.c:541:5:fs_mkdir	32	static
fs.c:555:5:do_size	48	static
fs.c:574:5:do_load	96	static
fs.c:644:5:do_ls	32	static
fs.c:661:5:file_exists	32	static
fs.c:670:5:do_save	96	static
fs.c:712:5:do_fs_uuid	96	static
fs.c:737:5:do_fs_type	48	static
fs.c:757:5:do_rm	32	static
fs.c:772:5:do_mkdir	32	static
