gadget.c:578:12:dwc3_gadget_ep0_enable	0	static
gadget.c:584:12:dwc3_gadget_ep0_disable	0	static
gadget.c:1247:12:dwc3_gadget_get_frame	0	static
gadget.c:1336:12:dwc3_gadget_set_selfpowered	0	static
gadget.c:1922:13:dwc3_suspend_gadget	0	static
gadget.c:670:28:dwc3_gadget_ep_alloc_request	32	static
gadget.c:1572:12:dwc3_gadget_init_hw_endpoints	96	static
gadget.c:686:13:dwc3_gadget_ep_free_request	0	static
gadget.c:1645:13:dwc3_gadget_free_endpoints	48	static
gadget.c:2037:13:dwc3_gadget_disconnect_interrupt	32	static
gadget.c:1403:12:dwc3_gadget_pullup	48	static
gadget.c:785:13:dwc3_prepare_trbs	32	static
gadget.c:40:5:dwc3_gadget_set_test_mode	0	static
gadget.c:71:5:dwc3_gadget_get_link_state	0	static
gadget.c:88:5:dwc3_gadget_set_link_state	48	static
gadget.c:1256:12:dwc3_gadget_wakeup	48	static
gadget.c:161:5:dwc3_gadget_resize_tx_fifos	0	static
gadget.c:224:6:dwc3_gadget_giveback	48	static
gadget.c:265:5:dwc3_send_gadget_generic_command	32	static
gadget.c:292:5:dwc3_send_gadget_ep_cmd	48	static
gadget.c:850:12:__dwc3_gadget_kick_transfer	80	static
gadget.c:1951:13:dwc3_stop_active_transfer.constprop	64	static
gadget.c:1059:12:dwc3_gadget_ep_queue	48	static
gadget.c:1794:13:dwc3_endpoint_transfer_complete	80	static
gadget.c:1095:12:dwc3_gadget_ep_dequeue	32	static
gadget.c:522:13:dwc3_remove_requests	32	static
gadget.c:2056:13:dwc3_gadget_reset_interrupt	80	static
gadget.c:464:12:__dwc3_gadget_ep_enable.constprop	80	static
gadget.c:591:12:dwc3_gadget_ep_enable	48	static
gadget.c:1140:5:__dwc3_gadget_ep_set_halt	64	static
gadget.c:552:12:__dwc3_gadget_ep_disable	32	static
gadget.c:1543:12:dwc3_gadget_stop	32	static
gadget.c:1442:12:dwc3_gadget_start	64	static
gadget.c:640:12:dwc3_gadget_ep_disable	32	static
gadget.c:1197:12:dwc3_gadget_ep_set_wedge	0	static
gadget.c:1182:12:dwc3_gadget_ep_set_halt	0	static
gadget.c:2556:5:dwc3_gadget_init	32	static
gadget.c:2638:6:dwc3_gadget_exit	32	static
gadget.c:2661:6:dwc3_gadget_uboot_handle_interrupt	128	static
