
Discarded input sections

 .data          0x0000000000000000        0x0 arch/arm/cpu/armv8/start.o
 .bss           0x0000000000000000        0x0 arch/arm/cpu/armv8/start.o
 .text          0x0000000000000000        0x0 arch/arm/mach-zynqmp/built-in.o
 .text.set_cpu_clk_info
                0x0000000000000000       0x48 arch/arm/mach-zynqmp/built-in.o
 .text.get_page_table_size
                0x0000000000000000        0xc arch/arm/mach-zynqmp/built-in.o
 .text.tcm_init
                0x0000000000000000       0x40 arch/arm/mach-zynqmp/built-in.o
 .text.invoke_smc
                0x0000000000000000       0x68 arch/arm/mach-zynqmp/built-in.o
 .text.zynqmp_pmufw_version
                0x0000000000000000       0x68 arch/arm/mach-zynqmp/built-in.o
 .text.set_r5_tcm_mode
                0x0000000000000000       0x3c arch/arm/mach-zynqmp/built-in.o
 .text.release_r5_reset
                0x0000000000000000       0x34 arch/arm/mach-zynqmp/built-in.o
 .text.set_r5_start
                0x0000000000000000       0x50 arch/arm/mach-zynqmp/built-in.o
 .text.enable_clock_r5
                0x0000000000000000       0x24 arch/arm/mach-zynqmp/built-in.o
 .text.set_r5_halt_mode
                0x0000000000000000       0x5c arch/arm/mach-zynqmp/built-in.o
 .text.write_tcm_boot_trampoline
                0x0000000000000000       0x6c arch/arm/mach-zynqmp/built-in.o
 .text.is_core_valid
                0x0000000000000000        0xc arch/arm/mach-zynqmp/built-in.o
 .text.cpu_reset
                0x0000000000000000       0x20 arch/arm/mach-zynqmp/built-in.o
 .text.cpu_disable
                0x0000000000000000       0x54 arch/arm/mach-zynqmp/built-in.o
 .text.cpu_status
                0x0000000000000000       0xc0 arch/arm/mach-zynqmp/built-in.o
 .text.initialize_tcm
                0x0000000000000000       0x50 arch/arm/mach-zynqmp/built-in.o
 .text.cpu_release
                0x0000000000000000      0x224 arch/arm/mach-zynqmp/built-in.o
 .text.mask_pollonvalue
                0x0000000000000000       0x30 arch/arm/mach-zynqmp/built-in.o
 .text.mask_delay
                0x0000000000000000        0x8 arch/arm/mach-zynqmp/built-in.o
 .text.psu_init
                0x0000000000000000        0x8 arch/arm/mach-zynqmp/built-in.o
 .rodata.tcm_init.str1.1
                0x0000000000000000       0x32 arch/arm/mach-zynqmp/built-in.o
 .rodata.zynqmp_pmufw_version.str1.1
                0x0000000000000000       0x26 arch/arm/mach-zynqmp/built-in.o
 .rodata.cpu_release.str1.1
                0x0000000000000000       0xc3 arch/arm/mach-zynqmp/built-in.o
 .rodata.cpu_reset.str1.1
                0x0000000000000000       0x1d arch/arm/mach-zynqmp/built-in.o
 .rodata.cpu_status.str1.1
                0x0000000000000000       0x46 arch/arm/mach-zynqmp/built-in.o
 .data          0x0000000000000000        0x0 arch/arm/mach-zynqmp/built-in.o
 .data.mem_map  0x0000000000000000        0x8 arch/arm/mach-zynqmp/built-in.o
 .data.pm_api_version.7609
                0x0000000000000000        0x4 arch/arm/mach-zynqmp/built-in.o
 .bss           0x0000000000000000        0x0 arch/arm/mach-zynqmp/built-in.o
 .text          0x0000000000000000      0x390 arch/arm/cpu/armv8/built-in.o
 .text.sdelay   0x0000000000000000        0xc arch/arm/cpu/armv8/built-in.o
 .text.timer_read_counter
                0x0000000000000000        0xc arch/arm/cpu/armv8/built-in.o
 .text.usec2ticks
                0x0000000000000000       0x44 arch/arm/cpu/armv8/built-in.o
 .text.timer_get_boot_us
                0x0000000000000000       0x28 arch/arm/cpu/armv8/built-in.o
 .text.count_required_pts
                0x0000000000000000       0xf8 arch/arm/cpu/armv8/built-in.o
 .text.create_table
                0x0000000000000000       0x70 arch/arm/cpu/armv8/built-in.o
 .text.split_block
                0x0000000000000000       0x9c arch/arm/cpu/armv8/built-in.o
 .text.get_tcr  0x0000000000000000       0xe4 arch/arm/cpu/armv8/built-in.o
 .text.find_pte
                0x0000000000000000       0x9c arch/arm/cpu/armv8/built-in.o
 .text.set_one_region
                0x0000000000000000       0xd8 arch/arm/cpu/armv8/built-in.o
 .text.get_page_table_size
                0x0000000000000000       0x48 arch/arm/cpu/armv8/built-in.o
 .text.setup_pgtables
                0x0000000000000000      0x178 arch/arm/cpu/armv8/built-in.o
 .text.mmu_setup
                0x0000000000000000      0x13c arch/arm/cpu/armv8/built-in.o
 .text.flush_dcache_all
                0x0000000000000000       0x14 arch/arm/cpu/armv8/built-in.o
 .text.invalidate_dcache_range
                0x0000000000000000        0x4 arch/arm/cpu/armv8/built-in.o
 .text.dcache_enable
                0x0000000000000000      0x110 arch/arm/cpu/armv8/built-in.o
 .text.dcache_status
                0x0000000000000000       0x34 arch/arm/cpu/armv8/built-in.o
 .text.arch_get_page_table
                0x0000000000000000       0x20 arch/arm/cpu/armv8/built-in.o
 .text.mmu_set_region_dcache_behaviour
[...]
Memory Configuration

Name             Origin             Length             Attributes
.sram            0x00000000fffc0000 0x0000000000040000
.sdram           0x0000000000000000 0x0000000000080000
*default*        0x0000000000000000 0xffffffffffffffff

Linker script and memory map


.text           0x00000000fffc0000    0x15240
                0x00000000fffc0000                . = ALIGN (0x8)
 *(.__image_copy_start)
 arch/arm/cpu/armv8/start.o(.text*)
 .text          0x00000000fffc0000      0x110 arch/arm/cpu/armv8/start.o
                0x00000000fffc0000                _start
                0x00000000fffc0008                _TEXT_BASE
                0x00000000fffc0010                _end_ofs
                0x00000000fffc0018                _bss_start_ofs
                0x00000000fffc0020                _bss_end_ofs
                0x00000000fffc002c                save_boot_params_ret
                0x00000000fffc0084                apply_core_errata
                0x00000000fffc00c0                lowlevel_init
                0x00000000fffc00e0                smp_kick_all_cpus
                0x00000000fffc00ec                c_runtime_cpu_setup
                0x00000000fffc00f0                save_boot_params
 *(.text*)
 .text.zynqmp_get_system_timer_freq
                0x00000000fffc0110       0x2c arch/arm/mach-zynqmp/built-in.o
                0x00000000fffc0110                zynqmp_get_system_timer_freq
 .text.mem_map_fill
                0x00000000fffc013c       0x90 arch/arm/mach-zynqmp/built-in.o
                0x00000000fffc013c                mem_map_fill
 .text.zynqmp_get_silicon_version
                0x00000000fffc01cc       0x64 arch/arm/mach-zynqmp/built-in.o
                0x00000000fffc01cc                zynqmp_get_silicon_version
 .text.zynqmp_mmio_write
                0x00000000fffc0230       0x28 arch/arm/mach-zynqmp/built-in.o
                0x00000000fffc0230                zynqmp_mmio_write
 .text.zynqmp_mmio_read
                0x00000000fffc0258       0x24 arch/arm/mach-zynqmp/built-in.o
                0x00000000fffc0258                zynqmp_mmio_read
 .text.board_init_f
                0x00000000fffc027c       0x54 arch/arm/mach-zynqmp/built-in.o
                0x00000000fffc027c                board_init_f
 .text.spl_board_init
                0x00000000fffc02d0       0x44 arch/arm/mach-zynqmp/built-in.o
                0x00000000fffc02d0                spl_board_init
 .text.spl_boot_device
                0x00000000fffc0314       0x7c arch/arm/mach-zynqmp/built-in.o
                0x00000000fffc0314                spl_boot_device
 .text.spl_start_uboot
                0x00000000fffc0390       0x18 arch/arm/mach-zynqmp/built-in.o
                0x00000000fffc0390                spl_start_uboot
 .text.board_fit_config_name_match
                0x00000000fffc03a8        0x8 arch/arm/mach-zynqmp/built-in.o
                0x00000000fffc03a8                board_fit_config_name_match
 .text.handoff_setup
                0x00000000fffc03b0       0x3c arch/arm/mach-zynqmp/built-in.o
                0x00000000fffc03b0                handoff_setup
 .text.mask_poll
                0x00000000fffc03ec       0x30 arch/arm/mach-zynqmp/built-in.o
                0x00000000fffc03ec                mask_poll
 .text.mask_read
                0x00000000fffc041c       0x10 arch/arm/mach-zynqmp/built-in.o
                0x00000000fffc041c                mask_read
 .text.psu_mask_write
                0x00000000fffc042c       0x28 arch/arm/mach-zynqmp/built-in.o
                0x00000000fffc042c                psu_mask_write
 .text.prog_reg
                0x00000000fffc0454       0x20 arch/arm/mach-zynqmp/built-in.o
                0x00000000fffc0454                prog_reg
 .text.cleanup_before_linux
                0x00000000fffc0474       0x28 arch/arm/cpu/armv8/built-in.o
                0x00000000fffc0474                cleanup_before_linux
 .text.get_tbclk
                0x00000000fffc049c        0x8 arch/arm/cpu/armv8/built-in.o
                0x00000000fffc049c                get_tbclk
 .text.get_ticks
                0x00000000fffc04a4       0x10 arch/arm/cpu/armv8/built-in.o
                0x00000000fffc04a4                get_ticks
 .text.invalidate_dcache_all
                0x00000000fffc04b4       0x14 arch/arm/cpu/armv8/built-in.o
                0x00000000fffc04b4                invalidate_dcache_all
 .text.flush_dcache_range
                0x00000000fffc04c8        0x4 arch/arm/cpu/armv8/built-in.o
                0x00000000fffc04c8                flush_dcache_range
 .text.dcache_disable
                0x00000000fffc04cc       0x84 arch/arm/cpu/armv8/built-in.o
                0x00000000fffc04cc                dcache_disable
 .text.icache_disable
                0x00000000fffc0550       0x64 arch/arm/cpu/armv8/built-in.o
                0x00000000fffc0550                icache_disable
 .text.invalidate_icache_all
                0x00000000fffc05b4       0x14 arch/arm/cpu/armv8/built-in.o
                0x00000000fffc05b4                invalidate_icache_all
 .text.__asm_dcache_level
                0x00000000fffc05c8       0x64 arch/arm/cpu/armv8/built-in.o
                0x00000000fffc05c8                __asm_dcache_level
 .text.__asm_dcache_all
                0x00000000fffc062c       0x60 arch/arm/cpu/armv8/built-in.o
                0x00000000fffc062c                __asm_dcache_all
 .text.__asm_flush_dcache_all
                0x00000000fffc068c        0x8 arch/arm/cpu/armv8/built-in.o
                0x00000000fffc068c                __asm_flush_dcache_all
 .text.__asm_invalidate_dcache_all
                0x00000000fffc0694        0x8 arch/arm/cpu/armv8/built-in.o
                0x00000000fffc0694                __asm_invalidate_dcache_all
 .text.__asm_flush_dcache_range
                0x00000000fffc069c       0x34 arch/arm/cpu/armv8/built-in.o
                0x00000000fffc069c                __asm_flush_dcache_range
 .text.__asm_invalidate_icache_all
                0x00000000fffc06d0        0xc arch/arm/cpu/armv8/built-in.o
                0x00000000fffc06d0                __asm_invalidate_icache_all
 .text.__asm_invalidate_l3_dcache
                0x00000000fffc06dc        0x8 arch/arm/cpu/armv8/built-in.o
                0x00000000fffc06dc                __asm_invalidate_l3_dcache
 .text.__asm_flush_l3_dcache
                0x00000000fffc06e4        0x8 arch/arm/cpu/armv8/built-in.o
                0x00000000fffc06e4                __asm_flush_l3_dcache
 .text.__asm_invalidate_l3_icache
                0x00000000fffc06ec        0x8 arch/arm/cpu/armv8/built-in.o
                0x00000000fffc06ec                __asm_invalidate_l3_icache
 .text.__asm_invalidate_tlb_all
                0x00000000fffc06f4       0x4c arch/arm/cpu/armv8/built-in.o
                0x00000000fffc06f4                __asm_invalidate_tlb_all
 .text.armv8_switch_to_el2
                0x00000000fffc0740       0xb8 arch/arm/cpu/armv8/built-in.o
                0x00000000fffc0740                armv8_switch_to_el2
 .text.armv8_el2_to_aarch32
                0x00000000fffc07f8        0x4 arch/arm/cpu/armv8/built-in.o
                0x00000000fffc07f8                armv8_el2_to_aarch32
 *fill*         0x00000000fffc07fc        0x4 
 .text          0x00000000fffc0800      0x110 arch/arm/lib/built-in.o
                0x00000000fffc0800                _main
                0x00000000fffc0878                gic_init_secure
                0x00000000fffc08bc                gic_init_secure_percpu
                0x00000000fffc08e0                gic_kick_secondary_cpus
                0x00000000fffc08f0                gic_wait_for_interrupt
 .text.jump_to_image_linux
                0x00000000fffc0910       0x30 arch/arm/lib/built-in.o
                0x00000000fffc0910                jump_to_image_linux
 .text.bootz_setup
                0x00000000fffc0940       0x7c arch/arm/lib/built-in.o
                0x00000000fffc0940                bootz_setup
 .text.arch_fixup_fdt
                0x00000000fffc09bc       0x4c arch/arm/lib/built-in.o
                0x00000000fffc09bc                arch_fixup_fdt
 .text.disable_interrupts
                0x00000000fffc0a08        0x8 arch/arm/lib/built-in.o
                0x00000000fffc0a08                disable_interrupts
 .text.board_early_init_f
                0x00000000fffc0a10        0x4 board/xilinx/zynqmp/built-in.o
                0x00000000fffc0a10                board_early_init_f
 .text.board_init
                0x00000000fffc0a14       0x28 board/xilinx/zynqmp/built-in.o
                0x00000000fffc0a14                board_init
 .text.board_early_init_r
                0x00000000fffc0a3c       0x78 board/xilinx/zynqmp/built-in.o
                0x00000000fffc0a3c                board_early_init_r
 .text.dram_init_banksize
                0x00000000fffc0ab4       0x2c board/xilinx/zynqmp/built-in.o
                0x00000000fffc0ab4                dram_init_banksize
 .text.psu_init
                0x00000000fffc0ae0     0x362c board/xilinx/zynqmp/built-in.o
                0x00000000fffc0ae0                psu_init
 .text.zynqmp_dll_reset
                0x00000000fffc410c       0x60 board/xilinx/zynqmp/built-in.o
                0x00000000fffc410c                zynqmp_dll_reset
 .text.arasan_zynqmp_set_tapdelay
                0x00000000fffc416c      0x144 board/xilinx/zynqmp/built-in.o
                0x00000000fffc416c                arasan_zynqmp_set_tapdelay
 .text.show_boot_progress
                0x00000000fffc42b0        0x4 common/spl/built-in.o
                0x00000000fffc42b0                show_boot_progress
 .text.spl_common_init.constprop.4
                0x00000000fffc42b4       0x38 common/spl/built-in.o
 .text.spl_perform_fixups
                0x00000000fffc42ec        0x4 common/spl/built-in.o
                0x00000000fffc42ec                spl_perform_fixups
 .text.spl_fixup_fdt
                0x00000000fffc42f0       0x74 common/spl/built-in.o
                0x00000000fffc42f0                spl_fixup_fdt
 .text.spl_board_prepare_for_linux
                0x00000000fffc4364        0x4 common/spl/built-in.o
                0x00000000fffc4364                spl_board_prepare_for_linux
 .text.spl_board_prepare_for_boot
                0x00000000fffc4368        0x4 common/spl/built-in.o
                0x00000000fffc4368                spl_board_prepare_for_boot
 .text.spl_get_load_buffer
                0x00000000fffc436c        0xc common/spl/built-in.o
                0x00000000fffc436c                spl_get_load_buffer
 .text.spl_set_header_raw_uboot
                0x00000000fffc4378       0x2c common/spl/built-in.o
                0x00000000fffc4378                spl_set_header_raw_uboot
 .text.spl_parse_image_header
                0x00000000fffc43a4       0xdc common/spl/built-in.o
                0x00000000fffc43a4                spl_parse_image_header
 .text.jump_to_image_no_args
                0x00000000fffc4480       0x10 common/spl/built-in.o
                0x00000000fffc4480                jump_to_image_no_args
 .text.spl_set_bd
                0x00000000fffc4490       0x18 common/spl/built-in.o
                0x00000000fffc4490                spl_set_bd
 .text.spl_init
                0x00000000fffc44a8       0x44 common/spl/built-in.o
                0x00000000fffc44a8                spl_init
 .text.board_boot_order
                0x00000000fffc44ec       0x24 common/spl/built-in.o
                0x00000000fffc44ec                board_boot_order
 .text.board_init_r
                0x00000000fffc4510      0x1ac common/spl/built-in.o
                0x00000000fffc4510                board_init_r
 .text.preloader_console_init
                0x00000000fffc46bc       0x30 common/spl/built-in.o
                0x00000000fffc46bc                preloader_console_init
 .text.spl_relocate_stack_gd
                0x00000000fffc46ec        0x8 common/spl/built-in.o
                0x00000000fffc46ec                spl_relocate_stack_gd
 .text.spl_fit_get_image_name.isra.0
                0x00000000fffc46f4      0x118 common/spl/built-in.o
 .text.spl_fit_get_image_node
                0x00000000fffc480c       0x50 common/spl/built-in.o
 .text.spl_load_fit_image
                0x00000000fffc485c      0x1ac common/spl/built-in.o
 .text.spl_fit_append_fdt
                0x00000000fffc4a08       0x98 common/spl/built-in.o
 .text.board_spl_fit_size_align
                0x00000000fffc4aa0        0x4 common/spl/built-in.o
                0x00000000fffc4aa0                board_spl_fit_size_align
 .text.spl_load_simple_fit
                0x00000000fffc4aa4      0x348 common/spl/built-in.o
                0x00000000fffc4aa4                spl_load_simple_fit
 .text.h_spl_load_read
                0x00000000fffc4dec       0x40 common/spl/built-in.o
 .text.spl_boot_mode
                0x00000000fffc4e2c        0x8 common/spl/built-in.o
                0x00000000fffc4e2c                spl_boot_mode
 .text.spl_mmc_load_image
                0x00000000fffc4e34      0x2c4 common/spl/built-in.o
                0x00000000fffc4e34                spl_mmc_load_image
 .text.spl_fit_images_get_entry
                0x00000000fffc50f8       0x50 common/spl/built-in.o
                0x00000000fffc50f8                spl_fit_images_get_entry
 .text.spl_invoke_atf
                0x00000000fffc5148      0x1a4 common/spl/built-in.o
                0x00000000fffc5148                spl_invoke_atf
 .text.spl_fit_read
                0x00000000fffc52ec       0x3c common/spl/built-in.o
 .text.spl_load_image_fat
                0x00000000fffc5328      0x130 common/spl/built-in.o
                0x00000000fffc5328                spl_load_image_fat
 .text.spl_load_image_fat_os
                0x00000000fffc5458       0xe4 common/spl/built-in.o
                0x00000000fffc5458                spl_load_image_fat_os
 .text.spl_ram_load_read
                0x00000000fffc553c       0x30 common/spl/built-in.o
 .text.spl_ram_load_image
                0x00000000fffc556c       0x74 common/spl/built-in.o
 .text.board_init_f_alloc_reserve
                0x00000000fffc55e0       0x10 common/init/built-in.o
                0x00000000fffc55e0                board_init_f_alloc_reserve
 .text.board_init_f_init_reserve
                0x00000000fffc55f0       0x30 common/init/built-in.o
                0x00000000fffc55f0                board_init_f_init_reserve
 .text.fdt_getprop_u32
                0x00000000fffc5620       0x38 common/built-in.o
                0x00000000fffc5620                fdt_getprop_u32
 .text.fit_find_config_node
                0x00000000fffc5658      0x108 common/built-in.o
                0x00000000fffc5658                fit_find_config_node
 .text.fdt_find_or_add_subnode
                0x00000000fffc5760       0x74 common/built-in.o
                0x00000000fffc5760                fdt_find_or_add_subnode
 .text.fdt_fixup_memory_banks
                0x00000000fffc57d4      0x23c common/built-in.o
                0x00000000fffc57d4                fdt_fixup_memory_banks
 .text.fdt_record_loadable
                0x00000000fffc5a10      0x178 common/built-in.o
                0x00000000fffc5a10                fdt_record_loadable
 .text.fdt_shrink_to_minimum
                0x00000000fffc5b88       0xc8 common/built-in.o
                0x00000000fffc5b88                fdt_shrink_to_minimum
 .text.fgetc.part.0
                0x00000000fffc5c50       0x3c common/built-in.o
 .text.getc     0x00000000fffc5c8c       0x24 common/built-in.o
                0x00000000fffc5c8c                getc
 .text.ftstc    0x00000000fffc5cb0       0x24 common/built-in.o
                0x00000000fffc5cb0                ftstc
 .text.tstc     0x00000000fffc5cd4       0x24 common/built-in.o
                0x00000000fffc5cd4                tstc
 .text.fputc    0x00000000fffc5cf8       0x24 common/built-in.o
                0x00000000fffc5cf8                fputc
 .text.putc     0x00000000fffc5d1c       0x38 common/built-in.o
                0x00000000fffc5d1c                putc
 .text.fputs    0x00000000fffc5d54       0x20 common/built-in.o
                0x00000000fffc5d54                fputs
 .text.puts     0x00000000fffc5d74       0x6c common/built-in.o
                0x00000000fffc5d74                puts
 .text.ctrlc    0x00000000fffc5de0       0x58 common/built-in.o
                0x00000000fffc5de0                ctrlc
 .text.sbrk     0x00000000fffc5e38       0x74 common/built-in.o
                0x00000000fffc5e38                sbrk
 .text.mem_malloc_init
                0x00000000fffc5eac       0x28 common/built-in.o
                0x00000000fffc5eac                mem_malloc_init
 .text.malloc_trim
                0x00000000fffc5ed4       0xd8 common/built-in.o
                0x00000000fffc5ed4                malloc_trim
 .text.free     0x00000000fffc5fac      0x22c common/built-in.o
                0x00000000fffc5fac                free
 .text.malloc   0x00000000fffc61d8      0x654 common/built-in.o
                0x00000000fffc61d8                malloc
 .text.calloc   0x00000000fffc682c      0x10c common/built-in.o
                0x00000000fffc682c                calloc
 .text.memalign
                0x00000000fffc6938      0x1c0 common/built-in.o
                0x00000000fffc6938                memalign
 .text.alloc_simple
                0x00000000fffc6af8       0x54 common/built-in.o
 .text.malloc_simple
                0x00000000fffc6b4c        0x8 common/built-in.o
                0x00000000fffc6b4c                malloc_simple
 .text.get_table_entry_id
                0x00000000fffc6b54       0x50 common/built-in.o
                0x00000000fffc6b54                get_table_entry_id
 .text.genimg_get_os_id
                0x00000000fffc6ba4       0x18 common/built-in.o
                0x00000000fffc6ba4                genimg_get_os_id
 .text.fit_image_get_address
                0x00000000fffc6bbc       0x84 common/built-in.o
 .text.fit_image_get_os
                0x00000000fffc6c40       0x4c common/built-in.o
                0x00000000fffc6c40                fit_image_get_os
 .text.fit_image_get_load
                0x00000000fffc6c8c       0x10 common/built-in.o
                0x00000000fffc6c8c                fit_image_get_load
 .text.fit_image_get_data
                0x00000000fffc6c9c       0x50 common/built-in.o
                0x00000000fffc6c9c                fit_image_get_data
 .text.fit_image_get_data_offset
                0x00000000fffc6cec       0x48 common/built-in.o
                0x00000000fffc6cec                fit_image_get_data_offset
 .text.fit_image_get_data_position
                0x00000000fffc6d34       0x48 common/built-in.o
                0x00000000fffc6d34                fit_image_get_data_position
 .text.fit_image_get_data_size
                0x00000000fffc6d7c       0x48 common/built-in.o
                0x00000000fffc6d7c                fit_image_get_data_size
 .text.fdt_check_header
                0x00000000fffc6dc4       0x74 lib/built-in.o
                0x00000000fffc6dc4                fdt_check_header
 .text.fdt_offset_ptr
                0x00000000fffc6e38       0x74 lib/built-in.o
                0x00000000fffc6e38                fdt_offset_ptr
 .text.fdt_next_tag
                0x00000000fffc6eac      0x104 lib/built-in.o
                0x00000000fffc6eac                fdt_next_tag
 .text.fdt_check_node_offset_
                0x00000000fffc6fb0       0x40 lib/built-in.o
                0x00000000fffc6fb0                fdt_check_node_offset_
 .text.fdt_check_prop_offset_
                0x00000000fffc6ff0       0x40 lib/built-in.o
                0x00000000fffc6ff0                fdt_check_prop_offset_
 .text.fdt_next_node
                0x00000000fffc7030       0xb0 lib/built-in.o
                0x00000000fffc7030                fdt_next_node
 .text.fdt_first_subnode
                0x00000000fffc70e0       0x34 lib/built-in.o
                0x00000000fffc70e0                fdt_first_subnode
 .text.fdt_next_subnode
                0x00000000fffc7114       0x5c lib/built-in.o
                0x00000000fffc7114                fdt_next_subnode
 .text.fdt_find_string_
                0x00000000fffc7170       0x70 lib/built-in.o
                0x00000000fffc7170                fdt_find_string_
 .text.fdt_strerror
                0x00000000fffc71e0       0x4c lib/built-in.o
                0x00000000fffc71e0                fdt_strerror
 .text.fdt_blocks_misordered_
                0x00000000fffc722c       0x60 lib/built-in.o
 .text.fdt_splice_
                0x00000000fffc728c       0x98 lib/built-in.o
 .text.fdt_splice_mem_rsv_
                0x00000000fffc7324       0x6c lib/built-in.o
 .text.fdt_splice_struct_
                0x00000000fffc7390       0x60 lib/built-in.o
 .text.fdt_add_property_
                0x00000000fffc73f0      0x150 lib/built-in.o
 .text.fdt_rw_check_header_
                0x00000000fffc7540       0x6c lib/built-in.o
 .text.fdt_add_mem_rsv
                0x00000000fffc75ac       0x7c lib/built-in.o
                0x00000000fffc75ac                fdt_add_mem_rsv
 .text.fdt_del_mem_rsv
                0x00000000fffc7628       0x70 lib/built-in.o
                0x00000000fffc7628                fdt_del_mem_rsv
 .text.fdt_setprop_placeholder
                0x00000000fffc7698       0xd8 lib/built-in.o
                0x00000000fffc7698                fdt_setprop_placeholder
 .text.fdt_setprop
                0x00000000fffc7770       0x54 lib/built-in.o
                0x00000000fffc7770                fdt_setprop
 .text.fdt_add_subnode_namelen
                0x00000000fffc77c4      0x11c lib/built-in.o
                0x00000000fffc77c4                fdt_add_subnode_namelen
 .text.fdt_add_subnode
                0x00000000fffc78e0       0x44 lib/built-in.o
                0x00000000fffc78e0                fdt_add_subnode
 .text.fdt_address_cells
                0x00000000fffc7924       0x58 lib/built-in.o
                0x00000000fffc7924                fdt_address_cells
 .text.fdt_size_cells
                0x00000000fffc797c       0x54 lib/built-in.o
                0x00000000fffc797c                fdt_size_cells
 .text.fdt_path_next_separator
                0x00000000fffc79d0       0x68 lib/built-in.o
 .text._nextprop
                0x00000000fffc7a38       0x64 lib/built-in.o
 .text.fdt_string
                0x00000000fffc7a9c       0x14 lib/built-in.o
                0x00000000fffc7a9c                fdt_string
 .text.fdt_get_mem_rsv
                0x00000000fffc7ab0       0x68 lib/built-in.o
                0x00000000fffc7ab0                fdt_get_mem_rsv
 .text.fdt_num_mem_rsv
                0x00000000fffc7b18       0x2c lib/built-in.o
                0x00000000fffc7b18                fdt_num_mem_rsv
 .text.fdt_subnode_offset_namelen
                0x00000000fffc7b44       0xec lib/built-in.o
                0x00000000fffc7b44                fdt_subnode_offset_namelen
 .text.fdt_subnode_offset
                0x00000000fffc7c30       0x44 lib/built-in.o
                0x00000000fffc7c30                fdt_subnode_offset
 .text.fdt_get_name
                0x00000000fffc7c74       0x7c lib/built-in.o
                0x00000000fffc7c74                fdt_get_name
 .text.fdt_first_property_offset
                0x00000000fffc7cf0       0x38 lib/built-in.o
                0x00000000fffc7cf0                fdt_first_property_offset
 .text.fdt_next_property_offset
                0x00000000fffc7d28       0x38 lib/built-in.o
                0x00000000fffc7d28                fdt_next_property_offset
 .text.fdt_get_property_by_offset
                0x00000000fffc7d60       0x64 lib/built-in.o
                0x00000000fffc7d60                fdt_get_property_by_offset
 .text.fdt_get_property_namelen
                0x00000000fffc7dc4       0xd4 lib/built-in.o
                0x00000000fffc7dc4                fdt_get_property_namelen
 .text.fdt_get_property
                0x00000000fffc7e98       0x4c lib/built-in.o
                0x00000000fffc7e98                fdt_get_property
 .text.fdt_getprop_namelen
                0x00000000fffc7ee4       0x20 lib/built-in.o
                0x00000000fffc7ee4                fdt_getprop_namelen
 .text.fdt_getprop_by_offset
                0x00000000fffc7f04       0x54 lib/built-in.o
                0x00000000fffc7f04                fdt_getprop_by_offset
 .text.fdt_getprop
                0x00000000fffc7f58       0x4c lib/built-in.o
                0x00000000fffc7f58                fdt_getprop
 .text.fdt_get_phandle
                0x00000000fffc7fa4       0x78 lib/built-in.o
                0x00000000fffc7fa4                fdt_get_phandle
 .text.fdt_get_alias_namelen
                0x00000000fffc801c       0x64 lib/built-in.o
                0x00000000fffc801c                fdt_get_alias_namelen
 .text.fdt_path_offset_namelen
                0x00000000fffc8080       0xfc lib/built-in.o
                0x00000000fffc8080                fdt_path_offset_namelen
 .text.fdt_path_offset
                0x00000000fffc817c       0x34 lib/built-in.o
                0x00000000fffc817c                fdt_path_offset
 .text.fdt_supernode_atdepth_offset
                0x00000000fffc81b0       0xc0 lib/built-in.o
                0x00000000fffc81b0                fdt_supernode_atdepth_offset
 .text.fdt_node_depth
                0x00000000fffc8270       0x30 lib/built-in.o
                0x00000000fffc8270                fdt_node_depth
 .text.fdt_parent_offset
                0x00000000fffc82a0       0x44 lib/built-in.o
                0x00000000fffc82a0                fdt_parent_offset
 .text.fdt_node_offset_by_prop_value
                0x00000000fffc82e4       0xb4 lib/built-in.o
                0x00000000fffc82e4                fdt_node_offset_by_prop_value
 .text.fdt_node_offset_by_phandle
                0x00000000fffc8398       0x84 lib/built-in.o
                0x00000000fffc8398                fdt_node_offset_by_phandle
 .text.fdt_stringlist_contains
                0x00000000fffc841c       0x98 lib/built-in.o
                0x00000000fffc841c                fdt_stringlist_contains
 .text.fdt_stringlist_search
                0x00000000fffc84b4       0xc4 lib/built-in.o
                0x00000000fffc84b4                fdt_stringlist_search
 .text.fdt_node_check_compatible
                0x00000000fffc8578       0x4c lib/built-in.o
                0x00000000fffc8578                fdt_node_check_compatible
 .text.fdtdec_get_int
                0x00000000fffc85c4       0x40 lib/built-in.o
                0x00000000fffc85c4                fdtdec_get_int
 .text.get_prop_check_min_len
                0x00000000fffc8604       0x48 lib/built-in.o
 .text.fdtdec_get_is_enabled
                0x00000000fffc864c       0x40 lib/built-in.o
                0x00000000fffc864c                fdtdec_get_is_enabled
 .text.get_next_memory_node
                0x00000000fffc868c       0x68 lib/built-in.o
 .text.fdtdec_get_alias_seq
                0x00000000fffc86f4      0x128 lib/built-in.o
                0x00000000fffc86f4                fdtdec_get_alias_seq
 .text.fdtdec_get_chosen_prop
                0x00000000fffc881c       0x44 lib/built-in.o
                0x00000000fffc881c                fdtdec_get_chosen_prop
 .text.fdtdec_get_chosen_node
                0x00000000fffc8860       0x3c lib/built-in.o
                0x00000000fffc8860                fdtdec_get_chosen_node
 .text.fdtdec_prepare_fdt
                0x00000000fffc889c       0x44 lib/built-in.o
                0x00000000fffc889c                fdtdec_prepare_fdt
 .text.fdtdec_get_int_array
                0x00000000fffc88e0       0x60 lib/built-in.o
                0x00000000fffc88e0                fdtdec_get_int_array
 .text.fdtdec_get_bool
                0x00000000fffc8940       0x20 lib/built-in.o
                0x00000000fffc8940                fdtdec_get_bool
 .text.fdtdec_parse_phandle_with_args
                0x00000000fffc8960      0x154 lib/built-in.o
                0x00000000fffc8960                fdtdec_parse_phandle_with_args
 .text.fdtdec_get_number
                0x00000000fffc8ab4       0x30 lib/built-in.o
                0x00000000fffc8ab4                fdtdec_get_number
 .text.fdtdec_get_addr_size_fixed
                0x00000000fffc8ae4       0xb0 lib/built-in.o
                0x00000000fffc8ae4                fdtdec_get_addr_size_fixed
 .text.fdtdec_get_addr_size_auto_parent
                0x00000000fffc8b94       0xa8 lib/built-in.o
                0x00000000fffc8b94                fdtdec_get_addr_size_auto_parent
 .text.fdtdec_get_addr_size
                0x00000000fffc8c3c       0x20 lib/built-in.o
                0x00000000fffc8c3c                fdtdec_get_addr_size
 .text.fdt_get_resource
                0x00000000fffc8c5c      0x114 lib/built-in.o
                0x00000000fffc8c5c                fdt_get_resource
 .text.fdtdec_setup_memory_banksize
                0x00000000fffc8d70       0xfc lib/built-in.o
                0x00000000fffc8d70                fdtdec_setup_memory_banksize
 .text.board_fdt_blob_setup
                0x00000000fffc8e6c        0xc lib/built-in.o
                0x00000000fffc8e6c                board_fdt_blob_setup
 .text.fdtdec_setup
                0x00000000fffc8e78       0x24 lib/built-in.o
                0x00000000fffc8e78                fdtdec_setup
 .text.crc32_no_comp
                0x00000000fffc8e9c       0xdc lib/built-in.o
                0x00000000fffc8e9c                crc32_no_comp
 .text.crc32    0x00000000fffc8f78       0x1c lib/built-in.o
                0x00000000fffc8f78                crc32
 .text.hang     0x00000000fffc8f94       0x20 lib/built-in.o
                0x00000000fffc8f94                hang
 .text.strncasecmp
                0x00000000fffc8fb4       0x78 lib/built-in.o
                0x00000000fffc8fb4                strncasecmp
 .text.strcasecmp
                0x00000000fffc902c        0x8 lib/built-in.o
                0x00000000fffc902c                strcasecmp
 .text.strcpy   0x00000000fffc9034       0x18 lib/built-in.o
                0x00000000fffc9034                strcpy
 .text.strcmp   0x00000000fffc904c       0x28 lib/built-in.o
                0x00000000fffc904c                strcmp
 .text.strncmp  0x00000000fffc9074       0x38 lib/built-in.o
                0x00000000fffc9074                strncmp
 .text.strchr   0x00000000fffc90ac       0x28 lib/built-in.o
                0x00000000fffc90ac                strchr
 .text.strlen   0x00000000fffc90d4       0x1c lib/built-in.o
                0x00000000fffc90d4                strlen
 .text.strrchr  0x00000000fffc90f0       0x40 lib/built-in.o
                0x00000000fffc90f0                strrchr
 .text.strnlen  0x00000000fffc9130       0x28 lib/built-in.o
                0x00000000fffc9130                strnlen
 .text.strdup   0x00000000fffc9158       0x4c lib/built-in.o
                0x00000000fffc9158                strdup
 .text.memset   0x00000000fffc91a4       0x70 lib/built-in.o
                0x00000000fffc91a4                memset
 .text.memcpy   0x00000000fffc9214       0x70 lib/built-in.o
                0x00000000fffc9214                memcpy
 .text.memmove  0x00000000fffc9284       0x4c lib/built-in.o
                0x00000000fffc9284                memmove
 .text.memcmp   0x00000000fffc92d0       0x30 lib/built-in.o
                0x00000000fffc92d0                memcmp
 .text.memchr   0x00000000fffc9300       0x30 lib/built-in.o
                0x00000000fffc9300                memchr
 .text.timer_init
                0x00000000fffc9330        0x8 lib/built-in.o
                0x00000000fffc9330                timer_init
 .text.get_timer
                0x00000000fffc9338       0x3c lib/built-in.o
                0x00000000fffc9338                get_timer
 .text.__udelay
                0x00000000fffc9374       0x4c lib/built-in.o
                0x00000000fffc9374                __udelay
 .text.udelay   0x00000000fffc93c0       0x44 lib/built-in.o
                0x00000000fffc93c0                udelay
 .text.uuid_bin_to_str
                0x00000000fffc9404       0xd4 lib/built-in.o
                0x00000000fffc9404                uuid_bin_to_str
 .text.panic_str
                0x00000000fffc94d8       0x18 lib/built-in.o
                0x00000000fffc94d8                panic_str
 .text.put_dec_trunc
                0x00000000fffc94f0       0xe0 lib/built-in.o
 .text.put_dec  0x00000000fffc95d0       0xd0 lib/built-in.o
 .text.number   0x00000000fffc96a0      0x2cc lib/built-in.o
 .text.string   0x00000000fffc996c       0xdc lib/built-in.o
 .text.vsnprintf_internal
                0x00000000fffc9a48      0x980 lib/built-in.o
 .text.vscnprintf
                0x00000000fffca3c8       0x74 lib/built-in.o
                0x00000000fffca3c8                vscnprintf
 .text.snprintf
                0x00000000fffca43c       0x7c lib/built-in.o
                0x00000000fffca43c                snprintf
 .text.vsprintf
                0x00000000fffca4b8       0x44 lib/built-in.o
                0x00000000fffca4b8                vsprintf
 .text.sprintf  0x00000000fffca4fc       0x74 lib/built-in.o
                0x00000000fffca4fc                sprintf
 .text.printf   0x00000000fffca570       0xb4 lib/built-in.o
                0x00000000fffca570                printf
 .text._parse_integer_fixup_radix
                0x00000000fffca624       0xac lib/built-in.o
 .text.simple_strtoul
                0x00000000fffca6d0       0x98 lib/built-in.o
                0x00000000fffca6d0                simple_strtoul
 .text.trailing_strtoln
                0x00000000fffca768       0x78 lib/built-in.o
                0x00000000fffca768                trailing_strtoln
 .text.trailing_strtol
                0x00000000fffca7e0        0x8 lib/built-in.o
                0x00000000fffca7e0                trailing_strtol
 .text.part_driver_lookup_type
                0x00000000fffca7e8       0xa8 disk/built-in.o
 .text.part_init
                0x00000000fffca890       0x7c disk/built-in.o
                0x00000000fffca890                part_init
 .text.part_get_info
                0x00000000fffca90c       0x68 disk/built-in.o
                0x00000000fffca90c                part_get_info
 .text.part_set_generic_name
                0x00000000fffca974       0x48 disk/built-in.o
                0x00000000fffca974                part_set_generic_name
 .text.test_block_type
                0x00000000fffca9bc       0x90 disk/built-in.o
 .text.part_test_dos
                0x00000000fffcaa4c       0x68 disk/built-in.o
 .text.part_get_info_extended
                0x00000000fffcaab4      0x2c4 disk/built-in.o
 .text.part_get_info_dos
                0x00000000fffcad78       0x1c disk/built-in.o
                0x00000000fffcad78                part_get_info_dos
 .text.print_efiname
                0x00000000fffcad94       0x5c disk/built-in.o
 .text.part_test_efi
                0x00000000fffcadf0       0xb4 disk/built-in.o
 .text.validate_gpt_entries
                0x00000000fffcaea4       0xa8 disk/built-in.o
 .text.validate_gpt_header
                0x00000000fffcaf4c      0x230 disk/built-in.o
 .text.is_gpt_valid
                0x00000000fffcb17c      0x28c disk/built-in.o
 .text.is_pte_valid
                0x00000000fffcb408       0x64 disk/built-in.o
 .text.part_get_info_efi
                0x00000000fffcb46c      0x240 disk/built-in.o
                0x00000000fffcb46c                part_get_info_efi
 .text.clk_request
                0x00000000fffcb6ac       0x24 drivers/built-in.o
                0x00000000fffcb6ac                clk_request
 .text.clk_get_by_indexed_prop.isra.1
                0x00000000fffcb6d0       0xb4 drivers/built-in.o
 .text.clk_get_by_index
                0x00000000fffcb784       0x18 drivers/built-in.o
                0x00000000fffcb784                clk_get_by_index
 .text.clk_get_by_name
                0x00000000fffcb79c       0x54 drivers/built-in.o
                0x00000000fffcb79c                clk_get_by_name
 .text.clk_get_rate
                0x00000000fffcb7f0       0x20 drivers/built-in.o
                0x00000000fffcb7f0                clk_get_rate
 .text.clk_set_rate
                0x00000000fffcb810       0x20 drivers/built-in.o
                0x00000000fffcb810                clk_set_rate
 .text.clk_set_parent
                0x00000000fffcb830       0x20 drivers/built-in.o
                0x00000000fffcb830                clk_set_parent
 .text.clk_set_defaults
                0x00000000fffcb850      0x18c drivers/built-in.o
                0x00000000fffcb850                clk_set_defaults
 .text.clk_enable
                0x00000000fffcb9dc       0x20 drivers/built-in.o
                0x00000000fffcb9dc                clk_enable
 .text.clk_fixed_rate_ofdata_to_platdata
                0x00000000fffcb9fc       0x44 drivers/built-in.o
 .text.clk_fixed_rate_get_rate
                0x00000000fffcba40       0x2c drivers/built-in.o
 .text.zynqmp_get_freq_by_name
                0x00000000fffcba6c       0x84 drivers/built-in.o
 .text.zynqmp_clk_probe
                0x00000000fffcbaf0       0xa8 drivers/built-in.o
 .text.zynqmp_clk_get_pll_rate
                0x00000000fffcbb98       0xe4 drivers/built-in.o
 .text.zynqmp_clk_set_rate
                0x00000000fffcbc7c      0x188 drivers/built-in.o
 .text.zynqmp_clk_get_rate
                0x00000000fffcbe04      0x2a8 drivers/built-in.o
 .text.device_bind_common.isra.0
                0x00000000fffcc0ac      0x2a4 drivers/built-in.o
 .text.alloc_priv
                0x00000000fffcc350       0x68 drivers/built-in.o
 .text.device_bind_with_driver_data
                0x00000000fffcc3b8       0x14 drivers/built-in.o
                0x00000000fffcc3b8                device_bind_with_driver_data
 .text.device_bind_by_name
                0x00000000fffcc3cc       0x7c drivers/built-in.o
                0x00000000fffcc3cc                device_bind_by_name
 .text.device_probe
                0x00000000fffcc448      0x1ac drivers/built-in.o
                0x00000000fffcc448                device_probe
 .text.dev_get_platdata
                0x00000000fffcc5f4       0x14 drivers/built-in.o
                0x00000000fffcc5f4                dev_get_platdata
 .text.dev_get_parent_platdata
                0x00000000fffcc608       0x14 drivers/built-in.o
                0x00000000fffcc608                dev_get_parent_platdata
 .text.dev_get_uclass_platdata
                0x00000000fffcc61c       0x14 drivers/built-in.o
                0x00000000fffcc61c                dev_get_uclass_platdata
 .text.dev_get_priv
                0x00000000fffcc630       0x14 drivers/built-in.o
                0x00000000fffcc630                dev_get_priv
 .text.dev_get_uclass_priv
                0x00000000fffcc644       0x14 drivers/built-in.o
                0x00000000fffcc644                dev_get_uclass_priv
 .text.dev_get_parent_priv
                0x00000000fffcc658       0x14 drivers/built-in.o
                0x00000000fffcc658                dev_get_parent_priv
 .text.device_find_first_child
                0x00000000fffcc66c       0x20 drivers/built-in.o
                0x00000000fffcc66c                device_find_first_child
 .text.dev_get_parent
                0x00000000fffcc68c        0x8 drivers/built-in.o
                0x00000000fffcc68c                dev_get_parent
 .text.device_get_uclass_id
                0x00000000fffcc694       0x10 drivers/built-in.o
                0x00000000fffcc694                device_get_uclass_id
 .text.device_set_name_alloced
                0x00000000fffcc6a4       0x10 drivers/built-in.o
                0x00000000fffcc6a4                device_set_name_alloced
 .text.devfdt_get_addr_index
                0x00000000fffcc6b4       0x7c drivers/built-in.o
                0x00000000fffcc6b4                devfdt_get_addr_index
 .text.devfdt_get_addr
                0x00000000fffcc730        0x8 drivers/built-in.o
                0x00000000fffcc730                devfdt_get_addr
 .text.lists_driver_lookup_name
                0x00000000fffcc738       0x78 drivers/built-in.o
                0x00000000fffcc738                lists_driver_lookup_name
 .text.lists_uclass_lookup
                0x00000000fffcc7b0       0x58 drivers/built-in.o
                0x00000000fffcc7b0                lists_uclass_lookup
 .text.lists_bind_drivers
                0x00000000fffcc808       0x90 drivers/built-in.o
                0x00000000fffcc808                lists_bind_drivers
 .text.device_bind_driver_to_node
                0x00000000fffcc898       0x68 drivers/built-in.o
                0x00000000fffcc898                device_bind_driver_to_node
 .text.device_bind_driver
                0x00000000fffcc900        0xc drivers/built-in.o
                0x00000000fffcc900                device_bind_driver
 .text.lists_bind_fdt
                0x00000000fffcc90c      0x168 drivers/built-in.o
                0x00000000fffcc90c                lists_bind_fdt
 .text.dm_scan_fdt_node
                0x00000000fffcca74       0xf8 drivers/built-in.o
 .text.dm_scan_fdt_ofnode_path
                0x00000000fffccb6c       0x48 drivers/built-in.o
 .text.dm_root  0x00000000fffccbb4       0x18 drivers/built-in.o
                0x00000000fffccbb4                dm_root
 .text.dm_get_translation_offset
                0x00000000fffccbcc       0x1c drivers/built-in.o
                0x00000000fffccbcc                dm_get_translation_offset
 .text.dm_init  0x00000000fffccbe8       0x5c drivers/built-in.o
                0x00000000fffccbe8                dm_init
 .text.dm_scan_platdata
                0x00000000fffccc44       0x28 drivers/built-in.o
                0x00000000fffccc44                dm_scan_platdata
 .text.dm_scan_fdt_dev
                0x00000000fffccc6c       0x28 drivers/built-in.o
                0x00000000fffccc6c                dm_scan_fdt_dev
 .text.dm_scan_fdt
                0x00000000fffccc94       0x18 drivers/built-in.o
                0x00000000fffccc94                dm_scan_fdt
 .text.dm_extended_scan_fdt
                0x00000000fffcccac       0x58 drivers/built-in.o
                0x00000000fffcccac                dm_extended_scan_fdt
 .text.dm_scan_other
                0x00000000fffccd04        0x8 drivers/built-in.o
                0x00000000fffccd04                dm_scan_other
 .text.dm_init_and_scan
                0x00000000fffccd0c       0x54 drivers/built-in.o
                0x00000000fffccd0c                dm_init_and_scan
 .text.uclass_find
                0x00000000fffccd60       0x48 drivers/built-in.o
                0x00000000fffccd60                uclass_find
 .text.uclass_get
                0x00000000fffccda8      0x130 drivers/built-in.o
                0x00000000fffccda8                uclass_get
 .text.uclass_find_device
                0x00000000fffcced8       0x78 drivers/built-in.o
                0x00000000fffcced8                uclass_find_device
 .text.uclass_find_first_device
                0x00000000fffccf50       0x48 drivers/built-in.o
                0x00000000fffccf50                uclass_find_first_device
 .text.uclass_find_device_by_seq
                0x00000000fffccf98       0x90 drivers/built-in.o
                0x00000000fffccf98                uclass_find_device_by_seq
 .text.uclass_find_device_by_of_offset
                0x00000000fffcd028       0x78 drivers/built-in.o
                0x00000000fffcd028                uclass_find_device_by_of_offset
 .text.uclass_find_device_by_ofnode
                0x00000000fffcd0a0       0x7c drivers/built-in.o
                0x00000000fffcd0a0                uclass_find_device_by_ofnode
 .text.uclass_get_device_tail
                0x00000000fffcd11c       0x40 drivers/built-in.o
                0x00000000fffcd11c                uclass_get_device_tail
 .text.uclass_get_device
                0x00000000fffcd15c       0x38 drivers/built-in.o
                0x00000000fffcd15c                uclass_get_device
 .text.uclass_get_device_by_seq
                0x00000000fffcd194       0x68 drivers/built-in.o
                0x00000000fffcd194                uclass_get_device_by_seq
 .text.uclass_get_device_by_of_offset
                0x00000000fffcd1fc       0x38 drivers/built-in.o
                0x00000000fffcd1fc                uclass_get_device_by_of_offset
 .text.uclass_get_device_by_ofnode
                0x00000000fffcd234       0x38 drivers/built-in.o
                0x00000000fffcd234                uclass_get_device_by_ofnode
 .text.uclass_first_device
                0x00000000fffcd26c       0x44 drivers/built-in.o
                0x00000000fffcd26c                uclass_first_device
 .text.uclass_bind_device
                0x00000000fffcd2b0       0x70 drivers/built-in.o
                0x00000000fffcd2b0                uclass_bind_device
 .text.uclass_resolve_seq
                0x00000000fffcd320       0x98 drivers/built-in.o
                0x00000000fffcd320                uclass_resolve_seq
 .text.uclass_pre_probe_device
                0x00000000fffcd3b8       0x64 drivers/built-in.o
                0x00000000fffcd3b8                uclass_pre_probe_device
 .text.uclass_post_probe_device
                0x00000000fffcd41c       0x64 drivers/built-in.o
                0x00000000fffcd41c                uclass_post_probe_device
 .text.dm_ofnode_pre_reloc
                0x00000000fffcd480       0x48 drivers/built-in.o
                0x00000000fffcd480                dm_ofnode_pre_reloc
 .text.simple_bus_post_bind
                0x00000000fffcd4c8       0x60 drivers/built-in.o
 .text.simple_bus_translate
                0x00000000fffcd528       0x50 drivers/built-in.o
                0x00000000fffcd528                simple_bus_translate
 .text.ofnode_read_u32
                0x00000000fffcd578       0x5c drivers/built-in.o
                0x00000000fffcd578                ofnode_read_u32
 .text.ofnode_read_u32_default
                0x00000000fffcd5d4       0x24 drivers/built-in.o
                0x00000000fffcd5d4                ofnode_read_u32_default
 .text.ofnode_read_u32_array
                0x00000000fffcd5f8       0x1c drivers/built-in.o
                0x00000000fffcd5f8                ofnode_read_u32_array
 .text.ofnode_get_name
                0x00000000fffcd614       0x14 drivers/built-in.o
                0x00000000fffcd614                ofnode_get_name
 .text.ofnode_read_size
                0x00000000fffcd628       0x38 drivers/built-in.o
                0x00000000fffcd628                ofnode_read_size
 .text.ofnode_stringlist_search
                0x00000000fffcd660       0x44 drivers/built-in.o
                0x00000000fffcd660                ofnode_stringlist_search
 .text.ofnode_parse_phandle_with_args
                0x00000000fffcd6a4       0x6c drivers/built-in.o
                0x00000000fffcd6a4                ofnode_parse_phandle_with_args
 .text.ofnode_count_phandle_with_args
                0x00000000fffcd710       0x24 drivers/built-in.o
                0x00000000fffcd710                ofnode_count_phandle_with_args
 .text.ofnode_path
                0x00000000fffcd734       0x24 drivers/built-in.o
                0x00000000fffcd734                ofnode_path
 .text.ofnode_get_property
                0x00000000fffcd758       0x18 drivers/built-in.o
                0x00000000fffcd758                ofnode_get_property
 .text.ofnode_read_bool
                0x00000000fffcd770       0x20 drivers/built-in.o
                0x00000000fffcd770                ofnode_read_bool
 .text.ofnode_get_addr_size
                0x00000000fffcd790       0x18 drivers/built-in.o
                0x00000000fffcd790                ofnode_get_addr_size
 .text.ofnode_device_is_compatible
                0x00000000fffcd7a8       0x2c drivers/built-in.o
                0x00000000fffcd7a8                ofnode_device_is_compatible
 .text.mmc_send_op_cond_iter
                0x00000000fffcd7d4       0x74 drivers/built-in.o
 .text.mmc_send_ext_csd
                0x00000000fffcd848       0x40 drivers/built-in.o
 .text.mmc_go_idle
                0x00000000fffcd888       0x50 drivers/built-in.o
 .text.mmc_set_capacity
                0x00000000fffcd8d8       0x84 drivers/built-in.o
 .text.mmc_read_and_compare_ext_csd
                0x00000000fffcd95c       0xb0 drivers/built-in.o
 .text.sd_get_capabilities
                0x00000000fffcda0c      0x1b0 drivers/built-in.o
 .text.mmc_send_status
                0x00000000fffcdbbc       0xd4 drivers/built-in.o
                0x00000000fffcdbbc                mmc_send_status
 .text.mmc_set_blocklen
                0x00000000fffcdc90       0x7c drivers/built-in.o
                0x00000000fffcdc90                mmc_set_blocklen
 .text.mmc_bread
                0x00000000fffcdd0c      0x180 drivers/built-in.o
                0x00000000fffcdd0c                mmc_bread
 .text.mmc_switch
                0x00000000fffcde8c       0x6c drivers/built-in.o
                0x00000000fffcde8c                mmc_switch
 .text.mmc_startup_v4
                0x00000000fffcdef8      0x20c drivers/built-in.o
 .text.mmc_set_card_speed
                0x00000000fffce104       0xa0 drivers/built-in.o
 .text.mmc_switch_part
                0x00000000fffce1a4       0x7c drivers/built-in.o
                0x00000000fffce1a4                mmc_switch_part
 .text.mmc_set_clock
                0x00000000fffce220       0x30 drivers/built-in.o
                0x00000000fffce220                mmc_set_clock
 .text.mmc_get_op_cond
                0x00000000fffce250      0x22c drivers/built-in.o
                0x00000000fffce250                mmc_get_op_cond
 .text.mmc_start_init
                0x00000000fffce47c       0x68 drivers/built-in.o
                0x00000000fffce47c                mmc_start_init
 .text.mmc_init
                0x00000000fffce4e4      0x94c drivers/built-in.o
                0x00000000fffce4e4                mmc_init
 .text.mmc_initialize
                0x00000000fffcee30       0xd0 drivers/built-in.o
                0x00000000fffcee30                mmc_initialize
 .text.mmc_blk_probe
                0x00000000fffcef00       0x1c drivers/built-in.o
 .text.dm_mmc_set_ios
                0x00000000fffcef1c       0x1c drivers/built-in.o
                0x00000000fffcef1c                dm_mmc_set_ios
 .text.mmc_set_ios
                0x00000000fffcef38        0x8 drivers/built-in.o
                0x00000000fffcef38                mmc_set_ios
 .text.dm_mmc_send_init_stream
                0x00000000fffcef40       0x18 drivers/built-in.o
                0x00000000fffcef40                dm_mmc_send_init_stream
 .text.mmc_send_init_stream
                0x00000000fffcef58        0x8 drivers/built-in.o
                0x00000000fffcef58                mmc_send_init_stream
 .text.dm_mmc_get_cd
                0x00000000fffcef60       0x1c drivers/built-in.o
                0x00000000fffcef60                dm_mmc_get_cd
 .text.mmc_getcd
                0x00000000fffcef7c        0x8 drivers/built-in.o
                0x00000000fffcef7c                mmc_getcd
 .text.mmc_get_mmc_dev
                0x00000000fffcef84       0x28 drivers/built-in.o
                0x00000000fffcef84                mmc_get_mmc_dev
 .text.dm_mmc_send_cmd
                0x00000000fffcefac       0x60 drivers/built-in.o
                0x00000000fffcefac                dm_mmc_send_cmd
 .text.mmc_send_cmd
                0x00000000fffcf00c        0x8 drivers/built-in.o
                0x00000000fffcf00c                mmc_send_cmd
 .text.mmc_select_hwpart
                0x00000000fffcf014       0x78 drivers/built-in.o
 .text.find_mmc_device
                0x00000000fffcf08c       0x54 drivers/built-in.o
                0x00000000fffcf08c                find_mmc_device
 .text.mmc_get_blk_desc
                0x00000000fffcf0e0       0x30 drivers/built-in.o
                0x00000000fffcf0e0                mmc_get_blk_desc
 .text.mmc_do_preinit
                0x00000000fffcf110       0x68 drivers/built-in.o
                0x00000000fffcf110                mmc_do_preinit
 .text.mmc_bind
                0x00000000fffcf178       0xa0 drivers/built-in.o
                0x00000000fffcf178                mmc_bind
 .text.sdhci_get_cd
                0x00000000fffcf218       0x58 drivers/built-in.o
                0x00000000fffcf218                sdhci_get_cd
 .text.sdhci_reset.isra.3
                0x00000000fffcf270       0x88 drivers/built-in.o
 .text.sdhci_set_clock.isra.5
                0x00000000fffcf2f8      0x1c4 drivers/built-in.o
 .text.sdhci_set_ios
                0x00000000fffcf4bc      0x128 drivers/built-in.o
 .text.sdhci_send_command
                0x00000000fffcf5e4      0x4c0 drivers/built-in.o
 .text.sdhci_probe
                0x00000000fffcfaa4      0x20c drivers/built-in.o
                0x00000000fffcfaa4                sdhci_probe
 .text.sdhci_setup_cfg
                0x00000000fffcfcb0      0x240 drivers/built-in.o
                0x00000000fffcfcb0                sdhci_setup_cfg
 .text.sdhci_bind
                0x00000000fffcfef0        0x4 drivers/built-in.o
                0x00000000fffcfef0                sdhci_bind
 .text.arasan_sdhci_set_control_reg
                0x00000000fffcfef4       0xb4 drivers/built-in.o
 .text.arasan_sdhci_set_tapdelay
                0x00000000fffcffa8       0x68 drivers/built-in.o
 .text.arasan_sdhci_probe
                0x00000000fffd0010      0x134 drivers/built-in.o
 .text.arasan_sdhci_bind
                0x00000000fffd0144       0x2c drivers/built-in.o
 .text.arasan_dt_read_tap_delay.isra.0
                0x00000000fffd0170        0xc drivers/built-in.o
 .text.arasan_sdhci_ofdata_to_platdata
                0x00000000fffd017c      0x330 drivers/built-in.o
 .text.arasan_zynqmp_dll_reset.isra.1
                0x00000000fffd04ac       0x98 drivers/built-in.o
 .text.arasan_sdhci_execute_tuning
                0x00000000fffd0544      0x1b4 drivers/built-in.o
 .text._serial_putc
                0x00000000fffd06f8       0x58 drivers/built-in.o
 .text.serial_post_probe
                0x00000000fffd0750       0x20 drivers/built-in.o
 .text.serial_pre_remove
                0x00000000fffd0770        0x8 drivers/built-in.o
 .text.serial_init
                0x00000000fffd0778      0x15c drivers/built-in.o
                0x00000000fffd0778                serial_init
 .text.serial_putc
                0x00000000fffd08d4       0x18 drivers/built-in.o
                0x00000000fffd08d4                serial_putc
 .text.serial_puts
                0x00000000fffd08ec       0x44 drivers/built-in.o
                0x00000000fffd08ec                serial_puts
 .text.serial_getc
                0x00000000fffd0930       0x50 drivers/built-in.o
                0x00000000fffd0930                serial_getc
 .text.serial_tstc
                0x00000000fffd0980       0x34 drivers/built-in.o
                0x00000000fffd0980                serial_tstc
 .text.arm_dcc_getc
                0x00000000fffd09b4       0x10 drivers/built-in.o
 .text.arm_dcc_putc
                0x00000000fffd09c4       0x2c drivers/built-in.o
 .text.arm_dcc_pending
                0x00000000fffd09f0       0x24 drivers/built-in.o
 .text._uart_zynq_serial_setbrg
                0x00000000fffd0a14       0x8c drivers/built-in.o
 .text._uart_zynq_serial_putc
                0x00000000fffd0aa0       0x28 drivers/built-in.o
 .text.zynq_serial_pending
                0x00000000fffd0ac8       0x44 drivers/built-in.o
 .text.zynq_serial_putc
                0x00000000fffd0b0c       0x28 drivers/built-in.o
 .text.zynq_serial_getc
                0x00000000fffd0b34       0x34 drivers/built-in.o
 .text.zynq_serial_probe
                0x00000000fffd0b68       0x3c drivers/built-in.o
 .text.zynq_serial_setbrg
                0x00000000fffd0ba4       0xc0 drivers/built-in.o
 .text.zynq_serial_ofdata_to_platdata
                0x00000000fffd0c64       0x3c drivers/built-in.o
 .text.printch  0x00000000fffd0ca0       0x44 drivers/built-in.o
                0x00000000fffd0ca0                printch
 .text.printascii
                0x00000000fffd0ce4       0x5c drivers/built-in.o
                0x00000000fffd0ce4                printascii
 .text.debug_uart_init
                0x00000000fffd0d40       0x48 drivers/built-in.o
                0x00000000fffd0d40                debug_uart_init
 .text.spi_flash_post_bind
                0x00000000fffd0d88        0x8 drivers/built-in.o
 .text.spi_flash_std_remove
                0x00000000fffd0d90        0x8 drivers/built-in.o
 .text.spi_flash_std_get_sw_write_prot
                0x00000000fffd0d98       0x14 drivers/built-in.o
 .text.spi_flash_std_erase
                0x00000000fffd0dac       0x2c drivers/built-in.o
 .text.spi_flash_std_write
                0x00000000fffd0dd8       0x3c drivers/built-in.o
 .text.spi_flash_std_read
                0x00000000fffd0e14       0x3c drivers/built-in.o
 .text.spi_flash_std_probe
                0x00000000fffd0e50       0x84 drivers/built-in.o
 .text.spi_flash_dual
                0x00000000fffd0ed4       0x84 drivers/built-in.o
 .text.stm_is_locked_sr
                0x00000000fffd0f58       0x54 drivers/built-in.o
 .text.spi_flash_read_common
                0x00000000fffd0fac       0x78 drivers/built-in.o
                0x00000000fffd0fac                spi_flash_read_common
 .text.read_sr  0x00000000fffd1024       0x38 drivers/built-in.o
 .text.spi_flash_cmd_get_sw_write_prot
                0x00000000fffd105c       0x24 drivers/built-in.o
                0x00000000fffd105c                spi_flash_cmd_get_sw_write_prot
 .text.stm_is_locked
                0x00000000fffd1080       0xdc drivers/built-in.o
                0x00000000fffd1080                stm_is_locked
 .text.read_fsr
                0x00000000fffd115c       0x38 drivers/built-in.o
 .text.spi_flash_wait_till_ready
                0x00000000fffd1194      0x17c drivers/built-in.o
                0x00000000fffd1194                spi_flash_wait_till_ready
 .text.spi_flash_write_common
                0x00000000fffd1310       0xf8 drivers/built-in.o
                0x00000000fffd1310                spi_flash_write_common
 .text.write_bar
                0x00000000fffd1408       0x94 drivers/built-in.o
 .text.clean_bar
                0x00000000fffd149c       0x5c drivers/built-in.o
 .text.spi_flash_cmd_erase_ops
                0x00000000fffd14f8      0x180 drivers/built-in.o
                0x00000000fffd14f8                spi_flash_cmd_erase_ops
 .text.spi_flash_cmd_write_ops
                0x00000000fffd1678      0x1a4 drivers/built-in.o
                0x00000000fffd1678                spi_flash_cmd_write_ops
 .text.write_sr
                0x00000000fffd181c       0x38 drivers/built-in.o
 .text.stm_lock
                0x00000000fffd1854      0x19c drivers/built-in.o
                0x00000000fffd1854                stm_lock
 .text.stm_unlock
                0x00000000fffd19f0      0x1a4 drivers/built-in.o
                0x00000000fffd19f0                stm_unlock
 .text.set_quad_mode.isra.5
                0x00000000fffd1b94      0x2a4 drivers/built-in.o
 .text.spi_flash_copy_mmap
                0x00000000fffd1e38        0x4 drivers/built-in.o
                0x00000000fffd1e38                spi_flash_copy_mmap
 .text.spi_flash_cmd_read_ops
                0x00000000fffd1e3c      0x2e8 drivers/built-in.o
                0x00000000fffd1e3c                spi_flash_cmd_read_ops
 .text.spi_flash_cmd_4B_addr_switch
                0x00000000fffd2124      0x118 drivers/built-in.o
                0x00000000fffd2124                spi_flash_cmd_4B_addr_switch
 .text.spi_flash_decode_fdt
                0x00000000fffd223c       0x60 drivers/built-in.o
                0x00000000fffd223c                spi_flash_decode_fdt
 .text.spi_flash_scan
                0x00000000fffd229c      0x690 drivers/built-in.o
                0x00000000fffd229c                spi_flash_scan
 .text.spi_flash_read_write
                0x00000000fffd292c       0xa8 drivers/built-in.o
 .text.spi_flash_cmd_read
                0x00000000fffd29d4       0x10 drivers/built-in.o
                0x00000000fffd29d4                spi_flash_cmd_read
 .text.spi_flash_cmd
                0x00000000fffd29e4       0x2c drivers/built-in.o
                0x00000000fffd29e4                spi_flash_cmd
 .text.spi_flash_cmd_write
                0x00000000fffd2a10        0xc drivers/built-in.o
                0x00000000fffd2a10                spi_flash_cmd_write
 .text.spi_set_speed_mode
                0x00000000fffd2a1c       0x94 drivers/built-in.o
 .text.spi_child_pre_probe
                0x00000000fffd2ab0       0x4c drivers/built-in.o
 .text.spi_post_probe
                0x00000000fffd2afc       0x40 drivers/built-in.o
 .text.dm_spi_claim_bus
                0x00000000fffd2b3c       0xc4 drivers/built-in.o
                0x00000000fffd2b3c                dm_spi_claim_bus
 .text.dm_spi_release_bus
                0x00000000fffd2c00       0x1c drivers/built-in.o
                0x00000000fffd2c00                dm_spi_release_bus
 .text.dm_spi_xfer
                0x00000000fffd2c1c       0x30 drivers/built-in.o
                0x00000000fffd2c1c                dm_spi_xfer
 .text.spi_claim_bus
                0x00000000fffd2c4c        0x8 drivers/built-in.o
                0x00000000fffd2c4c                spi_claim_bus
 .text.spi_release_bus
                0x00000000fffd2c54        0x8 drivers/built-in.o
                0x00000000fffd2c54                spi_release_bus
 .text.spi_xfer
                0x00000000fffd2c5c        0x8 drivers/built-in.o
                0x00000000fffd2c5c                spi_xfer
 .text.spi_slave_ofdata_to_platdata
                0x00000000fffd2c64      0x164 drivers/built-in.o
                0x00000000fffd2c64                spi_slave_ofdata_to_platdata
 .text.spi_child_post_bind
                0x00000000fffd2dc8       0x44 drivers/built-in.o
 .text.zynqmp_qspi_set_mode
                0x00000000fffd2e0c       0x50 drivers/built-in.o
 .text.zynqmp_qspi_release_bus
                0x00000000fffd2e5c       0x2c drivers/built-in.o
 .text.zynqmp_qspi_claim_bus
                0x00000000fffd2e88       0x2c drivers/built-in.o
 .text.zynqmp_qspi_child_pre_probe
                0x00000000fffd2eb4       0x40 drivers/built-in.o
 .text.zynqmp_qspi_fill_tx_fifo
                0x00000000fffd2ef4      0x15c drivers/built-in.o
 .text.zynqmp_qspi_ofdata_to_platdata
                0x00000000fffd3050       0xb0 drivers/built-in.o
 .text.zynqmp_qspi_probe
                0x00000000fffd3100      0x170 drivers/built-in.o
 .text.zynqmp_qspi_bus_select
                0x00000000fffd3270       0x54 drivers/built-in.o
 .text.zynqmp_qspi_calc_exp.isra.1
                0x00000000fffd32c4       0x78 drivers/built-in.o
 .text.zynqmp_qspi_fill_gen_fifo.isra.3
                0x00000000fffd333c       0xc4 drivers/built-in.o
 .text.zynqmp_qspi_start_dma
                0x00000000fffd3400      0x13c drivers/built-in.o
 .text.zynqmp_qspi_xfer
                0x00000000fffd353c      0x4b8 drivers/built-in.o
                0x00000000fffd353c                zynqmp_qspi_xfer
 .text.zynqmp_qspi_set_tapdelay
                0x00000000fffd39f4       0xb0 drivers/built-in.o
                0x00000000fffd39f4                zynqmp_qspi_set_tapdelay
 .text.zynqmp_qspi_set_speed
                0x00000000fffd3aa4       0xc0 drivers/built-in.o
 .text.blk_post_probe
                0x00000000fffd3b64       0x1c drivers/built-in.o
 .text.blk_select_hwpart
                0x00000000fffd3b80       0x28 drivers/built-in.o
                0x00000000fffd3b80                blk_select_hwpart
 .text.blk_dselect_hwpart
                0x00000000fffd3ba8        0x8 drivers/built-in.o
                0x00000000fffd3ba8                blk_dselect_hwpart
 .text.blk_find_device
                0x00000000fffd3bb0       0xa0 drivers/built-in.o
                0x00000000fffd3bb0                blk_find_device
 .text.blk_dread
                0x00000000fffd3c50       0x20 drivers/built-in.o
                0x00000000fffd3c50                blk_dread
 .text.blk_dwrite
                0x00000000fffd3c70       0x20 drivers/built-in.o
                0x00000000fffd3c70                blk_dwrite
 .text.blk_find_max_devnum
                0x00000000fffd3c90       0x90 drivers/built-in.o
                0x00000000fffd3c90                blk_find_max_devnum
 .text.blk_next_free_devnum
                0x00000000fffd3d20       0x2c drivers/built-in.o
                0x00000000fffd3d20                blk_next_free_devnum
 .text.blk_create_device
                0x00000000fffd3d4c      0x158 drivers/built-in.o
                0x00000000fffd3d4c                blk_create_device
 .text.blk_create_devicef
                0x00000000fffd3ea4       0xc4 drivers/built-in.o
                0x00000000fffd3ea4                blk_create_devicef
 .text.downcase
                0x00000000fffd3f68       0x3c fs/built-in.o
 .text.mkcksum  0x00000000fffd3fa4       0x54 fs/built-in.o
 .text.fat_itr_child
                0x00000000fffd3ff8       0x74 fs/built-in.o
 .text.disk_read
                0x00000000fffd406c       0x64 fs/built-in.o
 .text.get_cluster
                0x00000000fffd40d0      0x174 fs/built-in.o
 .text.read_bootsectandvi
                0x00000000fffd4244      0x134 fs/built-in.o
 .text.fat_itr_root
                0x00000000fffd4378      0x1d8 fs/built-in.o
 .text.disk_write
                0x00000000fffd4550       0x88 fs/built-in.o
 .text.flush_dirty_fat_buffer
                0x00000000fffd45d8       0xb4 fs/built-in.o
 .text.get_fatent
                0x00000000fffd468c      0x184 fs/built-in.o
 .text.next_dent
                0x00000000fffd4810      0x140 fs/built-in.o
 .text.fat_itr_next
                0x00000000fffd4950      0x26c fs/built-in.o
 .text.fat_itr_resolve
                0x00000000fffd4bbc      0x18c fs/built-in.o
 .text.fat_set_blk_dev
                0x00000000fffd4d48       0xcc fs/built-in.o
                0x00000000fffd4d48                fat_set_blk_dev
 .text.fat_register_device
                0x00000000fffd4e14       0x80 fs/built-in.o
                0x00000000fffd4e14                fat_register_device
 .text.file_fat_read_at
                0x00000000fffd4e94      0x338 fs/built-in.o
                0x00000000fffd4e94                file_fat_read_at
 .text.file_fat_read
                0x00000000fffd51cc       0x2c fs/built-in.o
                0x00000000fffd51cc                file_fat_read
 .text.fat_read_file
                0x00000000fffd51f8       0x48 fs/built-in.o
                0x00000000fffd51f8                fat_read_file

.iplt           0x00000000fffd5240        0x0
 .iplt          0x00000000fffd5240        0x0 arch/arm/cpu/armv8/start.o

.rodata         0x00000000fffd5240     0x467f
                0x00000000fffd5240                . = ALIGN (0x8)
 *(SORT_BY_ALIGNMENT(SORT_BY_NAME(.rodata*)))
 .rodata.CSWTCH.35
                0x00000000fffd5240       0x40 disk/built-in.o
 .rodata.arasan_ops
                0x00000000fffd5280       0x30 drivers/built-in.o
                0x00000000fffd5280                arasan_ops
 .rodata.arasan_sdhci_ids
                0x00000000fffd52b0       0x20 drivers/built-in.o
 .rodata.arm_dcc_ids
                0x00000000fffd52d0       0x20 drivers/built-in.o
 .rodata.arm_dcc_ops
                0x00000000fffd52f0       0x40 drivers/built-in.o
 .rodata.clk_fixed_rate_match
                0x00000000fffd5330       0x20 drivers/built-in.o
 .rodata.clk_fixed_rate_ops
                0x00000000fffd5350       0x40 drivers/built-in.o
                0x00000000fffd5350                clk_fixed_rate_ops
 .rodata.fdt_errtable
                0x00000000fffd5390       0x90 lib/built-in.o
 .rodata.generic_simple_bus_ids
                0x00000000fffd5420       0x30 drivers/built-in.o
 .rodata.mmc_blk_ops
                0x00000000fffd5450       0x20 drivers/built-in.o
 .rodata.root_info
                0x00000000fffd5470       0x10 drivers/built-in.o
 .rodata.sdhci_ops
                0x00000000fffd5480       0x28 drivers/built-in.o
                0x00000000fffd5480                sdhci_ops
 .rodata.spi_flash_ids
                0x00000000fffd54a8      0xea0 drivers/built-in.o
                0x00000000fffd54a8                spi_flash_ids
 .rodata.spi_flash_std_ids
                0x00000000fffd6348       0x30 drivers/built-in.o
 .rodata.spi_flash_std_ops
                0x00000000fffd6378       0x20 drivers/built-in.o
 .rodata.uimage_os
                0x00000000fffd6398      0x120 common/built-in.o
 .rodata.zynq_serial_ids
                0x00000000fffd64b8       0x40 drivers/built-in.o
 .rodata.zynq_serial_ops
                0x00000000fffd64f8       0x40 drivers/built-in.o
 .rodata.zynqmp_clk_ids
                0x00000000fffd6538       0x30 drivers/built-in.o
 .rodata.zynqmp_firmware_ids
                0x00000000fffd6568       0x30 drivers/built-in.o
 .rodata.zynqmp_qspi_ids
                0x00000000fffd6598       0x30 drivers/built-in.o
 .rodata.zynqmp_qspi_ops
                0x00000000fffd65c8       0x40 drivers/built-in.o
 .rodata        0x00000000fffd6608       0x14 common/spl/built-in.o
 .rodata        0x00000000fffd661c       0x90 drivers/built-in.o
 .rodata.CSWTCH.28
                0x00000000fffd66ac      0x130 drivers/built-in.o
 .rodata.arasan_sdhci_set_control_reg
                0x00000000fffd67dc        0x4 drivers/built-in.o
 .rodata.crc_table
                0x00000000fffd67e0      0x400 lib/built-in.o
 .rodata.ext_csd_bus_width
                0x00000000fffd6be0       0x3c drivers/built-in.o
 .rodata.fbase  0x00000000fffd6c1c       0x10 drivers/built-in.o
 .rodata.fdt_next_tag
                0x00000000fffd6c2c        0x9 lib/built-in.o
 *fill*         0x00000000fffd6c35        0x3 
 .rodata.freqs.9422
                0x00000000fffd6c38       0x34 drivers/built-in.o
 .rodata.mmc_init
                0x00000000fffd6c6c        0x8 drivers/built-in.o
 .rodata.mmc_modes_by_pref
                0x00000000fffd6c74       0x20 drivers/built-in.o
 .rodata.mmc_set_capacity
                0x00000000fffd6c94        0x8 drivers/built-in.o
 .rodata.mmc_set_card_speed
                0x00000000fffd6c9c        0x6 drivers/built-in.o
 *fill*         0x00000000fffd6ca2        0x2 
 .rodata.mmc_versions.9704
                0x00000000fffd6ca4       0x24 drivers/built-in.o
 .rodata.sd_modes_by_pref
                0x00000000fffd6cc8       0x10 drivers/built-in.o
 .rodata.zynqmp_clk_get_pll_rate
                0x00000000fffd6cd8        0x4 drivers/built-in.o
 .rodata        0x00000000fffd6cdc       0x20 lib/built-in.o
 .rodata.__FUNCTION__.8297
                0x00000000fffd6cfc       0x17 common/built-in.o
 .rodata.__func__.11340
                0x00000000fffd6d13       0x1a drivers/built-in.o
 .rodata.__func__.11429
                0x00000000fffd6d2d       0x19 drivers/built-in.o
 .rodata.__func__.7330
                0x00000000fffd6d46       0x15 common/built-in.o
 .rodata.__func__.7684
                0x00000000fffd6d5b       0x18 common/spl/built-in.o
 .rodata.__func__.7704
                0x00000000fffd6d73       0x13 common/spl/built-in.o
 .rodata.__func__.7712
                0x00000000fffd6d86       0x16 common/spl/built-in.o
 .rodata.__func__.8173
                0x00000000fffd6d9c       0x18 common/built-in.o
 .rodata.__func__.8178
                0x00000000fffd6db4       0x12 disk/built-in.o
 .rodata.__func__.8319
                0x00000000fffd6dc6        0xd disk/built-in.o
 .rodata.__func__.8331
                0x00000000fffd6dd3       0x17 disk/built-in.o
 .rodata.__func__.8336
                0x00000000fffd6dea        0xd disk/built-in.o
 .rodata.__func__.8343
                0x00000000fffd6df7       0x14 common/built-in.o
 .rodata.__func__.9191
                0x00000000fffd6e0b       0x18 drivers/built-in.o
 .rodata.__func__.9201
                0x00000000fffd6e23       0x18 drivers/built-in.o
 .rodata.__func__.9213
                0x00000000fffd6e3b       0x18 drivers/built-in.o
 .rodata.__func__.9228
                0x00000000fffd6e53       0x1f drivers/built-in.o
 .rodata.__func__.9252
                0x00000000fffd6e72       0x18 drivers/built-in.o
 .rodata.__func__.9314
                0x00000000fffd6e8a       0x1f drivers/built-in.o
 .rodata.__func__.9597
                0x00000000fffd6ea9        0xc drivers/built-in.o
 .rodata.__func__.9629
                0x00000000fffd6eb5       0x14 drivers/built-in.o
 .rodata.__func__.9653
                0x00000000fffd6ec9       0x13 drivers/built-in.o
 .rodata.__func__.9667
                0x00000000fffd6edc       0x10 drivers/built-in.o
 .rodata.__func__.9705
                0x00000000fffd6eec        0xb drivers/built-in.o
 .rodata.__func__.9725
                0x00000000fffd6ef7       0x10 drivers/built-in.o
 .rodata.__func__.9743
                0x00000000fffd6f07       0x1c drivers/built-in.o
 .rodata._ctype
                0x00000000fffd6f23      0x100 lib/built-in.o
                0x00000000fffd6f23                _ctype
 .rodata.arasan_sdhci_execute_tuning.str1.1
                0x00000000fffd7023       0x12 drivers/built-in.o
 .rodata.arasan_sdhci_ofdata_to_platdata.str1.1
                0x00000000fffd7035      0x1b5 drivers/built-in.o
                                        0x1c3 (size before relaxing)
 .rodata.arasan_sdhci_probe.str1.1
                0x00000000fffd71ea       0x41 drivers/built-in.o
 .rodata.arasan_zynqmp_dll_reset.isra.1.str1.1
                0x00000000fffd722b       0x41 drivers/built-in.o
                                         0x24 (size before relaxing)
 .rodata.blk_create_devicef.str1.1
                0x00000000fffd722b        0x6 drivers/built-in.o
 .rodata.board_init.str1.1
                0x00000000fffd7231       0x10 board/xilinx/zynqmp/built-in.o
 .rodata.board_init_f.str1.1
                0x00000000fffd7241       0x14 arch/arm/mach-zynqmp/built-in.o
 .rodata.board_init_r.str1.1
                0x00000000fffd7255       0x62 common/spl/built-in.o
 .rodata.clk_fixed_rate_ofdata_to_platdata.str1.1
                0x00000000fffd72b7       0x10 drivers/built-in.o
 .rodata.clk_get_by_index.str1.1
                0x00000000fffd72c7       0xe1 drivers/built-in.o
                                          0x7 (size before relaxing)
 .rodata.clk_get_by_indexed_prop.isra.1.str1.1
                0x00000000fffd72c7        0xd drivers/built-in.o
 .rodata.clk_get_by_name.str1.1
                0x00000000fffd72d4        0xc drivers/built-in.o
 .rodata.clk_set_defaults.str1.1
                0x00000000fffd72e0       0x3c drivers/built-in.o
 .rodata.debug_uart_init.str1.1
                0x00000000fffd731c        0xe drivers/built-in.o
 .rodata.devfdt_get_addr_index.str1.1
                0x00000000fffd732a        0x4 drivers/built-in.o
 .rodata.digits.8462
                0x00000000fffd732a       0x10 lib/built-in.o
 .rodata.disk_write.str1.1
                0x00000000fffd733a       0x18 fs/built-in.o
 .rodata.dm_extended_scan_fdt.str1.1
                0x00000000fffd7352       0x12 drivers/built-in.o
 .rodata.dm_fdt_pre_reloc.str1.1
                0x00000000fffd7364       0x22 drivers/built-in.o
 .rodata.dm_scan_fdt_node.str1.1
                0x00000000fffd7386       0x12 drivers/built-in.o
                                         0x10 (size before relaxing)
 .rodata.fat_itr_resolve.str1.1
                0x00000000fffd7386        0x3 fs/built-in.o
                                          0x5 (size before relaxing)
 .rodata.fat_itr_root.str1.1
                0x00000000fffd7389       0x85 fs/built-in.o
 .rodata.fat_read_file.str1.1
                0x00000000fffd740e       0x1e fs/built-in.o
 .rodata.fat_register_device.str1.1
                0x00000000fffd742c       0x2b fs/built-in.o
 .rodata.fat_set_blk_dev.str1.1
                0x00000000fffd7457        0x3 fs/built-in.o
                                          0xd (size before relaxing)
 .rodata.fdt_address_cells.str1.1
                0x00000000fffd745a        0xf lib/built-in.o
 .rodata.fdt_find_or_add_subnode.str1.1
                0x00000000fffd7469        0xc common/built-in.o
 .rodata.fdt_fixup_memory_banks.str1.1
                0x00000000fffd7475       0x85 common/built-in.o
                                         0x94 (size before relaxing)
 .rodata.fdt_get_alias_namelen.str1.1
                0x00000000fffd74fa        0x9 lib/built-in.o
 .rodata.fdt_get_phandle.str1.1
                0x00000000fffd7503        0xe lib/built-in.o
                                         0x16 (size before relaxing)
 .rodata.fdt_node_check_compatible.str1.1
                0x00000000fffd7511        0xb lib/built-in.o
 .rodata.fdt_record_loadable.str1.1
                0x00000000fffd751c       0x85 common/built-in.o
                                         0x2e (size before relaxing)
 .rodata.fdt_size_cells.str1.1
                0x00000000fffd751c        0xc lib/built-in.o
 .rodata.fdt_strerror.str1.1
                0x00000000fffd7528       0x31 lib/built-in.o
 .rodata.fdtdec_add_aliases_for_id.str1.1
                0x00000000fffd7559        0x9 lib/built-in.o
 .rodata.fdtdec_get_chosen_prop.str1.1
                0x00000000fffd7559        0x8 lib/built-in.o
 .rodata.fdtdec_get_is_enabled.str1.1
                0x00000000fffd7561        0xc lib/built-in.o
 .rodata.fdtdec_prepare_fdt.str1.1
                0x00000000fffd756d        0xd lib/built-in.o
 .rodata.fdtdec_setup_mem_size_base.str1.1
                0x00000000fffd757a        0x8 lib/built-in.o
                                          0xc (size before relaxing)
 .rodata.file_fat_read_at.str1.1
                0x00000000fffd7582       0x2a fs/built-in.o
 .rodata.find_mmc_device.str1.1
                0x00000000fffd75ac       0x19 drivers/built-in.o
 .rodata.fit_find_config_node.str1.1
                0x00000000fffd75c5       0x3c common/built-in.o
                                         0x48 (size before relaxing)
 .rodata.fit_image_get_address.str1.1
                0x00000000fffd7601       0x1d common/built-in.o
 .rodata.fit_image_get_data.str1.1
                0x00000000fffd761e        0x5 common/built-in.o
 .rodata.fit_image_get_data_offset.str1.1
                0x00000000fffd7623        0xc common/built-in.o
 .rodata.fit_image_get_data_position.str1.1
                0x00000000fffd762f        0xe common/built-in.o
 .rodata.fit_image_get_data_size.str1.1
                0x00000000fffd763d        0xa common/built-in.o
 .rodata.fit_image_get_load.str1.1
                0x00000000fffd7647        0xa common/built-in.o
                                          0x5 (size before relaxing)
 .rodata.fit_image_get_os.str1.1
                0x00000000fffd7647        0x3 common/built-in.o
 .rodata.genimg_get_os_id.str1.1
                0x00000000fffd7647      0x7d2 common/built-in.o
                                          0x3 (size before relaxing)
 .rodata.get_fatent.str1.1
                0x00000000fffd7647       0x22 fs/built-in.o
 .rodata.get_next_memory_node.str1.1
                0x00000000fffd7669       0x13 lib/built-in.o
 .rodata.hang.str1.1
                0x00000000fffd7669       0x2a lib/built-in.o
 .rodata.hex_asc
                0x00000000fffd7693       0x11 lib/built-in.o
                0x00000000fffd7693                hex_asc
 .rodata.is_gpt_valid.str1.1
                0x00000000fffd76a4       0xea disk/built-in.o
 .rodata.lists_bind_fdt.str1.1
                0x00000000fffd778e        0xb drivers/built-in.o
 .rodata.mmc_bind.str1.1
                0x00000000fffd778e        0x8 drivers/built-in.o
                                          0xc (size before relaxing)
 .rodata.mmc_bread.str1.1
                0x00000000fffd7796       0x47 drivers/built-in.o
 .rodata.mmc_get_op_cond.str1.1
                0x00000000fffd77dd       0x29 drivers/built-in.o
 .rodata.mmc_init.str1.1
                0x00000000fffd7806       0x6d drivers/built-in.o
 .rodata.mmc_initialize.str1.1
                0x00000000fffd7873       0x17 drivers/built-in.o
 .rodata.mmc_send_status.str1.1
                0x00000000fffd788a       0x32 drivers/built-in.o
 .rodata.mmc_start_init.str1.1
                0x00000000fffd78bc       0x16 drivers/built-in.o
 .rodata.mode2timing
                0x00000000fffd78d2        0xc drivers/built-in.o
 .rodata.multipliers
                0x00000000fffd78de       0x10 drivers/built-in.o
 .rodata.part_get_info_efi.str1.1
                0x00000000fffd78ee       0x6c disk/built-in.o
                                         0x76 (size before relaxing)
 .rodata.part_get_info_extended.str1.1
                0x00000000fffd795a        0xa disk/built-in.o
                                         0x11 (size before relaxing)
 .rodata.part_set_generic_name.str1.1
                0x00000000fffd7964        0xa disk/built-in.o
 .rodata.preloader_console_init.str1.1
                0x00000000fffd796e       0x43 common/spl/built-in.o
 .rodata.print_partition_extended.str1.1
                0x00000000fffd79b1       0x83 disk/built-in.o
                                         0x84 (size before relaxing)
 .rodata.read_bootsectandvi.str1.1
                0x00000000fffd7a34       0x1b fs/built-in.o
 .rodata.sdhci_probe.str1.1
                0x00000000fffd7a4f       0x48 drivers/built-in.o
 .rodata.sdhci_reset.isra.3.str1.1
                0x00000000fffd7a97       0x21 drivers/built-in.o
 .rodata.sdhci_send_command.str1.1
                0x00000000fffd7ab8       0x76 drivers/built-in.o
 .rodata.sdhci_set_clock.isra.5.str1.1
                0x00000000fffd7b2e       0x4e drivers/built-in.o
 .rodata.sdhci_setup_cfg.str1.1
                0x00000000fffd7b7c       0x33 drivers/built-in.o
 .rodata.serial_init.str1.1
                0x00000000fffd7baf       0x2b drivers/built-in.o
 .rodata.set_quad_mode.isra.5.str1.1
                0x00000000fffd7bda       0x26 drivers/built-in.o
 .rodata.simple_bus_post_bind.str1.1
                0x00000000fffd7c00        0x7 drivers/built-in.o
 .rodata.spi_flash_cmd_erase_ops.str1.1
                0x00000000fffd7c07       0x63 drivers/built-in.o
 .rodata.spi_flash_cmd_write_ops.str1.1
                0x00000000fffd7c6a       0x30 drivers/built-in.o
 .rodata.spi_flash_decode_fdt.str1.1
                0x00000000fffd7c9a        0xb drivers/built-in.o
 .rodata.spi_flash_scan.str1.1
                0x00000000fffd7ca5       0xa3 drivers/built-in.o
 .rodata.spi_flash_std_probe.str1.1
                0x00000000fffd7d48       0x1c drivers/built-in.o
 .rodata.spi_flash_wait_till_ready.str1.1
                0x00000000fffd7d64        0xe drivers/built-in.o
 .rodata.spi_post_probe.str1.1
                0x00000000fffd7d72       0x12 drivers/built-in.o
 .rodata.spi_set_speed_mode.str1.1
                0x00000000fffd7d84       0x35 drivers/built-in.o
 .rodata.spi_slave_ofdata_to_platdata.str1.1
                0x00000000fffd7db9       0x5a drivers/built-in.o
                                         0x5e (size before relaxing)
 .rodata.spl_boot_device.str1.1
                0x00000000fffd7e13       0x18 arch/arm/mach-zynqmp/built-in.o
 .rodata.spl_fit_append_fdt.str1.1
                0x00000000fffd7e2b        0x4 common/spl/built-in.o
 .rodata.spl_fit_get_image_name.isra.0.str1.1
                0x00000000fffd7e2f       0x39 common/spl/built-in.o
 .rodata.spl_fit_images_get_entry.str1.1
                0x00000000fffd7e68       0x16 common/spl/built-in.o
 .rodata.spl_fixup_fdt.str1.1
                0x00000000fffd7e7e       0x51 common/spl/built-in.o
 .rodata.spl_invoke_atf.str1.1
                0x00000000fffd7ecf        0xc common/spl/built-in.o
                                          0xf (size before relaxing)
 .rodata.spl_load_fit_image.str1.1
                0x00000000fffd7edb       0x22 common/spl/built-in.o
 .rodata.spl_load_image_fat.str1.1
                0x00000000fffd7efd       0x41 common/spl/built-in.o
 .rodata.spl_load_image_fat_os.str1.1
                0x00000000fffd7f3e       0x18 common/spl/built-in.o
 .rodata.spl_load_simple_fit.str1.1
                0x00000000fffd7f56       0x1c common/spl/built-in.o
                                         0x2a (size before relaxing)
 .rodata.spl_mmc_load_image.str1.1
                0x00000000fffd7f72      0x181 common/spl/built-in.o
 .rodata.spl_parse_image_header.str1.1
                0x00000000fffd80f3        0x6 common/spl/built-in.o
 .rodata.spl_set_header_raw_uboot.str1.1
                0x00000000fffd80f9        0x7 common/spl/built-in.o
 .rodata.str1.1
                0x00000000fffd8100       0x15 common/spl/built-in.o
 .rodata.str1.1
                0x00000000fffd8115      0x7d2 common/built-in.o
                                        0x833 (size before relaxing)
 .rodata.str1.1
                0x00000000fffd88e7      0x4ae lib/built-in.o
 .rodata.str1.1
                0x00000000fffd8d95       0x1b disk/built-in.o
                                         0x1e (size before relaxing)
 .rodata.str1.1
                0x00000000fffd8db0      0x8ea drivers/built-in.o
                                        0x93a (size before relaxing)
 .rodata.string.str1.1
                0x00000000fffd969a        0x7 lib/built-in.o
 .rodata.test_block_type.str1.1
                0x00000000fffd96a1        0xa disk/built-in.o
 .rodata.uuid_bin_to_str.str1.1
                0x00000000fffd96ab       0x2a lib/built-in.o
                                          0x5 (size before relaxing)
 .rodata.validate_gpt_entries.str1.1
                0x00000000fffd96ab       0x40 disk/built-in.o
 .rodata.validate_gpt_header.str1.1
                0x00000000fffd96eb       0xe1 disk/built-in.o
 .rodata.zynq_serial_setbrg.str1.1
                0x00000000fffd97cc       0x41 drivers/built-in.o
 .rodata.zynqmp_clk_get_pll_rate.str1.1
                0x00000000fffd97cc       0x10 drivers/built-in.o
                                         0x12 (size before relaxing)
 .rodata.zynqmp_clk_get_rate.str1.1
                0x00000000fffd97cc       0x15 drivers/built-in.o
 .rodata.zynqmp_clk_probe.str1.1
                0x00000000fffd97e1       0x41 drivers/built-in.o
 .rodata.zynqmp_clk_set_rate.str1.1
                0x00000000fffd9822       0x13 drivers/built-in.o
 .rodata.zynqmp_get_freq_by_name.str1.1
                0x00000000fffd9835       0x29 drivers/built-in.o
 .rodata.zynqmp_qspi_fill_gen_fifo.isra.3.str1.1
                0x00000000fffd985e        0xc drivers/built-in.o
 .rodata.zynqmp_qspi_fill_tx_fifo.str1.1
                0x00000000fffd986a       0x14 drivers/built-in.o
 .rodata.zynqmp_qspi_ofdata_to_platdata.str1.1
                0x00000000fffd987e       0x1f drivers/built-in.o
 .rodata.zynqmp_qspi_probe.str1.1
                0x00000000fffd989d       0x41 drivers/built-in.o
 .rodata.zynqmp_qspi_start_dma.str1.1
                0x00000000fffd989d       0x12 drivers/built-in.o
 .rodata.zynqmp_qspi_xfer.str1.1
                0x00000000fffd98af       0x10 drivers/built-in.o

.rela.dyn       0x00000000fffd98c0        0x0
 .rela.iplt     0x00000000fffd98c0        0x0 arch/arm/cpu/armv8/start.o
 .rela.text.board_fdt_blob_setup
                0x00000000fffd98c0        0x0 arch/arm/cpu/armv8/start.o

.data           0x00000000fffd98c0      0xa80
                0x00000000fffd98c0                . = ALIGN (0x8)
 *(.data*)
 .data.zynqmp_mem_map
                0x00000000fffd98c0      0x140 arch/arm/mach-zynqmp/built-in.o
 .data          0x00000000fffd9a00       0xc8 common/spl/built-in.o
 .data.av_      0x00000000fffd9ac8      0x810 common/built-in.o
 .data.sbrk_base
                0x00000000fffda2d8        0x8 common/built-in.o
 .data.trim_threshold
                0x00000000fffda2e0        0x8 common/built-in.o
 .data.system_guid
                0x00000000fffda2e8       0x10 disk/built-in.o
 .data.zynqmp_clk_ops
                0x00000000fffda2f8       0x40 drivers/built-in.o
 .data.cmd_timeout.9652
                0x00000000fffda338        0x4 drivers/built-in.o
 .data.cs_change.11546
                0x00000000fffda33c        0x4 drivers/built-in.o

.igot.plt       0x00000000fffda340        0x0
 .igot.plt      0x00000000fffda340        0x0 arch/arm/cpu/armv8/start.o

.u_boot_list    0x00000000fffda340      0xca0
                0x00000000fffda340                . = ALIGN (0x8)
 *(SORT_BY_NAME(.u_boot_list*))
 .u_boot_list_2_cmd_1
                0x00000000fffda340        0x0 common/built-in.o
 .u_boot_list_2_cmd_3
                0x00000000fffda340        0x0 common/built-in.o
 .u_boot_list_2_driver_1
                0x00000000fffda340        0x0 drivers/built-in.o
 .u_boot_list_2_driver_2_arasan_sdhci_drv
                0x00000000fffda340       0x78 drivers/built-in.o
                0x00000000fffda340                _u_boot_list_2_driver_2_arasan_sdhci_drv
 .u_boot_list_2_driver_2_clk_fixed_rate
                0x00000000fffda3b8       0x78 drivers/built-in.o
                0x00000000fffda3b8                _u_boot_list_2_driver_2_clk_fixed_rate
 .u_boot_list_2_driver_2_mmc
                0x00000000fffda430       0x78 drivers/built-in.o
                0x00000000fffda430                _u_boot_list_2_driver_2_mmc
 .u_boot_list_2_driver_2_mmc_blk
                0x00000000fffda4a8       0x78 drivers/built-in.o
                0x00000000fffda4a8                _u_boot_list_2_driver_2_mmc_blk
 .u_boot_list_2_driver_2_root_driver
                0x00000000fffda520       0x78 drivers/built-in.o
                0x00000000fffda520                _u_boot_list_2_driver_2_root_driver
 .u_boot_list_2_driver_2_serial_dcc
                0x00000000fffda598       0x78 drivers/built-in.o
                0x00000000fffda598                _u_boot_list_2_driver_2_serial_dcc
 .u_boot_list_2_driver_2_serial_zynq
                0x00000000fffda610       0x78 drivers/built-in.o
                0x00000000fffda610                _u_boot_list_2_driver_2_serial_zynq
 .u_boot_list_2_driver_2_simple_bus_drv
                0x00000000fffda688       0x78 drivers/built-in.o
                0x00000000fffda688                _u_boot_list_2_driver_2_simple_bus_drv
 .u_boot_list_2_driver_2_spi_flash_std
                0x00000000fffda700       0x78 drivers/built-in.o
                0x00000000fffda700                _u_boot_list_2_driver_2_spi_flash_std
 .u_boot_list_2_driver_2_spi_generic_drv
                0x00000000fffda778       0x78 drivers/built-in.o
                0x00000000fffda778                _u_boot_list_2_driver_2_spi_generic_drv
 .u_boot_list_2_driver_2_zynqmp_clk
                0x00000000fffda7f0       0x78 drivers/built-in.o
                0x00000000fffda7f0                _u_boot_list_2_driver_2_zynqmp_clk
 .u_boot_list_2_driver_2_zynqmp_firmware
                0x00000000fffda868       0x78 drivers/built-in.o
                0x00000000fffda868                _u_boot_list_2_driver_2_zynqmp_firmware
 .u_boot_list_2_driver_2_zynqmp_qspi
                0x00000000fffda8e0       0x78 drivers/built-in.o
                0x00000000fffda8e0                _u_boot_list_2_driver_2_zynqmp_qspi
 .u_boot_list_2_driver_3
                0x00000000fffda958        0x0 drivers/built-in.o
 .u_boot_list_2_driver_info_1
                0x00000000fffda958        0x0 drivers/built-in.o
 .u_boot_list_2_driver_info_3
                0x00000000fffda958        0x0 drivers/built-in.o
 .u_boot_list_2_env_driver_1
                0x00000000fffda958        0x0 env/built-in.o
 .u_boot_list_2_env_driver_3
                0x00000000fffda958        0x0 env/built-in.o
 .u_boot_list_2_fit_loadable_1
                0x00000000fffda958        0x0 common/built-in.o
 .u_boot_list_2_fit_loadable_3
                0x00000000fffda958        0x0 common/built-in.o
 .u_boot_list_2_part_driver_1
                0x00000000fffda958        0x0 disk/built-in.o
 .u_boot_list_2_part_driver_2_a_efi
                0x00000000fffda958       0x28 disk/built-in.o
                0x00000000fffda958                _u_boot_list_2_part_driver_2_a_efi
 .u_boot_list_2_part_driver_2_dos
                0x00000000fffda980       0x28 disk/built-in.o
                0x00000000fffda980                _u_boot_list_2_part_driver_2_dos
 .u_boot_list_2_part_driver_3
                0x00000000fffda9a8        0x0 disk/built-in.o
 .u_boot_list_2_spl_image_loader_1
                0x00000000fffda9a8        0x0 common/spl/built-in.o
 .u_boot_list_2_spl_image_loader_2_spl_mmc_load_image0BOOT_DEVICE_MMC1
                0x00000000fffda9a8       0x18 common/spl/built-in.o
                0x00000000fffda9a8                _u_boot_list_2_spl_image_loader_2_spl_mmc_load_image0BOOT_DEVICE_MMC1
 .u_boot_list_2_spl_image_loader_2_spl_mmc_load_image0BOOT_DEVICE_MMC2
                0x00000000fffda9c0       0x18 common/spl/built-in.o
                0x00000000fffda9c0                _u_boot_list_2_spl_image_loader_2_spl_mmc_load_image0BOOT_DEVICE_MMC2
 .u_boot_list_2_spl_image_loader_2_spl_mmc_load_image0BOOT_DEVICE_MMC2_2
                0x00000000fffda9d8       0x18 common/spl/built-in.o
                0x00000000fffda9d8                _u_boot_list_2_spl_image_loader_2_spl_mmc_load_image0BOOT_DEVICE_MMC2_2
 .u_boot_list_2_spl_image_loader_2_spl_ram_load_image0BOOT_DEVICE_RAM
                0x00000000fffda9f0       0x18 common/spl/built-in.o
                0x00000000fffda9f0                _u_boot_list_2_spl_image_loader_2_spl_ram_load_image0BOOT_DEVICE_RAM
 .u_boot_list_2_spl_image_loader_3
                0x00000000fffdaa08        0x0 common/spl/built-in.o
 .u_boot_list_2_uclass_1
                0x00000000fffdaa08        0x0 drivers/built-in.o
 .u_boot_list_2_uclass_2_blk
                0x00000000fffdaa08       0x88 drivers/built-in.o
                0x00000000fffdaa08                _u_boot_list_2_uclass_2_blk
 .u_boot_list_2_uclass_2_clk
                0x00000000fffdaa90       0x88 drivers/built-in.o
                0x00000000fffdaa90                _u_boot_list_2_uclass_2_clk
 .u_boot_list_2_uclass_2_firmware
                0x00000000fffdab18       0x88 drivers/built-in.o
                0x00000000fffdab18                _u_boot_list_2_uclass_2_firmware
 .u_boot_list_2_uclass_2_misc
                0x00000000fffdaba0       0x88 drivers/built-in.o
                0x00000000fffdaba0                _u_boot_list_2_uclass_2_misc
 .u_boot_list_2_uclass_2_mmc
                0x00000000fffdac28       0x88 drivers/built-in.o