image-fit.c:776:12:fit_image_get_address	48	static
image-fit.c:77:5:fit_parse_conf	48	static
image-fit.c:103:5:fit_parse_subimage	48	static
image-fit.c:126:5:fit_get_subimage_count	64	static
image-fit.c:568:5:fit_get_desc	48	static
image-fit.c:596:5:fit_get_timestamp	48	static
image-fit.c:628:5:fit_image_get_node	32	static
image-fit.c:662:5:fit_image_get_os	48	static
image-fit.c:694:5:fit_image_get_arch	48	static
image-fit.c:726:5:fit_image_get_type	48	static
image-fit.c:758:5:fit_image_get_comp	48	static
image-fit.c:817:5:fit_image_get_load	0	static
image-fit.c:839:5:fit_image_get_entry	0	static
image-fit.c:859:5:fit_image_get_data	48	static
image-fit.c:886:5:fit_image_get_data_offset	32	static
image-fit.c:910:5:fit_image_get_data_position	32	static
image-fit.c:935:5:fit_image_get_data_size	32	static
image-fit.c:964:5:fit_image_get_data_and_size	64	static
image-fit.c:1009:5:fit_image_hash_get_algo	48	static
image-fit.c:1037:5:fit_image_hash_get_value	48	static
image-fit.c:161:13:fit_image_print_data	96	static
image-fit.c:228:13:fit_image_print_verification_data	64	static
image-fit.c:446:6:fit_image_print	96	static
image-fit.c:342:6:fit_print_contents	144	static
image-fit.c:1081:7:fit_get_end	0	static
image-fit.c:1099:5:fit_set_timestamp	32	static
image-fit.c:1135:5:calculate_hash	64	static
image-fit.c:1209:5:fit_image_verify_with_data	144	static
image-fit.c:1286:5:fit_image_verify	64	static
image-fit.c:1316:5:fit_all_image_verify	80	static
image-fit.c:1368:5:fit_image_check_os	48	static
image-fit.c:1390:5:fit_image_check_arch	48	static
image-fit.c:1420:5:fit_image_check_type	48	static
image-fit.c:1443:5:fit_image_check_comp	48	static
image-fit.c:1463:5:fit_check_format	32	static
image-fit.c:1528:5:fit_conf_find_compat	128	static
image-fit.c:1633:5:fit_conf_get_node	64	static
image-fit.c:1686:5:fit_conf_get_prop_node_count	0	static
image-fit.c:1692:5:fit_conf_get_prop_node_index	48	static
image-fit.c:1706:5:fit_conf_get_prop_node	0	static
image-fit.c:1728:5:fit_get_node_from_config	32	static
image-fit.c:1788:5:fit_image_load	160	static
image-fit.c:2014:5:boot_get_setup_fit	80	static
image-fit.c:2035:5:boot_get_fdt_fit	144	static
