spi_flash.c:289:13:spi_flash_dual	0	static
spi_flash.c:1148:12:stm_is_locked_sr	0	static
spi_flash.c:632:5:spi_flash_read_common	64	static
spi_flash.c:38:12:read_sr	32	static
spi_flash.c:153:5:spi_flash_cmd_get_sw_write_prot	32	static
spi_flash.c:1166:5:stm_is_locked	64	static
spi_flash.c:53:12:read_fsr	32	static
spi_flash.c:396:5:spi_flash_wait_till_ready	64	static
spi_flash.c:417:5:spi_flash_write_common	96	static
spi_flash.c:197:12:write_bar	48	static
spi_flash.c:176:12:clean_bar	48	static
spi_flash.c:469:5:spi_flash_cmd_erase_ops	80	static
spi_flash.c:546:5:spi_flash_cmd_write_ops	96	static
spi_flash.c:67:12:write_sr	48	static
spi_flash.c:1226:5:stm_lock	64	static
spi_flash.c:1280:5:stm_unlock	64	static
spi_flash.c:1452:12:set_quad_mode.isra.5	80	static
spi_flash.c:655:13:spi_flash_copy_mmap	0	static
spi_flash.c:660:5:spi_flash_cmd_read_ops	144	dynamic
spi_flash.c:1479:5:spi_flash_cmd_4B_addr_switch	64	static
spi_flash.c:1528:5:spi_flash_decode_fdt	48	static
spi_flash.c:1551:5:spi_flash_scan	64	static
