cache_v8.c:267:12:count_required_pts	64	static
cache_v8.c:142:13:create_table	32	static
cache_v8.c:170:13:split_block	48	static
cache_v8.c:37:5:get_tcr	0	static
cache_v8.c:103:13:find_pte	32	static
cache_v8.c:507:12:set_one_region	32	static
cache_v8.c:334:12:get_page_table_size	32	static
cache_v8.c:363:6:setup_pgtables	112	static
cache_v8.c:404:13:mmu_setup	32	static
cache_v8.c:423:6:invalidate_dcache_all	16	static
cache_v8.c:434:13:flush_dcache_all	16	static
cache_v8.c:449:6:invalidate_dcache_range	0	static
cache_v8.c:457:6:flush_dcache_range	0	static
cache_v8.c:462:6:dcache_enable	16	static
cache_v8.c:474:6:dcache_disable	16	static
cache_v8.c:490:5:dcache_status	0	static
cache_v8.c:495:13:arch_get_page_table	16	static
cache_v8.c:543:6:mmu_set_region_dcache_behaviour	64	static
cache_v8.c:598:6:mmu_change_region_attr	64	static
cache_v8.c:697:6:icache_disable	0	static
cache_v8.c:702:5:icache_status	0	static
cache_v8.c:707:6:invalidate_icache_all	16	static
cache_v8.c:691:6:icache_enable	16	static
cache_v8.c:738:13:enable_caches	16	static
