fdtdec.c:678:20:get_prop_check_min_len	48	static
fdtdec.c:79:13:fdtdec_get_compatible	0	static
fdtdec.c:311:10:fdtdec_get_uint64	48	static
fdtdec.c:324:5:fdtdec_get_is_enabled	16	static
fdtdec.c:1135:12:get_next_memory_node	48	static
fdtdec.c:341:20:fdtdec_lookup	64	static
fdtdec.c:353:5:fdtdec_next_compatible	0	static
fdtdec.c:358:5:fdtdec_next_compatible_subnode	48	static
fdtdec.c:373:5:fdtdec_next_alias	96	static
fdtdec.c:405:5:fdtdec_add_aliases_for_id	128	dynamic
fdtdec.c:395:5:fdtdec_find_aliases_for_id	64	static
fdtdec.c:520:5:fdtdec_get_alias_seq	96	static
fdtdec.c:562:5:fdtdec_get_alias_highest_id	80	static
fdtdec.c:595:13:fdtdec_get_chosen_prop	32	static
fdtdec.c:605:5:fdtdec_get_chosen_node	32	static
fdtdec.c:632:5:fdtdec_prepare_fdt	16	static
fdtdec.c:615:5:fdtdec_check_fdt	16	static
fdtdec.c:653:5:fdtdec_lookup_phandle	32	static
fdtdec.c:696:5:fdtdec_get_int_array	48	static
fdtdec.c:1016:12:decode_timing_property	64	static
fdtdec.c:714:5:fdtdec_get_int_array_count	48	static
fdtdec.c:734:12:fdtdec_locate_array	32	static
fdtdec.c:745:5:fdtdec_get_bool	32	static
fdtdec.c:755:5:fdtdec_parse_phandle_with_args	112	static
fdtdec.c:879:5:fdtdec_get_child_count	32	static
fdtdec.c:890:5:fdtdec_get_byte_array	48	static
fdtdec.c:902:11:fdtdec_locate_byte_array	32	static
fdtdec.c:914:5:fdtdec_get_config_int	48	static
fdtdec.c:926:5:fdtdec_get_config_bool	32	static
fdtdec.c:940:7:fdtdec_get_config_string	48	static
fdtdec.c:958:5:fdtdec_get_number	0	static
fdtdec.c:86:12:fdtdec_get_addr_size_fixed	64	static
fdtdec.c:142:12:fdtdec_get_addr_size_auto_parent	80	static
fdtdec.c:169:12:fdtdec_get_addr_size_auto_noparent	64	static
fdtdec.c:188:12:fdtdec_get_addr_size	0	static
fdtdec.c:198:12:fdtdec_get_addr	0	static
fdtdec.c:968:5:fdt_get_resource	96	static
fdtdec.c:1003:5:fdt_get_named_resource	48	static
fdtdec.c:1040:5:fdtdec_decode_display_timing	64	static
fdtdec.c:1108:5:fdtdec_setup_mem_size_base	32	static
fdtdec.c:1145:5:fdtdec_setup_memory_banksize	64	static
fdtdec.c:1246:14:board_fdt_blob_setup	0	static
fdtdec.c:1263:5:fdtdec_setup	32	static
fdtdec.c:1361:5:fdtdec_decode_ram_size	144	static
