usb-uclass.c:406:12:usb_match_device	0	static
usb-uclass.c:713:12:usb_child_post_bind	32	static
usb-uclass.c:443:12:usb_match_one_id_intf.isra.0	0	static
usb-uclass.c:224:13:remove_inactive_children.isra.2	48	static
usb-uclass.c:25:5:usb_disable_asynch	0	static
usb-uclass.c:33:5:submit_int_msg	0	static
usb-uclass.c:45:5:submit_control_msg	32	static
usb-uclass.c:68:5:submit_bulk_msg	0	static
usb-uclass.c:80:19:create_int_queue	0	static
usb-uclass.c:94:7:poll_int_queue	0	static
usb-uclass.c:105:5:destroy_int_queue	0	static
usb-uclass.c:116:5:usb_alloc_device	0	static
usb-uclass.c:128:5:usb_reset_root_port	0	static
usb-uclass.c:139:5:usb_update_hub_device	0	static
usb-uclass.c:150:5:usb_get_max_xfer_size	0	static
usb-uclass.c:161:5:usb_stop	64	static
usb-uclass.c:381:5:usb_setup_ehci_gadget	48	static
usb-uclass.c:673:5:usb_detect_change	64	static
usb-uclass.c:736:17:usb_get_bus	32	static
usb-uclass.c:584:5:usb_scan_device	2624	static
usb-uclass.c:203:13:usb_scan_bus.isra.3	48	static
usb-uclass.c:238:5:usb_init	96	static
usb-uclass.c:751:5:usb_child_pre_probe	48	static
