efi_boottime.c:561:21:efi_is_event	0	static
efi_boottime.c:131:20:indent_string	32	static
efi_boottime.c:77:5:__efi_entry_check	0	static
efi_boottime.c:89:5:__efi_exit_check	0	static
efi_boottime.c:169:13:efi_queue_event	32	static
efi_boottime.c:2501:20:efi_set_mem	16	static
efi_boottime.c:2482:20:efi_copy_mem	16	static
efi_boottime.c:2462:28:efi_calculate_crc32	32	static
efi_boottime.c:1972:28:efi_set_watchdog_timer	16	static
efi_boottime.c:1951:28:efi_stall	16	static
efi_boottime.c:1931:28:efi_get_next_monotonic_count	16	static
efi_boottime.c:1708:28:efi_start_image	48	static
efi_boottime.c:1266:28:efi_register_protocol_notify	16	static
efi_boottime.c:886:28:efi_close_event	32	static
efi_boottime.c:412:28:efi_free_pool_ext	16	static
efi_boottime.c:390:28:efi_allocate_pool_ext	16	static
efi_boottime.c:361:28:efi_get_memory_map_ext	16	static
efi_boottime.c:335:28:efi_free_pages_ext	16	static
efi_boottime.c:312:28:efi_allocate_pages_ext	16	static
efi_boottime.c:255:29:efi_raise_tpl	16	static
efi_boottime.c:99:6:efi_save_gd	0	static
efi_boottime.c:111:6:efi_restore_gd	0	static
efi_boottime.c:1774:28:efi_exit	16	static
efi_boottime.c:140:13:__efi_nesting	0	static
efi_boottime.c:145:13:__efi_nesting_inc	0	static
efi_boottime.c:150:13:__efi_nesting_dec	0	static
efi_boottime.c:188:14:is_valid_tpl	0	static
efi_boottime.c:212:6:efi_signal_event	64	static
efi_boottime.c:1858:28:efi_exit_boot_services	48	static
efi_boottime.c:866:28:efi_signal_event_ext	32	static
efi_boottime.c:427:6:efi_add_handle	0	static
efi_boottime.c:441:14:efi_create_handle	32	static
efi_boottime.c:590:14:efi_create_event	64	static
efi_boottime.c:653:21:efi_create_event_ex	16	static
efi_boottime.c:682:28:efi_create_event_ext	16	static
efi_boottime.c:704:6:efi_timer_check	48	static
efi_boottime.c:910:28:efi_check_event	32	static
efi_boottime.c:807:28:efi_wait_for_event	64	static
efi_boottime.c:280:20:efi_restore_tpl	16	static
efi_boottime.c:741:14:efi_set_timer	48	static
efi_boottime.c:786:28:efi_set_timer_ext	16	static
efi_boottime.c:932:20:efi_search_obj	0	static
efi_boottime.c:463:14:efi_search_protocol	48	static
efi_boottime.c:496:14:efi_remove_protocol	64	static
efi_boottime.c:2218:28:efi_locate_protocol	64	static
efi_boottime.c:2045:28:efi_open_protocol_information	64	static
efi_boottime.c:1996:28:efi_close_protocol	64	static
efi_boottime.c:1320:21:efi_locate_handle	80	static
efi_boottime.c:2172:28:efi_locate_handle_buffer	80	static
efi_boottime.c:2261:28:efi_locate_device_path	128	static
efi_boottime.c:1392:28:efi_locate_handle_ext	16	static
efi_boottime.c:521:14:efi_remove_all_protocols	48	static
efi_boottime.c:546:6:efi_delete_handle	32	static
efi_boottime.c:2108:28:efi_protocols_per_handle	48	static
efi_boottime.c:2995:28:efi_disconnect_controller	96	static
efi_boottime.c:1138:21:efi_disconnect_all_drivers	80	static
efi_boottime.c:2619:28:efi_open_protocol	112	static
efi_boottime.c:2700:21:efi_bind_controller	80	static
efi_boottime.c:2684:28:efi_handle_protocol	0	static
efi_boottime.c:1176:21:efi_uninstall_protocol	64	static
efi_boottime.c:1232:28:efi_uninstall_protocol_interface	32	static
efi_boottime.c:2818:28:efi_connect_controller	112	static
efi_boottime.c:1815:28:efi_unload_image	16	static
efi_boottime.c:987:14:efi_add_protocol	48	static
efi_boottime.c:2886:28:efi_reinstall_protocol_interface	48	static
efi_boottime.c:1028:28:efi_install_protocol_interface	48	static
efi_boottime.c:2398:28:efi_uninstall_multiple_protocol_interfaces	144	static
efi_boottime.c:2339:28:efi_install_multiple_protocol_interfaces	144	static
efi_boottime.c:1431:14:efi_install_configuration_table	80	static
efi_boottime.c:1491:28:efi_install_configuration_table_ext	16	static
efi_boottime.c:1510:14:efi_setup_loaded_image	64	static
efi_boottime.c:1574:14:efi_load_image_from_path	80	static
efi_boottime.c:1632:28:efi_load_image	96	static
efi_boottime.c:3154:14:efi_initialize_system_table	32	static
