efi_console.c:413:28:efi_cout_enable_cursor	32	static
efi_console.c:382:28:efi_cout_set_cursor_position	64	static
efi_console.c:356:28:efi_cout_clear_screen	16	static
efi_console.c:338:28:efi_cout_set_attribute	32	static
efi_console.c:172:28:efi_cout_test_string	16	static
efi_console.c:368:28:efi_cout_reset	32	static
efi_console.c:812:28:efi_cin_set_state	16	static
efi_console.c:110:28:efi_cout_output_string	64	static
efi_console.c:893:28:efi_cin_unregister_key_notify	32	static
efi_console.c:715:13:efi_cin_empty_buffer	16	static
efi_console.c:937:28:efi_cin_reset	32	static
efi_console.c:736:28:efi_cin_reset_ex	32	static
efi_console.c:842:28:efi_cin_register_key_notify	48	static
efi_console.c:306:28:efi_cout_set_mode	32	static
efi_console.c:285:28:efi_cout_query_mode	48	static
efi_console.c:460:6:set_shift_mask	0	static
efi_console.c:486:12:analyze_modifiers.constprop	48	static
efi_console.c:688:13:efi_cin_check	64	static
efi_console.c:969:28:efi_cin_read_key_stroke	32	static
efi_console.c:1023:20:efi_console_timer_notify	16	static
efi_console.c:768:28:efi_cin_read_key_stroke_ex	32	static
efi_console.c:1037:20:efi_key_notify	16	static
efi_console.c:1051:14:efi_console_register	64	static
