net.c:361:13:net_clear_handlers	0	static
net.c:682:13:start_again_timeout_handler	0	static
net.c:746:13:dummy_handler	0	static
net.c:219:12:on_ipaddr	16	static
net.c:231:12:on_gatewayip	16	static
net.c:243:12:on_netmask	16	static
net.c:255:12:on_serverip	16	static
net.c:353:13:net_init_loop.part.0	16	static
net.c:373:6:net_init	32	static
net.c:687:5:net_start_again	32	static
net.c:752:11:net_get_udp_handler	0	static
net.c:757:6:net_set_udp_handler	0	static
net.c:766:11:net_get_arp_handler	0	static
net.c:771:6:net_set_arp_handler	0	static
net.c:781:6:net_set_icmp_handler	0	static
net.c:787:6:net_set_timeout_handler	32	static
net.c:802:8:net_get_async_tx_pkt_buf	16	static
net.c:1075:6:net_process_received_packet	80	static
net.c:1421:1:net_eth_hdr_size	0	static
net.c:1433:5:net_set_ether	48	static
net.c:1458:5:net_update_ether	32	static
net.c:1481:6:net_set_ip_header	48	static
net.c:1506:6:net_set_udp_header	48	static
net.c:817:5:net_send_ip_packet	96	static
net.c:810:5:net_send_udp_packet	32	static
net.c:1528:6:copy_filename	0	static
net.c:1540:5:is_serverip_in_cmd	16	static
net.c:1333:12:net_check_prereq	16	static
net.c:309:6:net_auto_load	32	static
net.c:404:5:net_loop	112	static
net.c:1545:5:net_parse_bootfile	64	static
net.c:1573:14:random_port	16	static
net.c:1579:6:ip_to_string	0	static
net.c:1590:6:vlan_to_string	0	static
net.c:1603:8:string_to_vlan	16	static
net.c:267:12:on_nvlan	16	static
net.c:279:12:on_vlan	16	static
net.c:1618:8:env_get_vlan	16	static
