device.c:627:24:_device_find_global_by_ofnode	48	static
device.c:33:12:device_bind_common.isra.0	112	static
device.c:264:14:alloc_priv	32	static
device.c:219:5:device_bind_with_driver_data	0	static
device.c:228:5:device_bind	0	static
device.c:236:5:device_bind_ofnode	0	static
device.c:244:5:device_bind_by_name	48	static
device.c:308:5:device_probe	48	static
device.c:447:7:dev_get_platdata	16	static
device.c:457:7:dev_get_parent_platdata	16	static
device.c:467:7:dev_get_uclass_platdata	16	static
device.c:477:7:dev_get_priv	16	static
device.c:487:7:dev_get_uclass_priv	16	static
device.c:497:7:dev_get_parent_priv	16	static
device.c:549:5:device_get_child	32	static
device.c:561:5:device_find_child_by_seq	0	static
device.c:581:5:device_get_child_by_seq	48	static
device.c:599:5:device_find_child_by_of_offset	0	static
device.c:616:5:device_get_child_by_of_offset	48	static
device.c:644:5:device_find_global_by_ofnode	16	static
device.c:651:5:device_get_global_by_ofnode	32	static
device.c:659:5:device_find_first_child	0	static
device.c:671:5:device_find_next_child	0	static
device.c:686:5:device_find_first_inactive_child	0	static
device.c:704:5:device_find_first_child_by_uclass	0	static
device.c:721:5:device_find_child_by_name	48	static
device.c:738:17:dev_get_parent	0	static
device.c:743:7:dev_get_driver_data	0	static
device.c:748:13:dev_get_driver_ops	0	static
device.c:756:16:device_get_uclass_id	0	static
device.c:761:13:dev_get_uclass_name	0	static
device.c:769:6:device_has_children	0	static
device.c:774:6:device_has_active_children	32	static
device.c:788:6:device_is_last_sibling	0	static
device.c:797:6:device_set_name_alloced	0	static
device.c:802:5:device_set_name	32	static
device.c:813:6:device_is_compatible	16	static
device.c:818:6:of_machine_is_compatible	16	static
device.c:825:5:dev_disable_by_path	16	static
device.c:855:5:dev_enable_by_path	16	static
